2026-09-26 15:03:10.549 UTC INF workflow/server.go:2360 Migration ID for workflow wf_dst2: 888698732688368292
2026-09-26 15:03:10.557 UTC INF topo/locks.go:167 Locking named dst2/wf_dst2 for action WorkflowSwitchTraffic with options: {lockType:2 ttl:0}
2026-09-26 15:03:10.582 UTC INF topotools/keyspace.go:45 RefreshTabletsByShard called on shard dst2/80-
2026-09-26 15:03:10.582 UTC INF topotools/keyspace.go:45 RefreshTabletsByShard called on shard src/0
2026-09-26 15:03:10.588 UTC INF topotools/keyspace.go:89 Calling RefreshState on tablet zone1-0000000100 with a timeout of 29.99325595s
2026-09-26 15:03:10.588 UTC INF topotools/keyspace.go:89 Calling RefreshState on tablet zone1-0000000102 with a timeout of 29.993165407s
2026-09-26 15:03:10.592 UTC INF topotools/keyspace.go:45 RefreshTabletsByShard called on shard dst2/-80
2026-09-26 15:03:10.597 UTC INF topotools/keyspace.go:89 Calling RefreshState on tablet zone1-0000000101 with a timeout of 29.984990733s
2026-09-26 15:03:10.603 UTC INF workflow/server.go:2984 Switching reads: dst2.wf_dst2 tablet types: replica,rdonly, cells: , workflow state: Reads Not Switched. Writes Not Switched
2026-09-26 15:03:10.607 UTC INF topo/locks.go:167 Locking keyspace src for action SwitchReads with options: {lockType:0 ttl:30000000000}
2026-09-26 15:03:10.615 UTC INF topo/locks.go:167 Locking keyspace dst2 for action SwitchReads with options: {lockType:0 ttl:30000000000}
2026-09-26 15:03:10.629 UTC INF workflow/traffic_switcher.go:662 switchTableReads: workflow: wf_dst2, direction: forward, cells: [], tablet types: [REPLICA RDONLY]
2026-09-26 15:03:10.631 UTC INF topotools/routing_rules.go:59 Saving routing rules map[dst2.sbtest1:[src.sbtest1] dst2.sbtest1@rdonly:[dst2.sbtest1] dst2.sbtest1@replica:[dst2.sbtest1] dst2.sbtest2:[src.sbtest2] dst2.sbtest2@rdonly:[dst2.sbtest2] dst2.sbtest2@replica:[dst2.sbtest2] sbtest1:[src.sbtest1] sbtest1@rdonly:[dst2.sbtest1] sbtest1@replica:[dst2.sbtest1] sbtest2:[src.sbtest2] sbtest2@rdonly:[dst2.sbtest2] sbtest2@replica:[dst2.sbtest2] src.sbtest1@rdonly:[dst2.sbtest1] src.sbtest1@replica:[dst2.sbtest1] src.sbtest2@rdonly:[dst2.sbtest2] src.sbtest2@replica:[dst2.sbtest2]]

2026-09-26 15:03:10.635 UTC INF topo/locks.go:219 Unlocking keyspace dst2 for successful action SwitchReads
2026-09-26 15:03:10.642 UTC INF topo/locks.go:219 Unlocking keyspace src for successful action SwitchReads
2026-09-26 15:03:10.666 UTC INF workflow/server.go:2901 Switch Reads done for workflow dst2.wf_dst2
2026-09-26 15:03:10.723 UTC INF topo/locks.go:167 Locking keyspace src for action SwitchWrites with options: {lockType:0 ttl:120000000000}
2026-09-26 15:03:10.731 UTC INF topo/locks.go:167 Locking keyspace dst2 for action SwitchWrites with options: {lockType:0 ttl:120000000000}
2026-09-26 15:03:10.739 UTC INF workflow/server.go:3264 No previous journals were found. Proceeding normally.
2026-09-26 15:03:10.739 UTC INF workflow/server.go:3283 Stopping source writes
2026-09-26 15:03:10.741 UTC INF syslogger/syslogger.go:133 dst2/80- [shard] updated value: primary_alias:{cell:"zone1" uid:102} primary_term_start_time:{seconds:1790434319 nanoseconds:44186274} key_range:{start:"\x80"} is_primary_serving:true
2026-09-26 15:03:10.741 UTC INF syslogger/syslogger.go:133 dst2/-80 [shard] updated value: primary_alias:{cell:"zone1" uid:101} primary_term_start_time:{seconds:1790434318 nanoseconds:808880737} key_range:{end:"\x80"} is_primary_serving:true
2026-09-26 15:03:10.741 UTC INF topotools/keyspace.go:45 RefreshTabletsByShard called on shard dst2/-80
2026-09-26 15:03:10.741 UTC INF topotools/keyspace.go:45 RefreshTabletsByShard called on shard dst2/80-
2026-09-26 15:03:10.742 UTC INF syslogger/syslogger.go:133 src/0 [shard] updated value: primary_alias:{cell:"zone1" uid:100} primary_term_start_time:{seconds:1790434318 nanoseconds:555166856} tablet_controls:{tablet_type:PRIMARY denied_tables:"sbtest1" denied_tables:"sbtest2"} is_primary_serving:true
2026-09-26 15:03:10.742 UTC INF topotools/keyspace.go:45 RefreshTabletsByShard called on shard src/0
2026-09-26 15:03:10.745 UTC INF topotools/keyspace.go:89 Calling RefreshState on tablet zone1-0000000101 with a timeout of 29.995812893s
2026-09-26 15:03:10.746 UTC INF topotools/keyspace.go:89 Calling RefreshState on tablet zone1-0000000100 with a timeout of 29.995093019s
2026-09-26 15:03:10.747 UTC INF topotools/keyspace.go:89 Calling RefreshState on tablet zone1-0000000102 with a timeout of 29.994110336s
2026-09-26 15:03:10.771 UTC INF workflow/server.go:3291 Stopping streams
2026-09-26 15:03:10.771 UTC INF workflow/server.go:3312 Executing LOCK TABLES on source tables 2 times
2026-09-26 15:03:10.771 UTC INF workflow/traffic_switcher.go:1473 Locking (and then immediately unlocking) the following tables on source keyspace src: [sbtest1 sbtest2]
2026-09-26 15:03:10.883 UTC INF workflow/traffic_switcher.go:1473 Locking (and then immediately unlocking) the following tables on source keyspace src: [sbtest1 sbtest2]
2026-09-26 15:03:10.992 UTC INF workflow/traffic_switcher.go:1537 Position on migration source zone1-0000000100 after having stopped writes: MySQL56/cea9456f-b9b9-11f1-9103-02fc00000001:1-37474
2026-09-26 15:03:10.993 UTC INF workflow/server.go:3337 Waiting for streams to catchup
2026-09-26 15:03:10.993 UTC INF workflow/traffic_switcher.go:1044 Before Catchup: uid: 13, target primary zone1-0000000101, target position , shard primary_alias:{cell:"zone1" uid:101} primary_term_start_time:{seconds:1790434318 nanoseconds:808880737} key_range:{end:"\x80"} tablet_controls:{tablet_type:PRIMARY denied_tables:"sbtest1" denied_tables:"sbtest2"} is_primary_serving:true
2026-09-26 15:03:10.993 UTC INF workflow/traffic_switcher.go:1048 Before Catchup: waiting for keyspace:shard: dst2:-80 to reach source position MySQL56/cea9456f-b9b9-11f1-9103-02fc00000001:1-37474, uid 13
2026-09-26 15:03:10.993 UTC INF workflow/traffic_switcher.go:1044 Before Catchup: uid: 13, target primary zone1-0000000102, target position , shard primary_alias:{cell:"zone1" uid:102} primary_term_start_time:{seconds:1790434319 nanoseconds:44186274} key_range:{start:"\x80"} tablet_controls:{tablet_type:PRIMARY denied_tables:"sbtest1" denied_tables:"sbtest2"} is_primary_serving:true
2026-09-26 15:03:10.993 UTC INF workflow/traffic_switcher.go:1048 Before Catchup: waiting for keyspace:shard: dst2:80- to reach source position MySQL56/cea9456f-b9b9-11f1-9103-02fc00000001:1-37474, uid 13
2026-09-26 15:03:10.996 UTC INF workflow/traffic_switcher.go:1053 After catchup: target keyspace:shard: dst2:-80, source position MySQL56/cea9456f-b9b9-11f1-9103-02fc00000001:1-37474, uid 13
2026-09-26 15:03:10.996 UTC INF workflow/traffic_switcher.go:1055 After catchup: position for keyspace:shard: dst2:-80 reached, uid 13
2026-09-26 15:03:11.096 UTC INF workflow/traffic_switcher.go:1053 After catchup: target keyspace:shard: dst2:80-, source position MySQL56/cea9456f-b9b9-11f1-9103-02fc00000001:1-37474, uid 13
2026-09-26 15:03:11.096 UTC INF workflow/traffic_switcher.go:1055 After catchup: position for keyspace:shard: dst2:80- reached, uid 13
2026-09-26 15:03:11.103 UTC INF workflow/traffic_switcher.go:1069 After catchup, position for target primary zone1-0000000102, MySQL56/cead245f-b9b9-11f1-a737-02fc00000001:1-17324
2026-09-26 15:03:11.103 UTC INF workflow/traffic_switcher.go:1069 After catchup, position for target primary zone1-0000000101, MySQL56/ceaa057f-b9b9-11f1-a22f-02fc00000001:1-17743
2026-09-26 15:03:11.104 UTC INF workflow/server.go:3348 Migrating streams
2026-09-26 15:03:11.105 UTC INF workflow/server.go:3359 Resetting sequences
2026-09-26 15:03:11.106 UTC INF workflow/server.go:3370 Creating reverse streams
2026-09-26 15:03:11.111 UTC INF grpctmclient/client.go:1339 VDiff for tablet cell:"zone1" uid:100, request keyspace:"src" workflow:"wf_dst2_reverse" action:"delete" action_arg:"all"
2026-09-26 15:03:11.114 UTC INF workflow/traffic_switcher.go:977 Creating reverse workflow vreplication stream on tablet cell:"zone1" uid:100: workflow wf_dst2_reverse, startPos MySQL56/ceaa057f-b9b9-11f1-a22f-02fc00000001:1-17743
2026-09-26 15:03:11.114 UTC INF workflow/traffic_switcher.go:977 Creating reverse workflow vreplication stream on tablet cell:"zone1" uid:100: workflow wf_dst2_reverse, startPos MySQL56/cead245f-b9b9-11f1-a737-02fc00000001:1-17324
2026-09-26 15:03:11.119 UTC INF workflow/traffic_switcher.go:994 Updating vreplication stream entry on cell:"zone1" uid:100 with: update _vt.vreplication set cell = 'zone1', tablet_types = 'replica,primary', options = '{"sharded_auto_increment_handling":1}' where workflow = 'wf_dst2_reverse' and db_name = 'vt_src'
2026-09-26 15:03:11.124 UTC INF workflow/traffic_switcher.go:994 Updating vreplication stream entry on cell:"zone1" uid:100 with: update _vt.vreplication set cell = 'zone1', tablet_types = 'replica,primary', options = '{"sharded_auto_increment_handling":1}' where workflow = 'wf_dst2_reverse' and db_name = 'vt_src'
2026-09-26 15:03:11.133 UTC INF workflow/server.go:3420 Creating journals for workflow dst2.wf_dst2
2026-09-26 15:03:11.133 UTC INF workflow/traffic_switcher.go:712 In createJournals for source workflows []
2026-09-26 15:03:11.133 UTC INF workflow/traffic_switcher.go:748 Creating journal: id:888698732688368292 tables:"sbtest1" tables:"sbtest2" local_position:"MySQL56/cea9456f-b9b9-11f1-9103-02fc00000001:1-37474" shard_gtids:{keyspace:"dst2" shard:"80-" gtid:"MySQL56/cead245f-b9b9-11f1-a737-02fc00000001:1-17324"} shard_gtids:{keyspace:"dst2" shard:"-80" gtid:"MySQL56/ceaa057f-b9b9-11f1-a22f-02fc00000001:1-17743"} participants:{keyspace:"src" shard:"0"}
2026-09-26 15:03:11.138 UTC INF workflow/server.go:3424 Created journals for workflow dst2.wf_dst2
2026-09-26 15:03:11.138 UTC INF workflow/server.go:3426 Allowing writes on target for workflow dst2.wf_dst2
2026-09-26 15:03:11.139 UTC WRN topo/shard.go:517 one or more tables were already present in the denylist:sbtest1,sbtest2
2026-09-26 15:03:11.140 UTC WRN topo/shard.go:444 Trying to remove TabletControl.DeniedTables for missing type PRIMARY in shard dst2/80-
2026-09-26 15:03:11.140 UTC WRN topo/shard.go:444 Trying to remove TabletControl.DeniedTables for missing type PRIMARY in shard dst2/-80
2026-09-26 15:03:11.142 UTC INF syslogger/syslogger.go:133 src/0 [shard] updated value: primary_alias:{cell:"zone1" uid:100} primary_term_start_time:{seconds:1790434318 nanoseconds:555166856} tablet_controls:{tablet_type:PRIMARY denied_tables:"sbtest1" denied_tables:"sbtest2"} is_primary_serving:true
2026-09-26 15:03:11.142 UTC INF topotools/keyspace.go:45 RefreshTabletsByShard called on shard src/0
2026-09-26 15:03:11.145 UTC INF syslogger/syslogger.go:133 dst2/80- [shard] updated value: primary_alias:{cell:"zone1" uid:102} primary_term_start_time:{seconds:1790434319 nanoseconds:44186274} key_range:{start:"\x80"} is_primary_serving:true
2026-09-26 15:03:11.145 UTC INF topotools/keyspace.go:45 RefreshTabletsByShard called on shard dst2/80-
2026-09-26 15:03:11.145 UTC INF syslogger/syslogger.go:133 dst2/-80 [shard] updated value: primary_alias:{cell:"zone1" uid:101} primary_term_start_time:{seconds:1790434318 nanoseconds:808880737} key_range:{end:"\x80"} is_primary_serving:true
2026-09-26 15:03:11.145 UTC INF topotools/keyspace.go:45 RefreshTabletsByShard called on shard dst2/-80
2026-09-26 15:03:11.148 UTC INF topotools/keyspace.go:89 Calling RefreshState on tablet zone1-0000000100 with a timeout of 29.984983816s
2026-09-26 15:03:11.148 UTC INF topotools/keyspace.go:89 Calling RefreshState on tablet zone1-0000000102 with a timeout of 29.984691389s
2026-09-26 15:03:11.150 UTC INF topotools/keyspace.go:89 Calling RefreshState on tablet zone1-0000000101 with a timeout of 29.982322736s
2026-09-26 15:03:11.154 UTC INF workflow/server.go:3430 Allowed writes on target for workflow dst2.wf_dst2
2026-09-26 15:03:11.154 UTC INF workflow/server.go:3432 Updating routing rules for workflow dst2.wf_dst2
2026-09-26 15:03:11.154 UTC INF workflow/traffic_switcher.go:812 Deleted routing: dst2.sbtest1
2026-09-26 15:03:11.154 UTC INF workflow/traffic_switcher.go:815 Added routing: sbtest1 src.sbtest1
2026-09-26 15:03:11.154 UTC INF workflow/traffic_switcher.go:812 Deleted routing: dst2.sbtest2
2026-09-26 15:03:11.154 UTC INF workflow/traffic_switcher.go:815 Added routing: sbtest2 src.sbtest2
2026-09-26 15:03:11.154 UTC INF topotools/routing_rules.go:59 Saving routing rules map[dst2.sbtest1@rdonly:[dst2.sbtest1] dst2.sbtest1@replica:[dst2.sbtest1] dst2.sbtest2@rdonly:[dst2.sbtest2] dst2.sbtest2@replica:[dst2.sbtest2] sbtest1:[dst2.sbtest1] sbtest1@rdonly:[dst2.sbtest1] sbtest1@replica:[dst2.sbtest1] sbtest2:[dst2.sbtest2] sbtest2@rdonly:[dst2.sbtest2] sbtest2@replica:[dst2.sbtest2] src.sbtest1:[dst2.sbtest1] src.sbtest1@rdonly:[dst2.sbtest1] src.sbtest1@replica:[dst2.sbtest1] src.sbtest2:[dst2.sbtest2] src.sbtest2@rdonly:[dst2.sbtest2] src.sbtest2@replica:[dst2.sbtest2]]

2026-09-26 15:03:11.160 UTC INF workflow/server.go:3436 Updated routing rules for workflow dst2.wf_dst2
2026-09-26 15:03:11.160 UTC INF workflow/server.go:3438 Finalizing stream migrations for workflow dst2.wf_dst2
2026-09-26 15:03:11.160 UTC INF workflow/server.go:3442 Finalized stream migrations for workflow dst2.wf_dst2
2026-09-26 15:03:11.160 UTC INF workflow/server.go:3445 Starting reverse workflow wf_dst2_reverse on keyspace src
2026-09-26 15:03:11.175 UTC INF workflow/server.go:3449 Started reverse workflow wf_dst2_reverse on keyspace src
2026-09-26 15:03:11.175 UTC INF workflow/server.go:3455 Marking workflow frozen dst2.wf_dst2
2026-09-26 15:03:11.175 UTC INF workflow/traffic_switcher.go:1222 Marking target streams frozen for workflow wf_dst2 db_name vt_dst2
2026-09-26 15:03:11.176 UTC INF workflow/traffic_switcher.go:1222 Marking target streams frozen for workflow wf_dst2 db_name vt_dst2
2026-09-26 15:03:11.184 UTC INF workflow/server.go:3459 Marked workflow frozen dst2.wf_dst2
2026-09-26 15:03:11.184 UTC INF workflow/server.go:3461 Switch writes completed for workflow dst2.wf_dst2
2026-09-26 15:03:11.184 UTC INF topo/locks.go:219 Unlocking keyspace dst2 for successful action SwitchWrites
2026-09-26 15:03:11.188 UTC INF topo/locks.go:219 Unlocking keyspace src for successful action SwitchWrites
2026-09-26 15:03:11.191 UTC INF workflow/server.go:2911 Switch Writes done for workflow dst2.wf_dst2
2026-09-26 15:03:11.191 UTC INF workflow/server.go:2926 SwitchTraffic done for workflow dst2.wf_dst2
2026-09-26 15:03:11.191 UTC INF workflow/server.go:2933 SwitchTraffic done for workflow dst2.wf_dst2
2026-09-26 15:03:11.191 UTC INF workflow/server.go:2938 Before reloading workflow state after switching traffic: Reads Not Switched. Writes Not Switched

2026-09-26 15:03:11.205 UTC INF workflow/server.go:2360 Migration ID for workflow wf_dst2: 888698732688368292
2026-09-26 15:03:11.254 UTC INF workflow/server.go:2954 SwitchTraffic done for workflow dst2.wf_dst2, returning response summary:"SwitchTraffic was successful for workflow dst2.wf_dst2" start_state:"Reads Not Switched. Writes Not Switched" current_state:"All Reads Switched. Writes Switched"
2026-09-26 15:03:11.254 UTC INF topo/locks.go:219 Unlocking named dst2/wf_dst2 for successful action WorkflowSwitchTraffic
