2026-09-26 15:08:29.768 UTC INF workflow/server.go:2360 Migration ID for workflow wf_dst2: 2237468975948595240
2026-09-26 15:08:29.775 UTC INF topo/locks.go:167 Locking named dst2/wf_dst2 for action WorkflowSwitchTraffic with options: {lockType:2 ttl:0}
2026-09-26 15:08:29.803 UTC INF topotools/keyspace.go:45 RefreshTabletsByShard called on shard dst2/-80
2026-09-26 15:08:29.803 UTC INF topotools/keyspace.go:45 RefreshTabletsByShard called on shard src/0
2026-09-26 15:08:29.809 UTC INF topotools/keyspace.go:89 Calling RefreshState on tablet zone1-0000000100 with a timeout of 29.994218274s
2026-09-26 15:08:29.810 UTC INF topotools/keyspace.go:89 Calling RefreshState on tablet zone1-0000000101 with a timeout of 29.993470944s
2026-09-26 15:08:29.821 UTC INF topotools/keyspace.go:45 RefreshTabletsByShard called on shard dst2/80-
2026-09-26 15:08:29.826 UTC INF topotools/keyspace.go:89 Calling RefreshState on tablet zone1-0000000102 with a timeout of 29.97744113s
2026-09-26 15:08:29.830 UTC INF workflow/server.go:2984 Switching reads: dst2.wf_dst2 tablet types: replica,rdonly, cells: , workflow state: Reads Not Switched. Writes Not Switched
2026-09-26 15:08:29.837 UTC INF topo/locks.go:167 Locking keyspace src for action SwitchReads with options: {lockType:0 ttl:30000000000}
2026-09-26 15:08:29.841 UTC INF topo/locks.go:167 Locking keyspace dst2 for action SwitchReads with options: {lockType:0 ttl:30000000000}
2026-09-26 15:08:29.844 UTC INF workflow/traffic_switcher.go:662 switchTableReads: workflow: wf_dst2, direction: forward, cells: [], tablet types: [REPLICA RDONLY]
2026-09-26 15:08:29.845 UTC INF topotools/routing_rules.go:59 Saving routing rules map[dst2.sbtest1:[src.sbtest1] dst2.sbtest1@rdonly:[dst2.sbtest1] dst2.sbtest1@replica:[dst2.sbtest1] dst2.sbtest2:[src.sbtest2] dst2.sbtest2@rdonly:[dst2.sbtest2] dst2.sbtest2@replica:[dst2.sbtest2] sbtest1:[src.sbtest1] sbtest1@rdonly:[dst2.sbtest1] sbtest1@replica:[dst2.sbtest1] sbtest2:[src.sbtest2] sbtest2@rdonly:[dst2.sbtest2] sbtest2@replica:[dst2.sbtest2] src.sbtest1@rdonly:[dst2.sbtest1] src.sbtest1@replica:[dst2.sbtest1] src.sbtest2@rdonly:[dst2.sbtest2] src.sbtest2@replica:[dst2.sbtest2]]

2026-09-26 15:08:29.848 UTC INF topo/locks.go:219 Unlocking keyspace dst2 for successful action SwitchReads
2026-09-26 15:08:29.850 UTC INF topo/locks.go:219 Unlocking keyspace src for successful action SwitchReads
2026-09-26 15:08:29.852 UTC INF workflow/server.go:2901 Switch Reads done for workflow dst2.wf_dst2
2026-09-26 15:08:29.871 UTC INF topo/locks.go:167 Locking keyspace src for action SwitchWrites with options: {lockType:0 ttl:120000000000}
2026-09-26 15:08:29.876 UTC INF topo/locks.go:167 Locking keyspace dst2 for action SwitchWrites with options: {lockType:0 ttl:120000000000}
2026-09-26 15:08:29.891 UTC INF workflow/server.go:3264 No previous journals were found. Proceeding normally.
2026-09-26 15:08:29.891 UTC INF workflow/server.go:3283 Stopping source writes
2026-09-26 15:08:29.895 UTC INF syslogger/syslogger.go:133 src/0 [shard] updated value: primary_alias:{cell:"zone1" uid:100} primary_term_start_time:{seconds:1790434318 nanoseconds:555166856} tablet_controls:{tablet_type:PRIMARY denied_tables:"sbtest1" denied_tables:"sbtest2"} is_primary_serving:true
2026-09-26 15:08:29.895 UTC INF topotools/keyspace.go:45 RefreshTabletsByShard called on shard src/0
2026-09-26 15:08:29.896 UTC INF syslogger/syslogger.go:133 dst2/80- [shard] updated value: primary_alias:{cell:"zone1" uid:102} primary_term_start_time:{seconds:1790434319 nanoseconds:44186274} key_range:{start:"\x80"} is_primary_serving:true
2026-09-26 15:08:29.896 UTC INF topotools/keyspace.go:45 RefreshTabletsByShard called on shard dst2/80-
2026-09-26 15:08:29.896 UTC INF syslogger/syslogger.go:133 dst2/-80 [shard] updated value: primary_alias:{cell:"zone1" uid:101} primary_term_start_time:{seconds:1790434318 nanoseconds:808880737} key_range:{end:"\x80"} is_primary_serving:true
2026-09-26 15:08:29.896 UTC INF topotools/keyspace.go:45 RefreshTabletsByShard called on shard dst2/-80
2026-09-26 15:08:29.902 UTC INF topotools/keyspace.go:89 Calling RefreshState on tablet zone1-0000000100 with a timeout of 29.993215459s
2026-09-26 15:08:29.903 UTC INF topotools/keyspace.go:89 Calling RefreshState on tablet zone1-0000000101 with a timeout of 29.992814478s
2026-09-26 15:08:29.903 UTC INF topotools/keyspace.go:89 Calling RefreshState on tablet zone1-0000000102 with a timeout of 29.992651162s
2026-09-26 15:08:29.912 UTC INF workflow/server.go:3291 Stopping streams
2026-09-26 15:08:29.912 UTC INF workflow/server.go:3312 Executing LOCK TABLES on source tables 2 times
2026-09-26 15:08:29.912 UTC INF workflow/traffic_switcher.go:1473 Locking (and then immediately unlocking) the following tables on source keyspace src: [sbtest1 sbtest2]
2026-09-26 15:08:30.019 UTC INF workflow/traffic_switcher.go:1473 Locking (and then immediately unlocking) the following tables on source keyspace src: [sbtest1 sbtest2]
2026-09-26 15:08:30.129 UTC INF workflow/traffic_switcher.go:1537 Position on migration source zone1-0000000100 after having stopped writes: MySQL56/cea9456f-b9b9-11f1-9103-02fc00000001:1-91491
2026-09-26 15:08:30.130 UTC INF workflow/server.go:3337 Waiting for streams to catchup
2026-09-26 15:08:30.130 UTC INF workflow/traffic_switcher.go:1044 Before Catchup: uid: 29, target primary zone1-0000000102, target position , shard primary_alias:{cell:"zone1" uid:102} primary_term_start_time:{seconds:1790434319 nanoseconds:44186274} key_range:{start:"\x80"} tablet_controls:{tablet_type:PRIMARY denied_tables:"sbtest1" denied_tables:"sbtest2"} is_primary_serving:true
2026-09-26 15:08:30.130 UTC INF workflow/traffic_switcher.go:1048 Before Catchup: waiting for keyspace:shard: dst2:80- to reach source position MySQL56/cea9456f-b9b9-11f1-9103-02fc00000001:1-91491, uid 29
2026-09-26 15:08:30.130 UTC INF workflow/traffic_switcher.go:1044 Before Catchup: uid: 29, target primary zone1-0000000101, target position , shard primary_alias:{cell:"zone1" uid:101} primary_term_start_time:{seconds:1790434318 nanoseconds:808880737} key_range:{end:"\x80"} tablet_controls:{tablet_type:PRIMARY denied_tables:"sbtest1" denied_tables:"sbtest2"} is_primary_serving:true
2026-09-26 15:08:30.130 UTC INF workflow/traffic_switcher.go:1048 Before Catchup: waiting for keyspace:shard: dst2:-80 to reach source position MySQL56/cea9456f-b9b9-11f1-9103-02fc00000001:1-91491, uid 29
2026-09-26 15:08:30.133 UTC INF workflow/traffic_switcher.go:1053 After catchup: target keyspace:shard: dst2:-80, source position MySQL56/cea9456f-b9b9-11f1-9103-02fc00000001:1-91491, uid 29
2026-09-26 15:08:30.133 UTC INF workflow/traffic_switcher.go:1055 After catchup: position for keyspace:shard: dst2:-80 reached, uid 29
2026-09-26 15:08:30.133 UTC INF workflow/traffic_switcher.go:1053 After catchup: target keyspace:shard: dst2:80-, source position MySQL56/cea9456f-b9b9-11f1-9103-02fc00000001:1-91491, uid 29
2026-09-26 15:08:30.133 UTC INF workflow/traffic_switcher.go:1055 After catchup: position for keyspace:shard: dst2:80- reached, uid 29
2026-09-26 15:08:30.140 UTC INF workflow/traffic_switcher.go:1069 After catchup, position for target primary zone1-0000000101, MySQL56/ceaa057f-b9b9-11f1-a22f-02fc00000001:1-44637
2026-09-26 15:08:30.140 UTC INF workflow/traffic_switcher.go:1069 After catchup, position for target primary zone1-0000000102, MySQL56/cead245f-b9b9-11f1-a737-02fc00000001:1-43647
2026-09-26 15:08:30.141 UTC INF workflow/server.go:3348 Migrating streams
2026-09-26 15:08:30.141 UTC INF workflow/server.go:3359 Resetting sequences
2026-09-26 15:08:30.142 UTC INF workflow/server.go:3370 Creating reverse streams
2026-09-26 15:08:30.146 UTC INF grpctmclient/client.go:1339 VDiff for tablet cell:"zone1" uid:100, request keyspace:"src" workflow:"wf_dst2_reverse" action:"delete" action_arg:"all"
2026-09-26 15:08:30.148 UTC INF workflow/traffic_switcher.go:977 Creating reverse workflow vreplication stream on tablet cell:"zone1" uid:100: workflow wf_dst2_reverse, startPos MySQL56/cead245f-b9b9-11f1-a737-02fc00000001:1-43647
2026-09-26 15:08:30.149 UTC INF workflow/traffic_switcher.go:977 Creating reverse workflow vreplication stream on tablet cell:"zone1" uid:100: workflow wf_dst2_reverse, startPos MySQL56/ceaa057f-b9b9-11f1-a22f-02fc00000001:1-44637
2026-09-26 15:08:30.154 UTC INF workflow/traffic_switcher.go:994 Updating vreplication stream entry on cell:"zone1" uid:100 with: update _vt.vreplication set cell = 'zone1', tablet_types = 'replica,primary', options = '{"sharded_auto_increment_handling":1}' where workflow = 'wf_dst2_reverse' and db_name = 'vt_src'
2026-09-26 15:08:30.158 UTC INF workflow/traffic_switcher.go:994 Updating vreplication stream entry on cell:"zone1" uid:100 with: update _vt.vreplication set cell = 'zone1', tablet_types = 'replica,primary', options = '{"sharded_auto_increment_handling":1}' where workflow = 'wf_dst2_reverse' and db_name = 'vt_src'
2026-09-26 15:08:30.168 UTC INF workflow/server.go:3420 Creating journals for workflow dst2.wf_dst2
2026-09-26 15:08:30.168 UTC INF workflow/traffic_switcher.go:712 In createJournals for source workflows []
2026-09-26 15:08:30.168 UTC INF workflow/traffic_switcher.go:748 Creating journal: id:2237468975948595240 tables:"sbtest1" tables:"sbtest2" local_position:"MySQL56/cea9456f-b9b9-11f1-9103-02fc00000001:1-91491" shard_gtids:{keyspace:"dst2" shard:"-80" gtid:"MySQL56/ceaa057f-b9b9-11f1-a22f-02fc00000001:1-44637"} shard_gtids:{keyspace:"dst2" shard:"80-" gtid:"MySQL56/cead245f-b9b9-11f1-a737-02fc00000001:1-43647"} participants:{keyspace:"src" shard:"0"}
2026-09-26 15:08:30.171 UTC INF workflow/server.go:3424 Created journals for workflow dst2.wf_dst2
2026-09-26 15:08:30.171 UTC INF workflow/server.go:3426 Allowing writes on target for workflow dst2.wf_dst2
2026-09-26 15:08:30.172 UTC WRN topo/shard.go:444 Trying to remove TabletControl.DeniedTables for missing type PRIMARY in shard dst2/-80
2026-09-26 15:08:30.172 UTC WRN topo/shard.go:444 Trying to remove TabletControl.DeniedTables for missing type PRIMARY in shard dst2/80-
2026-09-26 15:08:30.173 UTC WRN topo/shard.go:517 one or more tables were already present in the denylist:sbtest1,sbtest2
2026-09-26 15:08:30.173 UTC INF syslogger/syslogger.go:133 dst2/-80 [shard] updated value: primary_alias:{cell:"zone1" uid:101} primary_term_start_time:{seconds:1790434318 nanoseconds:808880737} key_range:{end:"\x80"} is_primary_serving:true
2026-09-26 15:08:30.173 UTC INF topotools/keyspace.go:45 RefreshTabletsByShard called on shard dst2/-80
2026-09-26 15:08:30.174 UTC INF syslogger/syslogger.go:133 dst2/80- [shard] updated value: primary_alias:{cell:"zone1" uid:102} primary_term_start_time:{seconds:1790434319 nanoseconds:44186274} key_range:{start:"\x80"} is_primary_serving:true
2026-09-26 15:08:30.174 UTC INF topotools/keyspace.go:45 RefreshTabletsByShard called on shard dst2/80-
2026-09-26 15:08:30.174 UTC INF syslogger/syslogger.go:133 src/0 [shard] updated value: primary_alias:{cell:"zone1" uid:100} primary_term_start_time:{seconds:1790434318 nanoseconds:555166856} tablet_controls:{tablet_type:PRIMARY denied_tables:"sbtest1" denied_tables:"sbtest2"} is_primary_serving:true
2026-09-26 15:08:30.174 UTC INF topotools/keyspace.go:45 RefreshTabletsByShard called on shard src/0
2026-09-26 15:08:30.177 UTC INF topotools/keyspace.go:89 Calling RefreshState on tablet zone1-0000000101 with a timeout of 29.990377383s
2026-09-26 15:08:30.178 UTC INF topotools/keyspace.go:89 Calling RefreshState on tablet zone1-0000000102 with a timeout of 29.989926706s
2026-09-26 15:08:30.178 UTC INF topotools/keyspace.go:89 Calling RefreshState on tablet zone1-0000000100 with a timeout of 29.989565083s
2026-09-26 15:08:30.184 UTC INF workflow/server.go:3430 Allowed writes on target for workflow dst2.wf_dst2
2026-09-26 15:08:30.184 UTC INF workflow/server.go:3432 Updating routing rules for workflow dst2.wf_dst2
2026-09-26 15:08:30.184 UTC INF workflow/traffic_switcher.go:812 Deleted routing: dst2.sbtest1
2026-09-26 15:08:30.184 UTC INF workflow/traffic_switcher.go:815 Added routing: sbtest1 src.sbtest1
2026-09-26 15:08:30.184 UTC INF workflow/traffic_switcher.go:812 Deleted routing: dst2.sbtest2
2026-09-26 15:08:30.184 UTC INF workflow/traffic_switcher.go:815 Added routing: sbtest2 src.sbtest2
2026-09-26 15:08:30.184 UTC INF topotools/routing_rules.go:59 Saving routing rules map[dst2.sbtest1@rdonly:[dst2.sbtest1] dst2.sbtest1@replica:[dst2.sbtest1] dst2.sbtest2@rdonly:[dst2.sbtest2] dst2.sbtest2@replica:[dst2.sbtest2] sbtest1:[dst2.sbtest1] sbtest1@rdonly:[dst2.sbtest1] sbtest1@replica:[dst2.sbtest1] sbtest2:[dst2.sbtest2] sbtest2@rdonly:[dst2.sbtest2] sbtest2@replica:[dst2.sbtest2] src.sbtest1:[dst2.sbtest1] src.sbtest1@rdonly:[dst2.sbtest1] src.sbtest1@replica:[dst2.sbtest1] src.sbtest2:[dst2.sbtest2] src.sbtest2@rdonly:[dst2.sbtest2] src.sbtest2@replica:[dst2.sbtest2]]

2026-09-26 15:08:30.189 UTC INF workflow/server.go:3436 Updated routing rules for workflow dst2.wf_dst2
2026-09-26 15:08:30.189 UTC INF workflow/server.go:3438 Finalizing stream migrations for workflow dst2.wf_dst2
2026-09-26 15:08:30.189 UTC INF workflow/server.go:3442 Finalized stream migrations for workflow dst2.wf_dst2
2026-09-26 15:08:30.189 UTC INF workflow/server.go:3445 Starting reverse workflow wf_dst2_reverse on keyspace src
2026-09-26 15:08:30.197 UTC INF workflow/server.go:3449 Started reverse workflow wf_dst2_reverse on keyspace src
2026-09-26 15:08:30.197 UTC INF workflow/server.go:3455 Marking workflow frozen dst2.wf_dst2
2026-09-26 15:08:30.197 UTC INF workflow/traffic_switcher.go:1222 Marking target streams frozen for workflow wf_dst2 db_name vt_dst2
2026-09-26 15:08:30.197 UTC INF workflow/traffic_switcher.go:1222 Marking target streams frozen for workflow wf_dst2 db_name vt_dst2
2026-09-26 15:08:30.207 UTC INF workflow/server.go:3459 Marked workflow frozen dst2.wf_dst2
2026-09-26 15:08:30.207 UTC INF workflow/server.go:3461 Switch writes completed for workflow dst2.wf_dst2
2026-09-26 15:08:30.207 UTC INF topo/locks.go:219 Unlocking keyspace dst2 for successful action SwitchWrites
2026-09-26 15:08:30.210 UTC INF topo/locks.go:219 Unlocking keyspace src for successful action SwitchWrites
2026-09-26 15:08:30.212 UTC INF workflow/server.go:2911 Switch Writes done for workflow dst2.wf_dst2
2026-09-26 15:08:30.212 UTC INF workflow/server.go:2926 SwitchTraffic done for workflow dst2.wf_dst2
2026-09-26 15:08:30.212 UTC INF workflow/server.go:2933 SwitchTraffic done for workflow dst2.wf_dst2
2026-09-26 15:08:30.212 UTC INF workflow/server.go:2938 Before reloading workflow state after switching traffic: Reads Not Switched. Writes Not Switched

2026-09-26 15:08:30.222 UTC INF workflow/server.go:2360 Migration ID for workflow wf_dst2: 2237468975948595240
2026-09-26 15:08:30.230 UTC INF workflow/server.go:2954 SwitchTraffic done for workflow dst2.wf_dst2, returning response summary:"SwitchTraffic was successful for workflow dst2.wf_dst2" start_state:"Reads Not Switched. Writes Not Switched" current_state:"All Reads Switched. Writes Switched"
2026-09-26 15:08:30.230 UTC INF topo/locks.go:219 Unlocking named dst2/wf_dst2 for successful action WorkflowSwitchTraffic
2026-09-26 15:08:31.488 UTC ERR grpclog/component.go:44 [transport]Client received GoAway with error code ENHANCE_YOUR_CALM and debug data equal to ASCII "too_many_pings".
