2026-09-26 15:16:27.729 UTC INF workflow/server.go:2360 Migration ID for workflow wf_dst2: 1769964970627498108
2026-09-26 15:16:27.738 UTC INF workflow/server.go:2360 Migration ID for workflow wf_dst2_reverse: 2940317121993271878
2026-09-26 15:16:27.746 UTC INF topo/locks.go:167 Locking named src/wf_dst2_reverse for action WorkflowSwitchTraffic with options: {lockType:2 ttl:0}
2026-09-26 15:16:27.756 UTC INF topotools/keyspace.go:45 RefreshTabletsByShard called on shard src/0
2026-09-26 15:16:27.756 UTC INF topotools/keyspace.go:45 RefreshTabletsByShard called on shard dst2/-80
2026-09-26 15:16:27.761 UTC INF topotools/keyspace.go:89 Calling RefreshState on tablet zone1-0000000100 with a timeout of 29.995739372s
2026-09-26 15:16:27.761 UTC INF topotools/keyspace.go:89 Calling RefreshState on tablet zone1-0000000101 with a timeout of 29.995623239s
2026-09-26 15:16:27.765 UTC INF topotools/keyspace.go:45 RefreshTabletsByShard called on shard dst2/80-
2026-09-26 15:16:27.769 UTC INF topotools/keyspace.go:89 Calling RefreshState on tablet zone1-0000000102 with a timeout of 29.987466627s
2026-09-26 15:16:27.772 UTC INF workflow/server.go:2984 Switching reads: src.wf_dst2_reverse tablet types: replica,rdonly, cells: , workflow state: All Reads Switched. Writes Switched
2026-09-26 15:16:27.778 UTC INF topo/locks.go:167 Locking keyspace dst2 for action SwitchReads with options: {lockType:0 ttl:30000000000}
2026-09-26 15:16:27.783 UTC INF topo/locks.go:167 Locking keyspace src for action SwitchReads with options: {lockType:0 ttl:30000000000}
2026-09-26 15:16:27.786 UTC INF workflow/traffic_switcher.go:662 switchTableReads: workflow: wf_dst2_reverse, direction: forward, cells: [], tablet types: [REPLICA RDONLY]
2026-09-26 15:16:27.787 UTC INF topotools/routing_rules.go:59 Saving routing rules map[dst2.sbtest1@rdonly:[src.sbtest1] dst2.sbtest1@replica:[src.sbtest1] dst2.sbtest2@rdonly:[src.sbtest2] dst2.sbtest2@replica:[src.sbtest2] sbtest1:[dst2.sbtest1] sbtest1@rdonly:[src.sbtest1] sbtest1@replica:[src.sbtest1] sbtest2:[dst2.sbtest2] sbtest2@rdonly:[src.sbtest2] sbtest2@replica:[src.sbtest2] src.sbtest1:[dst2.sbtest1] src.sbtest1@rdonly:[src.sbtest1] src.sbtest1@replica:[src.sbtest1] src.sbtest2:[dst2.sbtest2] src.sbtest2@rdonly:[src.sbtest2] src.sbtest2@replica:[src.sbtest2]]

2026-09-26 15:16:27.788 UTC INF topo/locks.go:219 Unlocking keyspace src for successful action SwitchReads
2026-09-26 15:16:27.790 UTC INF topo/locks.go:219 Unlocking keyspace dst2 for successful action SwitchReads
2026-09-26 15:16:27.792 UTC INF workflow/server.go:2901 Switch Reads done for workflow dst2.wf_dst2
2026-09-26 15:16:27.808 UTC INF topo/locks.go:167 Locking keyspace dst2 for action SwitchWrites with options: {lockType:0 ttl:120000000000}
2026-09-26 15:16:27.813 UTC INF topo/locks.go:167 Locking keyspace src for action SwitchWrites with options: {lockType:0 ttl:120000000000}
2026-09-26 15:16:27.821 UTC INF workflow/server.go:3267 No previous journals were found. Proceeding normally.
2026-09-26 15:16:27.821 UTC INF workflow/server.go:3286 Stopping source writes
2026-09-26 15:16:27.824 UTC INF syslogger/syslogger.go:133 dst2/-80 [shard] updated value: primary_alias:{cell:"zone1" uid:101} primary_term_start_time:{seconds:1790434318 nanoseconds:808880737} key_range:{end:"\x80"} tablet_controls:{tablet_type:PRIMARY denied_tables:"sbtest1" denied_tables:"sbtest2"} is_primary_serving:true
2026-09-26 15:16:27.824 UTC INF topotools/keyspace.go:45 RefreshTabletsByShard called on shard dst2/-80
2026-09-26 15:16:27.825 UTC INF syslogger/syslogger.go:133 src/0 [shard] updated value: primary_alias:{cell:"zone1" uid:100} primary_term_start_time:{seconds:1790434318 nanoseconds:555166856} is_primary_serving:true
2026-09-26 15:16:27.825 UTC INF topotools/keyspace.go:45 RefreshTabletsByShard called on shard src/0
2026-09-26 15:16:27.828 UTC INF syslogger/syslogger.go:133 dst2/80- [shard] updated value: primary_alias:{cell:"zone1" uid:102} primary_term_start_time:{seconds:1790434319 nanoseconds:44186274} key_range:{start:"\x80"} tablet_controls:{tablet_type:PRIMARY denied_tables:"sbtest1" denied_tables:"sbtest2"} is_primary_serving:true
2026-09-26 15:16:27.828 UTC INF topotools/keyspace.go:45 RefreshTabletsByShard called on shard dst2/80-
2026-09-26 15:16:27.833 UTC INF topotools/keyspace.go:89 Calling RefreshState on tablet zone1-0000000101 with a timeout of 29.990921004s
2026-09-26 15:16:27.834 UTC INF topotools/keyspace.go:89 Calling RefreshState on tablet zone1-0000000100 with a timeout of 29.991244423s
2026-09-26 15:16:27.834 UTC INF topotools/keyspace.go:89 Calling RefreshState on tablet zone1-0000000102 with a timeout of 29.993690679s
2026-09-26 15:16:27.843 UTC INF workflow/server.go:3296 Stopped source writes
2026-09-26 15:16:27.843 UTC INF workflow/server.go:3298 Stopping streams
2026-09-26 15:16:27.843 UTC INF workflow/server.go:3319 Executing LOCK TABLES on source tables 2 times
2026-09-26 15:16:27.843 UTC INF workflow/traffic_switcher.go:1473 Locking (and then immediately unlocking) the following tables on source keyspace dst2: [sbtest1 sbtest2]
2026-09-26 15:16:27.950 UTC INF workflow/traffic_switcher.go:1473 Locking (and then immediately unlocking) the following tables on source keyspace dst2: [sbtest1 sbtest2]
2026-09-26 15:16:27.953 UTC INF workflow/traffic_switcher.go:1539 Position on migration source zone1-0000000102 after having stopped writes: MySQL56/cead245f-b9b9-11f1-a737-02fc00000001:1-81905
2026-09-26 15:16:27.954 UTC INF workflow/traffic_switcher.go:1539 Position on migration source zone1-0000000101 after having stopped writes: MySQL56/ceaa057f-b9b9-11f1-a22f-02fc00000001:1-83808
2026-09-26 15:16:27.954 UTC INF workflow/server.go:3349 Waiting for streams to catchup
2026-09-26 15:16:27.954 UTC INF workflow/traffic_switcher.go:1044 Before Catchup: uid: 78, target primary zone1-0000000100, target position , shard primary_alias:{cell:"zone1" uid:100} primary_term_start_time:{seconds:1790434318 nanoseconds:555166856} tablet_controls:{tablet_type:PRIMARY denied_tables:"sbtest1" denied_tables:"sbtest2"} is_primary_serving:true
2026-09-26 15:16:27.955 UTC INF workflow/traffic_switcher.go:1048 Before Catchup: waiting for keyspace:shard: src:0 to reach source position MySQL56/cead245f-b9b9-11f1-a737-02fc00000001:1-81905, uid 78
2026-09-26 15:16:27.955 UTC INF workflow/traffic_switcher.go:1044 Before Catchup: uid: 77, target primary zone1-0000000100, target position , shard primary_alias:{cell:"zone1" uid:100} primary_term_start_time:{seconds:1790434318 nanoseconds:555166856} tablet_controls:{tablet_type:PRIMARY denied_tables:"sbtest1" denied_tables:"sbtest2"} is_primary_serving:true
2026-09-26 15:16:27.955 UTC INF workflow/traffic_switcher.go:1048 Before Catchup: waiting for keyspace:shard: src:0 to reach source position MySQL56/ceaa057f-b9b9-11f1-a22f-02fc00000001:1-83808, uid 77
2026-09-26 15:16:27.957 UTC INF workflow/traffic_switcher.go:1053 After catchup: target keyspace:shard: src:0, source position MySQL56/ceaa057f-b9b9-11f1-a22f-02fc00000001:1-83808, uid 77
2026-09-26 15:16:27.957 UTC INF workflow/traffic_switcher.go:1055 After catchup: position for keyspace:shard: src:0 reached, uid 77
2026-09-26 15:16:27.957 UTC INF workflow/traffic_switcher.go:1053 After catchup: target keyspace:shard: src:0, source position MySQL56/cead245f-b9b9-11f1-a737-02fc00000001:1-81905, uid 78
2026-09-26 15:16:27.957 UTC INF workflow/traffic_switcher.go:1055 After catchup: position for keyspace:shard: src:0 reached, uid 78
2026-09-26 15:16:27.966 UTC INF workflow/traffic_switcher.go:1069 After catchup, position for target primary zone1-0000000100, MySQL56/cea9456f-b9b9-11f1-9103-02fc00000001:1-169053
2026-09-26 15:16:27.967 UTC INF workflow/server.go:3360 Migrating streams
2026-09-26 15:16:27.968 UTC INF workflow/server.go:3371 Resetting sequences
2026-09-26 15:16:27.969 UTC INF workflow/server.go:3382 Creating reverse streams
2026-09-26 15:16:27.973 UTC INF grpctmclient/client.go:1339 VDiff for tablet cell:"zone1" uid:102, request keyspace:"dst2" workflow:"wf_dst2" action:"delete" action_arg:"all"
2026-09-26 15:16:27.973 UTC INF grpctmclient/client.go:1339 VDiff for tablet cell:"zone1" uid:101, request keyspace:"dst2" workflow:"wf_dst2" action:"delete" action_arg:"all"
2026-09-26 15:16:27.976 UTC INF workflow/traffic_switcher.go:977 Creating reverse workflow vreplication stream on tablet cell:"zone1" uid:102: workflow wf_dst2, startPos MySQL56/cea9456f-b9b9-11f1-9103-02fc00000001:1-169053
2026-09-26 15:16:27.976 UTC INF workflow/traffic_switcher.go:977 Creating reverse workflow vreplication stream on tablet cell:"zone1" uid:101: workflow wf_dst2, startPos MySQL56/cea9456f-b9b9-11f1-9103-02fc00000001:1-169053
2026-09-26 15:16:27.982 UTC INF workflow/traffic_switcher.go:994 Updating vreplication stream entry on cell:"zone1" uid:102 with: update _vt.vreplication set cell = 'zone1', tablet_types = 'replica,primary', options = '{"sharded_auto_increment_handling":1}' where workflow = 'wf_dst2' and db_name = 'vt_dst2'
2026-09-26 15:16:27.983 UTC INF workflow/traffic_switcher.go:994 Updating vreplication stream entry on cell:"zone1" uid:101 with: update _vt.vreplication set cell = 'zone1', tablet_types = 'replica,primary', options = '{"sharded_auto_increment_handling":1}' where workflow = 'wf_dst2' and db_name = 'vt_dst2'
2026-09-26 15:16:27.991 UTC INF workflow/server.go:3432 Creating journals for workflow src.wf_dst2_reverse
2026-09-26 15:16:27.991 UTC INF workflow/traffic_switcher.go:712 In createJournals for source workflows []
2026-09-26 15:16:27.991 UTC INF workflow/traffic_switcher.go:748 Creating journal: id:2940317121993271878 tables:"sbtest1" tables:"sbtest2" local_position:"MySQL56/cead245f-b9b9-11f1-a737-02fc00000001:1-81905" shard_gtids:{keyspace:"src" shard:"0" gtid:"MySQL56/cea9456f-b9b9-11f1-9103-02fc00000001:1-169053"} participants:{keyspace:"dst2" shard:"-80"} participants:{keyspace:"dst2" shard:"80-"}
2026-09-26 15:16:27.993 UTC INF workflow/traffic_switcher.go:748 Creating journal: id:2940317121993271878 tables:"sbtest1" tables:"sbtest2" local_position:"MySQL56/ceaa057f-b9b9-11f1-a22f-02fc00000001:1-83808" shard_gtids:{keyspace:"src" shard:"0" gtid:"MySQL56/cea9456f-b9b9-11f1-9103-02fc00000001:1-169053"} participants:{keyspace:"dst2" shard:"-80"} participants:{keyspace:"dst2" shard:"80-"}
2026-09-26 15:16:27.997 UTC INF workflow/server.go:3436 Created journals for workflow src.wf_dst2_reverse
2026-09-26 15:16:27.997 UTC INF workflow/server.go:3441 Writes on target for workflow src.wf_dst2_reverse were allowed when source writes were stopped
2026-09-26 15:16:27.997 UTC INF workflow/server.go:3450 Updating routing rules for workflow src.wf_dst2_reverse
2026-09-26 15:16:27.997 UTC INF workflow/traffic_switcher.go:812 Deleted routing: src.sbtest1
2026-09-26 15:16:27.997 UTC INF workflow/traffic_switcher.go:815 Added routing: sbtest1 dst2.sbtest1
2026-09-26 15:16:27.997 UTC INF workflow/traffic_switcher.go:812 Deleted routing: src.sbtest2
2026-09-26 15:16:27.997 UTC INF workflow/traffic_switcher.go:815 Added routing: sbtest2 dst2.sbtest2
2026-09-26 15:16:27.997 UTC INF topotools/routing_rules.go:59 Saving routing rules map[dst2.sbtest1:[src.sbtest1] dst2.sbtest1@rdonly:[src.sbtest1] dst2.sbtest1@replica:[src.sbtest1] dst2.sbtest2:[src.sbtest2] dst2.sbtest2@rdonly:[src.sbtest2] dst2.sbtest2@replica:[src.sbtest2] sbtest1:[src.sbtest1] sbtest1@rdonly:[src.sbtest1] sbtest1@replica:[src.sbtest1] sbtest2:[src.sbtest2] sbtest2@rdonly:[src.sbtest2] sbtest2@replica:[src.sbtest2] src.sbtest1@rdonly:[src.sbtest1] src.sbtest1@replica:[src.sbtest1] src.sbtest2@rdonly:[src.sbtest2] src.sbtest2@replica:[src.sbtest2]]

2026-09-26 15:16:28.006 UTC INF workflow/server.go:3454 Updated routing rules for workflow src.wf_dst2_reverse
2026-09-26 15:16:28.006 UTC INF workflow/server.go:3456 Finalizing stream migrations for workflow src.wf_dst2_reverse
2026-09-26 15:16:28.006 UTC INF workflow/server.go:3460 Finalized stream migrations for workflow src.wf_dst2_reverse
2026-09-26 15:16:28.006 UTC INF workflow/server.go:3463 Starting reverse workflow wf_dst2 on keyspace dst2
2026-09-26 15:16:28.016 UTC INF workflow/server.go:3467 Started reverse workflow wf_dst2 on keyspace dst2
2026-09-26 15:16:28.016 UTC INF workflow/server.go:3473 Marking workflow frozen src.wf_dst2_reverse
2026-09-26 15:16:28.016 UTC INF workflow/traffic_switcher.go:1222 Marking target streams frozen for workflow wf_dst2_reverse db_name vt_src
2026-09-26 15:16:28.025 UTC INF workflow/server.go:3477 Marked workflow frozen src.wf_dst2_reverse
2026-09-26 15:16:28.025 UTC INF workflow/server.go:3479 Switch writes completed for workflow src.wf_dst2_reverse
2026-09-26 15:16:28.025 UTC INF topo/locks.go:219 Unlocking keyspace src for successful action SwitchWrites
2026-09-26 15:16:28.031 UTC INF topo/locks.go:219 Unlocking keyspace dst2 for successful action SwitchWrites
2026-09-26 15:16:28.032 UTC INF workflow/server.go:2911 Switch Writes done for workflow dst2.wf_dst2
2026-09-26 15:16:28.032 UTC INF workflow/server.go:2926 ReverseTraffic done for workflow dst2.wf_dst2
2026-09-26 15:16:28.032 UTC INF workflow/server.go:2933 ReverseTraffic done for workflow dst2.wf_dst2
2026-09-26 15:16:28.032 UTC INF workflow/server.go:2938 Before reloading workflow state after switching traffic: All Reads Switched. Writes Switched

2026-09-26 15:16:28.037 UTC INF workflow/server.go:2360 Migration ID for workflow wf_dst2_reverse: 2940317121993271878
2026-09-26 15:16:28.050 UTC INF workflow/server.go:2954 ReverseTraffic done for workflow dst2.wf_dst2, returning response summary:"ReverseTraffic was successful for workflow dst2.wf_dst2" start_state:"All Reads Switched. Writes Switched" current_state:"Reads Not Switched. Writes Not Switched"
2026-09-26 15:16:28.050 UTC INF topo/locks.go:219 Unlocking named src/wf_dst2_reverse for successful action WorkflowSwitchTraffic
