2026-09-26 16:39:20.364 UTC INF workflow/server.go:2360 Migration ID for workflow wf_dst2: 5634281466091397584
2026-09-26 16:39:20.382 UTC INF workflow/server.go:2360 Migration ID for workflow wf_dst2_reverse: 4818717994560011712
2026-09-26 16:39:20.390 UTC INF topo/locks.go:167 Locking named src/wf_dst2_reverse for action WorkflowSwitchTraffic with options: {lockType:2 ttl:0}
2026-09-26 16:39:20.407 UTC INF topotools/keyspace.go:45 RefreshTabletsByShard called on shard src/0
2026-09-26 16:39:20.407 UTC INF topotools/keyspace.go:45 RefreshTabletsByShard called on shard dst2/80-
2026-09-26 16:39:20.411 UTC INF topotools/keyspace.go:89 Calling RefreshState on tablet zone1-0000000102 with a timeout of 29.99523812s
2026-09-26 16:39:20.414 UTC INF topotools/keyspace.go:89 Calling RefreshState on tablet zone1-0000000100 with a timeout of 29.993005274s
2026-09-26 16:39:20.417 UTC INF topotools/keyspace.go:45 RefreshTabletsByShard called on shard dst2/-80
2026-09-26 16:39:20.420 UTC INF topotools/keyspace.go:89 Calling RefreshState on tablet zone1-0000000101 with a timeout of 29.986909864s
2026-09-26 16:39:20.427 UTC INF workflow/server.go:2984 Switching reads: src.wf_dst2_reverse tablet types: replica,rdonly, cells: , workflow state: All Reads Switched. Writes Switched
2026-09-26 16:39:20.443 UTC INF topo/locks.go:167 Locking keyspace dst2 for action SwitchReads with options: {lockType:0 ttl:30000000000}
2026-09-26 16:39:20.447 UTC INF topo/locks.go:167 Locking keyspace src for action SwitchReads with options: {lockType:0 ttl:30000000000}
2026-09-26 16:39:20.455 UTC INF workflow/traffic_switcher.go:674 switchTableReads: workflow: wf_dst2_reverse, direction: forward, cells: [], tablet types: [REPLICA RDONLY]
2026-09-26 16:39:20.456 UTC INF topotools/routing_rules.go:59 Saving routing rules map[dst2.sbtest1@rdonly:[src.sbtest1] dst2.sbtest1@replica:[src.sbtest1] dst2.sbtest2@rdonly:[src.sbtest2] dst2.sbtest2@replica:[src.sbtest2] sbtest1:[dst2.sbtest1] sbtest1@rdonly:[src.sbtest1] sbtest1@replica:[src.sbtest1] sbtest2:[dst2.sbtest2] sbtest2@rdonly:[src.sbtest2] sbtest2@replica:[src.sbtest2] src.sbtest1:[dst2.sbtest1] src.sbtest1@rdonly:[src.sbtest1] src.sbtest1@replica:[src.sbtest1] src.sbtest2:[dst2.sbtest2] src.sbtest2@rdonly:[src.sbtest2] src.sbtest2@replica:[src.sbtest2]]

2026-09-26 16:39:20.459 UTC INF topo/locks.go:219 Unlocking keyspace src for successful action SwitchReads
2026-09-26 16:39:20.462 UTC INF topo/locks.go:219 Unlocking keyspace dst2 for successful action SwitchReads
2026-09-26 16:39:20.464 UTC INF workflow/server.go:2901 Switch Reads done for workflow dst2.wf_dst2
2026-09-26 16:39:20.491 UTC INF topo/locks.go:167 Locking keyspace dst2 for action SwitchWrites with options: {lockType:0 ttl:120000000000}
2026-09-26 16:39:20.498 UTC INF topo/locks.go:167 Locking keyspace src for action SwitchWrites with options: {lockType:0 ttl:120000000000}
2026-09-26 16:39:20.515 UTC INF workflow/server.go:3267 No previous journals were found. Proceeding normally.
2026-09-26 16:39:20.515 UTC INF workflow/server.go:3286 Stopping source writes
2026-09-26 16:39:20.520 UTC INF syslogger/syslogger.go:133 dst2/-80 [shard] updated value: primary_alias:{cell:"zone1" uid:101} primary_term_start_time:{seconds:1790434318 nanoseconds:808880737} key_range:{end:"\x80"} tablet_controls:{tablet_type:PRIMARY denied_tables:"sbtest1" denied_tables:"sbtest2"} is_primary_serving:true
2026-09-26 16:39:20.520 UTC INF topotools/keyspace.go:45 RefreshTabletsByShard called on shard dst2/-80
2026-09-26 16:39:20.522 UTC INF syslogger/syslogger.go:133 dst2/80- [shard] updated value: primary_alias:{cell:"zone1" uid:102} primary_term_start_time:{seconds:1790434319 nanoseconds:44186274} key_range:{start:"\x80"} tablet_controls:{tablet_type:PRIMARY denied_tables:"sbtest1" denied_tables:"sbtest2"} is_primary_serving:true
2026-09-26 16:39:20.522 UTC INF topotools/keyspace.go:45 RefreshTabletsByShard called on shard dst2/80-
2026-09-26 16:39:20.525 UTC INF syslogger/syslogger.go:133 src/0 [shard] updated value: primary_alias:{cell:"zone1" uid:100} primary_term_start_time:{seconds:1790434318 nanoseconds:555166856} is_primary_serving:true
2026-09-26 16:39:20.525 UTC INF topotools/keyspace.go:45 RefreshTabletsByShard called on shard src/0
2026-09-26 16:39:20.530 UTC INF topotools/keyspace.go:89 Calling RefreshState on tablet zone1-0000000101 with a timeout of 29.989972201s
2026-09-26 16:39:20.533 UTC INF topotools/keyspace.go:89 Calling RefreshState on tablet zone1-0000000102 with a timeout of 29.988733689s
2026-09-26 16:39:20.544 UTC INF topotools/keyspace.go:89 Calling RefreshState on tablet zone1-0000000100 with a timeout of 29.98094138s
2026-09-26 16:39:20.557 UTC INF workflow/server.go:3296 Stopped source writes
2026-09-26 16:39:20.557 UTC INF workflow/server.go:3298 Stopping streams
2026-09-26 16:39:20.557 UTC INF workflow/server.go:3319 Executing LOCK TABLES on source tables 2 times
2026-09-26 16:39:20.557 UTC INF workflow/traffic_switcher.go:1487 Locking (and then immediately unlocking) the following tables on source keyspace dst2: [sbtest1 sbtest2]
2026-09-26 16:39:20.668 UTC INF workflow/traffic_switcher.go:1487 Locking (and then immediately unlocking) the following tables on source keyspace dst2: [sbtest1 sbtest2]
2026-09-26 16:39:20.671 UTC INF workflow/traffic_switcher.go:1553 Position on migration source zone1-0000000101 after having stopped writes: MySQL56/ceaa057f-b9b9-11f1-a22f-02fc00000001:1-107271
2026-09-26 16:39:20.672 UTC INF workflow/traffic_switcher.go:1553 Position on migration source zone1-0000000102 after having stopped writes: MySQL56/cead245f-b9b9-11f1-a737-02fc00000001:1-105382
2026-09-26 16:39:20.672 UTC INF workflow/server.go:3349 Waiting for streams to catchup
2026-09-26 16:39:20.673 UTC INF workflow/traffic_switcher.go:1056 Before Catchup: uid: 93, target primary zone1-0000000100, target position , shard primary_alias:{cell:"zone1" uid:100} primary_term_start_time:{seconds:1790434318 nanoseconds:555166856} tablet_controls:{tablet_type:PRIMARY denied_tables:"sbtest1" denied_tables:"sbtest2"} is_primary_serving:true
2026-09-26 16:39:20.673 UTC INF workflow/traffic_switcher.go:1060 Before Catchup: waiting for keyspace:shard: src:0 to reach source position MySQL56/ceaa057f-b9b9-11f1-a22f-02fc00000001:1-107271, uid 93
2026-09-26 16:39:20.673 UTC INF workflow/traffic_switcher.go:1056 Before Catchup: uid: 92, target primary zone1-0000000100, target position , shard primary_alias:{cell:"zone1" uid:100} primary_term_start_time:{seconds:1790434318 nanoseconds:555166856} tablet_controls:{tablet_type:PRIMARY denied_tables:"sbtest1" denied_tables:"sbtest2"} is_primary_serving:true
2026-09-26 16:39:20.673 UTC INF workflow/traffic_switcher.go:1060 Before Catchup: waiting for keyspace:shard: src:0 to reach source position MySQL56/cead245f-b9b9-11f1-a737-02fc00000001:1-105382, uid 92
2026-09-26 16:39:20.675 UTC INF workflow/traffic_switcher.go:1065 After catchup: target keyspace:shard: src:0, source position MySQL56/ceaa057f-b9b9-11f1-a22f-02fc00000001:1-107271, uid 93
2026-09-26 16:39:20.675 UTC INF workflow/traffic_switcher.go:1067 After catchup: position for keyspace:shard: src:0 reached, uid 93
2026-09-26 16:39:20.675 UTC INF workflow/traffic_switcher.go:1065 After catchup: target keyspace:shard: src:0, source position MySQL56/cead245f-b9b9-11f1-a737-02fc00000001:1-105382, uid 92
2026-09-26 16:39:20.675 UTC INF workflow/traffic_switcher.go:1067 After catchup: position for keyspace:shard: src:0 reached, uid 92
2026-09-26 16:39:20.685 UTC INF workflow/traffic_switcher.go:1081 After catchup, position for target primary zone1-0000000100, MySQL56/cea9456f-b9b9-11f1-9103-02fc00000001:1-743632
2026-09-26 16:39:20.686 UTC INF workflow/server.go:3360 Migrating streams
2026-09-26 16:39:20.686 UTC INF workflow/server.go:3371 Resetting sequences
2026-09-26 16:39:20.688 UTC INF workflow/server.go:3382 Creating reverse streams
2026-09-26 16:39:20.692 UTC INF grpctmclient/client.go:1339 VDiff for tablet cell:"zone1" uid:101, request keyspace:"dst2" workflow:"wf_dst2" action:"delete" action_arg:"all"
2026-09-26 16:39:20.692 UTC INF grpctmclient/client.go:1339 VDiff for tablet cell:"zone1" uid:102, request keyspace:"dst2" workflow:"wf_dst2" action:"delete" action_arg:"all"
2026-09-26 16:39:20.695 UTC INF workflow/traffic_switcher.go:989 Creating reverse workflow vreplication stream on tablet cell:"zone1" uid:102: workflow wf_dst2, startPos MySQL56/cea9456f-b9b9-11f1-9103-02fc00000001:1-743632
2026-09-26 16:39:20.695 UTC INF workflow/traffic_switcher.go:989 Creating reverse workflow vreplication stream on tablet cell:"zone1" uid:101: workflow wf_dst2, startPos MySQL56/cea9456f-b9b9-11f1-9103-02fc00000001:1-743632
2026-09-26 16:39:20.703 UTC INF workflow/traffic_switcher.go:1006 Updating vreplication stream entry on cell:"zone1" uid:102 with: update _vt.vreplication set cell = 'zone1', tablet_types = 'replica,primary', options = '{"sharded_auto_increment_handling":1}' where workflow = 'wf_dst2' and db_name = 'vt_dst2'
2026-09-26 16:39:20.704 UTC INF workflow/traffic_switcher.go:1006 Updating vreplication stream entry on cell:"zone1" uid:101 with: update _vt.vreplication set cell = 'zone1', tablet_types = 'replica,primary', options = '{"sharded_auto_increment_handling":1}' where workflow = 'wf_dst2' and db_name = 'vt_dst2'
2026-09-26 16:39:20.714 UTC INF workflow/server.go:3432 Creating journals for workflow src.wf_dst2_reverse
2026-09-26 16:39:20.714 UTC INF workflow/traffic_switcher.go:724 In createJournals for source workflows []
2026-09-26 16:39:20.714 UTC INF workflow/traffic_switcher.go:760 Creating journal: id:4818717994560011712 tables:"sbtest1" tables:"sbtest2" local_position:"MySQL56/ceaa057f-b9b9-11f1-a22f-02fc00000001:1-107271" shard_gtids:{keyspace:"src" shard:"0" gtid:"MySQL56/cea9456f-b9b9-11f1-9103-02fc00000001:1-743632"} participants:{keyspace:"dst2" shard:"-80"} participants:{keyspace:"dst2" shard:"80-"}
2026-09-26 16:39:20.714 UTC INF workflow/traffic_switcher.go:760 Creating journal: id:4818717994560011712 tables:"sbtest1" tables:"sbtest2" local_position:"MySQL56/cead245f-b9b9-11f1-a737-02fc00000001:1-105382" shard_gtids:{keyspace:"src" shard:"0" gtid:"MySQL56/cea9456f-b9b9-11f1-9103-02fc00000001:1-743632"} participants:{keyspace:"dst2" shard:"-80"} participants:{keyspace:"dst2" shard:"80-"}
2026-09-26 16:39:20.717 UTC INF workflow/server.go:3436 Created journals for workflow src.wf_dst2_reverse
2026-09-26 16:39:20.717 UTC INF workflow/server.go:3441 Writes on target for workflow src.wf_dst2_reverse were allowed when source writes were stopped
2026-09-26 16:39:20.717 UTC INF workflow/server.go:3450 Updating routing rules for workflow src.wf_dst2_reverse
2026-09-26 16:39:20.718 UTC INF workflow/traffic_switcher.go:824 Deleted routing: src.sbtest1
2026-09-26 16:39:20.718 UTC INF workflow/traffic_switcher.go:827 Added routing: sbtest1 dst2.sbtest1
2026-09-26 16:39:20.718 UTC INF workflow/traffic_switcher.go:824 Deleted routing: src.sbtest2
2026-09-26 16:39:20.718 UTC INF workflow/traffic_switcher.go:827 Added routing: sbtest2 dst2.sbtest2
2026-09-26 16:39:20.718 UTC INF topotools/routing_rules.go:59 Saving routing rules map[dst2.sbtest1:[src.sbtest1] dst2.sbtest1@rdonly:[src.sbtest1] dst2.sbtest1@replica:[src.sbtest1] dst2.sbtest2:[src.sbtest2] dst2.sbtest2@rdonly:[src.sbtest2] dst2.sbtest2@replica:[src.sbtest2] sbtest1:[src.sbtest1] sbtest1@rdonly:[src.sbtest1] sbtest1@replica:[src.sbtest1] sbtest2:[src.sbtest2] sbtest2@rdonly:[src.sbtest2] sbtest2@replica:[src.sbtest2] src.sbtest1@rdonly:[src.sbtest1] src.sbtest1@replica:[src.sbtest1] src.sbtest2@rdonly:[src.sbtest2] src.sbtest2@replica:[src.sbtest2]]

2026-09-26 16:39:20.726 UTC INF workflow/server.go:3454 Updated routing rules for workflow src.wf_dst2_reverse
2026-09-26 16:39:20.726 UTC INF workflow/server.go:3456 Finalizing stream migrations for workflow src.wf_dst2_reverse
2026-09-26 16:39:20.726 UTC INF workflow/server.go:3460 Finalized stream migrations for workflow src.wf_dst2_reverse
2026-09-26 16:39:20.726 UTC INF workflow/server.go:3463 Starting reverse workflow wf_dst2 on keyspace dst2
2026-09-26 16:39:20.740 UTC INF workflow/server.go:3467 Started reverse workflow wf_dst2 on keyspace dst2
2026-09-26 16:39:20.740 UTC INF workflow/server.go:3473 Marking workflow frozen src.wf_dst2_reverse
2026-09-26 16:39:20.740 UTC INF workflow/traffic_switcher.go:1234 Marking target streams frozen for workflow wf_dst2_reverse db_name vt_src
2026-09-26 16:39:20.755 UTC INF workflow/server.go:3477 Marked workflow frozen src.wf_dst2_reverse
2026-09-26 16:39:20.755 UTC INF workflow/server.go:3479 Switch writes completed for workflow src.wf_dst2_reverse
2026-09-26 16:39:20.755 UTC INF topo/locks.go:219 Unlocking keyspace src for successful action SwitchWrites
2026-09-26 16:39:20.757 UTC INF topo/locks.go:219 Unlocking keyspace dst2 for successful action SwitchWrites
2026-09-26 16:39:20.760 UTC INF workflow/server.go:2911 Switch Writes done for workflow dst2.wf_dst2
2026-09-26 16:39:20.760 UTC INF workflow/server.go:2926 ReverseTraffic done for workflow dst2.wf_dst2
2026-09-26 16:39:20.760 UTC INF workflow/server.go:2933 ReverseTraffic done for workflow dst2.wf_dst2
2026-09-26 16:39:20.760 UTC INF workflow/server.go:2938 Before reloading workflow state after switching traffic: All Reads Switched. Writes Switched

2026-09-26 16:39:20.768 UTC INF workflow/server.go:2360 Migration ID for workflow wf_dst2_reverse: 4818717994560011712
2026-09-26 16:39:20.780 UTC INF workflow/server.go:2954 ReverseTraffic done for workflow dst2.wf_dst2, returning response summary:"ReverseTraffic was successful for workflow dst2.wf_dst2" start_state:"All Reads Switched. Writes Switched" current_state:"Reads Not Switched. Writes Not Switched"
2026-09-26 16:39:20.780 UTC INF topo/locks.go:219 Unlocking named src/wf_dst2_reverse for successful action WorkflowSwitchTraffic
