2026-09-26 15:15:45.580 UTC INF workflow/server.go:2360 Migration ID for workflow wf_dst2: 639122535032969452
2026-09-26 15:15:45.589 UTC INF workflow/server.go:2360 Migration ID for workflow wf_dst2_reverse: 646003619608759924
2026-09-26 15:15:45.594 UTC INF topo/locks.go:167 Locking named src/wf_dst2_reverse for action WorkflowSwitchTraffic with options: {lockType:2 ttl:0}
2026-09-26 15:15:45.604 UTC INF topotools/keyspace.go:45 RefreshTabletsByShard called on shard src/0
2026-09-26 15:15:45.604 UTC INF topotools/keyspace.go:45 RefreshTabletsByShard called on shard dst2/-80
2026-09-26 15:15:45.607 UTC INF topotools/keyspace.go:89 Calling RefreshState on tablet zone1-0000000100 with a timeout of 29.997045384s
2026-09-26 15:15:45.607 UTC INF topotools/keyspace.go:89 Calling RefreshState on tablet zone1-0000000101 with a timeout of 29.996854535s
2026-09-26 15:15:45.611 UTC INF topotools/keyspace.go:45 RefreshTabletsByShard called on shard dst2/80-
2026-09-26 15:15:45.614 UTC INF topotools/keyspace.go:89 Calling RefreshState on tablet zone1-0000000102 with a timeout of 29.989865473s
2026-09-26 15:15:45.617 UTC INF workflow/server.go:2984 Switching reads: src.wf_dst2_reverse tablet types: replica,rdonly, cells: , workflow state: All Reads Switched. Writes Switched
2026-09-26 15:15:45.622 UTC INF topo/locks.go:167 Locking keyspace dst2 for action SwitchReads with options: {lockType:0 ttl:30000000000}
2026-09-26 15:15:45.626 UTC INF topo/locks.go:167 Locking keyspace src for action SwitchReads with options: {lockType:0 ttl:30000000000}
2026-09-26 15:15:45.631 UTC INF workflow/traffic_switcher.go:662 switchTableReads: workflow: wf_dst2_reverse, direction: forward, cells: [], tablet types: [REPLICA RDONLY]
2026-09-26 15:15:45.631 UTC INF topotools/routing_rules.go:59 Saving routing rules map[dst2.sbtest1@rdonly:[src.sbtest1] dst2.sbtest1@replica:[src.sbtest1] dst2.sbtest2@rdonly:[src.sbtest2] dst2.sbtest2@replica:[src.sbtest2] sbtest1:[dst2.sbtest1] sbtest1@rdonly:[src.sbtest1] sbtest1@replica:[src.sbtest1] sbtest2:[dst2.sbtest2] sbtest2@rdonly:[src.sbtest2] sbtest2@replica:[src.sbtest2] src.sbtest1:[dst2.sbtest1] src.sbtest1@rdonly:[src.sbtest1] src.sbtest1@replica:[src.sbtest1] src.sbtest2:[dst2.sbtest2] src.sbtest2@rdonly:[src.sbtest2] src.sbtest2@replica:[src.sbtest2]]

2026-09-26 15:15:45.632 UTC INF topo/locks.go:219 Unlocking keyspace src for successful action SwitchReads
2026-09-26 15:15:45.634 UTC INF topo/locks.go:219 Unlocking keyspace dst2 for successful action SwitchReads
2026-09-26 15:15:45.637 UTC INF workflow/server.go:2901 Switch Reads done for workflow dst2.wf_dst2
2026-09-26 15:15:45.646 UTC INF topo/locks.go:167 Locking keyspace dst2 for action SwitchWrites with options: {lockType:0 ttl:120000000000}
2026-09-26 15:15:45.650 UTC INF topo/locks.go:167 Locking keyspace src for action SwitchWrites with options: {lockType:0 ttl:120000000000}
2026-09-26 15:15:45.658 UTC INF workflow/server.go:3267 No previous journals were found. Proceeding normally.
2026-09-26 15:15:45.658 UTC INF workflow/server.go:3286 Stopping source writes
2026-09-26 15:15:45.661 UTC INF syslogger/syslogger.go:133 dst2/80- [shard] updated value: primary_alias:{cell:"zone1" uid:102} primary_term_start_time:{seconds:1790434319 nanoseconds:44186274} key_range:{start:"\x80"} tablet_controls:{tablet_type:PRIMARY denied_tables:"sbtest1" denied_tables:"sbtest2"} is_primary_serving:true
2026-09-26 15:15:45.661 UTC INF topotools/keyspace.go:45 RefreshTabletsByShard called on shard dst2/80-
2026-09-26 15:15:45.661 UTC INF syslogger/syslogger.go:133 src/0 [shard] updated value: primary_alias:{cell:"zone1" uid:100} primary_term_start_time:{seconds:1790434318 nanoseconds:555166856} is_primary_serving:true
2026-09-26 15:15:45.661 UTC INF topotools/keyspace.go:45 RefreshTabletsByShard called on shard src/0
2026-09-26 15:15:45.662 UTC INF syslogger/syslogger.go:133 dst2/-80 [shard] updated value: primary_alias:{cell:"zone1" uid:101} primary_term_start_time:{seconds:1790434318 nanoseconds:808880737} key_range:{end:"\x80"} tablet_controls:{tablet_type:PRIMARY denied_tables:"sbtest1" denied_tables:"sbtest2"} is_primary_serving:true
2026-09-26 15:15:45.662 UTC INF topotools/keyspace.go:45 RefreshTabletsByShard called on shard dst2/-80
2026-09-26 15:15:45.664 UTC INF topotools/keyspace.go:89 Calling RefreshState on tablet zone1-0000000100 with a timeout of 29.996402399s
2026-09-26 15:15:45.665 UTC INF topotools/keyspace.go:89 Calling RefreshState on tablet zone1-0000000102 with a timeout of 29.995886765s
2026-09-26 15:15:45.667 UTC INF topotools/keyspace.go:89 Calling RefreshState on tablet zone1-0000000101 with a timeout of 29.995208683s
2026-09-26 15:15:45.673 UTC INF workflow/server.go:3296 Stopped source writes
2026-09-26 15:15:45.673 UTC INF workflow/server.go:3298 Stopping streams
2026-09-26 15:15:45.673 UTC INF workflow/server.go:3319 Executing LOCK TABLES on source tables 2 times
2026-09-26 15:15:45.673 UTC INF workflow/traffic_switcher.go:1473 Locking (and then immediately unlocking) the following tables on source keyspace dst2: [sbtest1 sbtest2]
2026-09-26 15:15:45.775 UTC INF workflow/traffic_switcher.go:1473 Locking (and then immediately unlocking) the following tables on source keyspace dst2: [sbtest1 sbtest2]
2026-09-26 15:15:45.781 UTC INF workflow/traffic_switcher.go:1539 Position on migration source zone1-0000000102 after having stopped writes: MySQL56/cead245f-b9b9-11f1-a737-02fc00000001:1-78541
2026-09-26 15:15:45.781 UTC INF workflow/traffic_switcher.go:1539 Position on migration source zone1-0000000101 after having stopped writes: MySQL56/ceaa057f-b9b9-11f1-a22f-02fc00000001:1-80353
2026-09-26 15:15:45.782 UTC INF workflow/server.go:3349 Waiting for streams to catchup
2026-09-26 15:15:45.782 UTC INF workflow/traffic_switcher.go:1044 Before Catchup: uid: 75, target primary zone1-0000000100, target position , shard primary_alias:{cell:"zone1" uid:100} primary_term_start_time:{seconds:1790434318 nanoseconds:555166856} tablet_controls:{tablet_type:PRIMARY denied_tables:"sbtest1" denied_tables:"sbtest2"} is_primary_serving:true
2026-09-26 15:15:45.782 UTC INF workflow/traffic_switcher.go:1044 Before Catchup: uid: 74, target primary zone1-0000000100, target position , shard primary_alias:{cell:"zone1" uid:100} primary_term_start_time:{seconds:1790434318 nanoseconds:555166856} tablet_controls:{tablet_type:PRIMARY denied_tables:"sbtest1" denied_tables:"sbtest2"} is_primary_serving:true
2026-09-26 15:15:45.782 UTC INF workflow/traffic_switcher.go:1048 Before Catchup: waiting for keyspace:shard: src:0 to reach source position MySQL56/ceaa057f-b9b9-11f1-a22f-02fc00000001:1-80353, uid 75
2026-09-26 15:15:45.782 UTC INF workflow/traffic_switcher.go:1048 Before Catchup: waiting for keyspace:shard: src:0 to reach source position MySQL56/cead245f-b9b9-11f1-a737-02fc00000001:1-78541, uid 74
2026-09-26 15:15:45.785 UTC INF workflow/traffic_switcher.go:1053 After catchup: target keyspace:shard: src:0, source position MySQL56/cead245f-b9b9-11f1-a737-02fc00000001:1-78541, uid 74
2026-09-26 15:15:45.785 UTC INF workflow/traffic_switcher.go:1055 After catchup: position for keyspace:shard: src:0 reached, uid 74
2026-09-26 15:15:45.785 UTC INF workflow/traffic_switcher.go:1053 After catchup: target keyspace:shard: src:0, source position MySQL56/ceaa057f-b9b9-11f1-a22f-02fc00000001:1-80353, uid 75
2026-09-26 15:15:45.785 UTC INF workflow/traffic_switcher.go:1055 After catchup: position for keyspace:shard: src:0 reached, uid 75
2026-09-26 15:15:45.794 UTC INF workflow/traffic_switcher.go:1069 After catchup, position for target primary zone1-0000000100, MySQL56/cea9456f-b9b9-11f1-9103-02fc00000001:1-162148
2026-09-26 15:15:45.795 UTC INF workflow/server.go:3360 Migrating streams
2026-09-26 15:15:45.796 UTC INF workflow/server.go:3371 Resetting sequences
2026-09-26 15:15:45.797 UTC INF workflow/server.go:3382 Creating reverse streams
2026-09-26 15:15:45.801 UTC INF grpctmclient/client.go:1339 VDiff for tablet cell:"zone1" uid:102, request keyspace:"dst2" workflow:"wf_dst2" action:"delete" action_arg:"all"
2026-09-26 15:15:45.801 UTC INF grpctmclient/client.go:1339 VDiff for tablet cell:"zone1" uid:101, request keyspace:"dst2" workflow:"wf_dst2" action:"delete" action_arg:"all"
2026-09-26 15:15:45.804 UTC INF workflow/traffic_switcher.go:977 Creating reverse workflow vreplication stream on tablet cell:"zone1" uid:101: workflow wf_dst2, startPos MySQL56/cea9456f-b9b9-11f1-9103-02fc00000001:1-162148
2026-09-26 15:15:45.804 UTC INF workflow/traffic_switcher.go:977 Creating reverse workflow vreplication stream on tablet cell:"zone1" uid:102: workflow wf_dst2, startPos MySQL56/cea9456f-b9b9-11f1-9103-02fc00000001:1-162148
2026-09-26 15:15:45.811 UTC INF workflow/traffic_switcher.go:994 Updating vreplication stream entry on cell:"zone1" uid:101 with: update _vt.vreplication set cell = 'zone1', tablet_types = 'replica,primary', options = '{"sharded_auto_increment_handling":1}' where workflow = 'wf_dst2' and db_name = 'vt_dst2'
2026-09-26 15:15:45.812 UTC INF workflow/traffic_switcher.go:994 Updating vreplication stream entry on cell:"zone1" uid:102 with: update _vt.vreplication set cell = 'zone1', tablet_types = 'replica,primary', options = '{"sharded_auto_increment_handling":1}' where workflow = 'wf_dst2' and db_name = 'vt_dst2'
2026-09-26 15:15:45.819 UTC INF workflow/server.go:3432 Creating journals for workflow src.wf_dst2_reverse
2026-09-26 15:15:45.819 UTC INF workflow/traffic_switcher.go:712 In createJournals for source workflows []
2026-09-26 15:15:45.819 UTC INF workflow/traffic_switcher.go:748 Creating journal: id:646003619608759924 tables:"sbtest1" tables:"sbtest2" local_position:"MySQL56/cead245f-b9b9-11f1-a737-02fc00000001:1-78541" shard_gtids:{keyspace:"src" shard:"0" gtid:"MySQL56/cea9456f-b9b9-11f1-9103-02fc00000001:1-162148"} participants:{keyspace:"dst2" shard:"-80"} participants:{keyspace:"dst2" shard:"80-"}
2026-09-26 15:15:45.819 UTC INF workflow/traffic_switcher.go:748 Creating journal: id:646003619608759924 tables:"sbtest1" tables:"sbtest2" local_position:"MySQL56/ceaa057f-b9b9-11f1-a22f-02fc00000001:1-80353" shard_gtids:{keyspace:"src" shard:"0" gtid:"MySQL56/cea9456f-b9b9-11f1-9103-02fc00000001:1-162148"} participants:{keyspace:"dst2" shard:"-80"} participants:{keyspace:"dst2" shard:"80-"}
2026-09-26 15:15:45.823 UTC INF workflow/server.go:3436 Created journals for workflow src.wf_dst2_reverse
2026-09-26 15:15:45.823 UTC INF workflow/server.go:3441 Writes on target for workflow src.wf_dst2_reverse were allowed when source writes were stopped
2026-09-26 15:15:45.823 UTC INF workflow/server.go:3450 Updating routing rules for workflow src.wf_dst2_reverse
2026-09-26 15:15:45.823 UTC INF workflow/traffic_switcher.go:812 Deleted routing: src.sbtest1
2026-09-26 15:15:45.823 UTC INF workflow/traffic_switcher.go:815 Added routing: sbtest1 dst2.sbtest1
2026-09-26 15:15:45.823 UTC INF workflow/traffic_switcher.go:812 Deleted routing: src.sbtest2
2026-09-26 15:15:45.823 UTC INF workflow/traffic_switcher.go:815 Added routing: sbtest2 dst2.sbtest2
2026-09-26 15:15:45.823 UTC INF topotools/routing_rules.go:59 Saving routing rules map[dst2.sbtest1:[src.sbtest1] dst2.sbtest1@rdonly:[src.sbtest1] dst2.sbtest1@replica:[src.sbtest1] dst2.sbtest2:[src.sbtest2] dst2.sbtest2@rdonly:[src.sbtest2] dst2.sbtest2@replica:[src.sbtest2] sbtest1:[src.sbtest1] sbtest1@rdonly:[src.sbtest1] sbtest1@replica:[src.sbtest1] sbtest2:[src.sbtest2] sbtest2@rdonly:[src.sbtest2] sbtest2@replica:[src.sbtest2] src.sbtest1@rdonly:[src.sbtest1] src.sbtest1@replica:[src.sbtest1] src.sbtest2@rdonly:[src.sbtest2] src.sbtest2@replica:[src.sbtest2]]

2026-09-26 15:15:45.831 UTC INF workflow/server.go:3454 Updated routing rules for workflow src.wf_dst2_reverse
2026-09-26 15:15:45.831 UTC INF workflow/server.go:3456 Finalizing stream migrations for workflow src.wf_dst2_reverse
2026-09-26 15:15:45.831 UTC INF workflow/server.go:3460 Finalized stream migrations for workflow src.wf_dst2_reverse
2026-09-26 15:15:45.831 UTC INF workflow/server.go:3463 Starting reverse workflow wf_dst2 on keyspace dst2
2026-09-26 15:15:45.847 UTC INF workflow/server.go:3467 Started reverse workflow wf_dst2 on keyspace dst2
2026-09-26 15:15:45.847 UTC INF workflow/server.go:3473 Marking workflow frozen src.wf_dst2_reverse
2026-09-26 15:15:45.848 UTC INF workflow/traffic_switcher.go:1222 Marking target streams frozen for workflow wf_dst2_reverse db_name vt_src
2026-09-26 15:15:45.867 UTC INF workflow/server.go:3477 Marked workflow frozen src.wf_dst2_reverse
2026-09-26 15:15:45.867 UTC INF workflow/server.go:3479 Switch writes completed for workflow src.wf_dst2_reverse
2026-09-26 15:15:45.867 UTC INF topo/locks.go:219 Unlocking keyspace src for successful action SwitchWrites
2026-09-26 15:15:45.871 UTC INF topo/locks.go:219 Unlocking keyspace dst2 for successful action SwitchWrites
2026-09-26 15:15:45.873 UTC INF workflow/server.go:2911 Switch Writes done for workflow dst2.wf_dst2
2026-09-26 15:15:45.873 UTC INF workflow/server.go:2926 ReverseTraffic done for workflow dst2.wf_dst2
2026-09-26 15:15:45.873 UTC INF workflow/server.go:2933 ReverseTraffic done for workflow dst2.wf_dst2
2026-09-26 15:15:45.873 UTC INF workflow/server.go:2938 Before reloading workflow state after switching traffic: All Reads Switched. Writes Switched

2026-09-26 15:15:45.880 UTC INF workflow/server.go:2360 Migration ID for workflow wf_dst2_reverse: 646003619608759924
2026-09-26 15:15:45.891 UTC INF workflow/server.go:2954 ReverseTraffic done for workflow dst2.wf_dst2, returning response summary:"ReverseTraffic was successful for workflow dst2.wf_dst2" start_state:"All Reads Switched. Writes Switched" current_state:"Reads Not Switched. Writes Not Switched"
2026-09-26 15:15:45.891 UTC INF topo/locks.go:219 Unlocking named src/wf_dst2_reverse for successful action WorkflowSwitchTraffic
