2026-09-26 15:14:15.341 UTC INF workflow/server.go:2360 Migration ID for workflow wf_dst2: 4831885718389584608
2026-09-26 15:14:15.351 UTC INF workflow/server.go:2360 Migration ID for workflow wf_dst2_reverse: 8507998748390799398
2026-09-26 15:14:15.361 UTC INF topo/locks.go:167 Locking named src/wf_dst2_reverse for action WorkflowSwitchTraffic with options: {lockType:2 ttl:0}
2026-09-26 15:14:15.372 UTC INF topotools/keyspace.go:45 RefreshTabletsByShard called on shard src/0
2026-09-26 15:14:15.372 UTC INF topotools/keyspace.go:45 RefreshTabletsByShard called on shard dst2/80-
2026-09-26 15:14:15.375 UTC INF topotools/keyspace.go:89 Calling RefreshState on tablet zone1-0000000102 with a timeout of 29.997530766s
2026-09-26 15:14:15.375 UTC INF topotools/keyspace.go:89 Calling RefreshState on tablet zone1-0000000100 with a timeout of 29.997433957s
2026-09-26 15:14:15.378 UTC INF topotools/keyspace.go:45 RefreshTabletsByShard called on shard dst2/-80
2026-09-26 15:14:15.383 UTC INF topotools/keyspace.go:89 Calling RefreshState on tablet zone1-0000000101 with a timeout of 29.989643651s
2026-09-26 15:14:15.385 UTC INF workflow/server.go:2984 Switching reads: src.wf_dst2_reverse tablet types: replica,rdonly, cells: , workflow state: All Reads Switched. Writes Switched
2026-09-26 15:14:15.393 UTC INF topo/locks.go:167 Locking keyspace dst2 for action SwitchReads with options: {lockType:0 ttl:30000000000}
2026-09-26 15:14:15.395 UTC INF topo/locks.go:167 Locking keyspace src for action SwitchReads with options: {lockType:0 ttl:30000000000}
2026-09-26 15:14:15.401 UTC INF workflow/traffic_switcher.go:662 switchTableReads: workflow: wf_dst2_reverse, direction: forward, cells: [], tablet types: [REPLICA RDONLY]
2026-09-26 15:14:15.401 UTC INF topotools/routing_rules.go:59 Saving routing rules map[dst2.sbtest1@rdonly:[src.sbtest1] dst2.sbtest1@replica:[src.sbtest1] dst2.sbtest2@rdonly:[src.sbtest2] dst2.sbtest2@replica:[src.sbtest2] sbtest1:[dst2.sbtest1] sbtest1@rdonly:[src.sbtest1] sbtest1@replica:[src.sbtest1] sbtest2:[dst2.sbtest2] sbtest2@rdonly:[src.sbtest2] sbtest2@replica:[src.sbtest2] src.sbtest1:[dst2.sbtest1] src.sbtest1@rdonly:[src.sbtest1] src.sbtest1@replica:[src.sbtest1] src.sbtest2:[dst2.sbtest2] src.sbtest2@rdonly:[src.sbtest2] src.sbtest2@replica:[src.sbtest2]]

2026-09-26 15:14:15.402 UTC INF topo/locks.go:219 Unlocking keyspace src for successful action SwitchReads
2026-09-26 15:14:15.404 UTC INF topo/locks.go:219 Unlocking keyspace dst2 for successful action SwitchReads
2026-09-26 15:14:15.405 UTC INF workflow/server.go:2901 Switch Reads done for workflow dst2.wf_dst2
2026-09-26 15:14:15.420 UTC INF topo/locks.go:167 Locking keyspace dst2 for action SwitchWrites with options: {lockType:0 ttl:120000000000}
2026-09-26 15:14:15.423 UTC INF topo/locks.go:167 Locking keyspace src for action SwitchWrites with options: {lockType:0 ttl:120000000000}
2026-09-26 15:14:15.431 UTC INF workflow/server.go:3264 No previous journals were found. Proceeding normally.
2026-09-26 15:14:15.431 UTC INF workflow/server.go:3283 Stopping source writes
2026-09-26 15:14:15.435 UTC INF syslogger/syslogger.go:133 dst2/80- [shard] updated value: primary_alias:{cell:"zone1" uid:102} primary_term_start_time:{seconds:1790434319 nanoseconds:44186274} key_range:{start:"\x80"} tablet_controls:{tablet_type:PRIMARY denied_tables:"sbtest1" denied_tables:"sbtest2"} is_primary_serving:true
2026-09-26 15:14:15.435 UTC INF topotools/keyspace.go:45 RefreshTabletsByShard called on shard dst2/80-
2026-09-26 15:14:15.435 UTC INF syslogger/syslogger.go:133 dst2/-80 [shard] updated value: primary_alias:{cell:"zone1" uid:101} primary_term_start_time:{seconds:1790434318 nanoseconds:808880737} key_range:{end:"\x80"} tablet_controls:{tablet_type:PRIMARY denied_tables:"sbtest1" denied_tables:"sbtest2"} is_primary_serving:true
2026-09-26 15:14:15.435 UTC INF syslogger/syslogger.go:133 src/0 [shard] updated value: primary_alias:{cell:"zone1" uid:100} primary_term_start_time:{seconds:1790434318 nanoseconds:555166856} is_primary_serving:true
2026-09-26 15:14:15.435 UTC INF topotools/keyspace.go:45 RefreshTabletsByShard called on shard src/0
2026-09-26 15:14:15.435 UTC INF topotools/keyspace.go:45 RefreshTabletsByShard called on shard dst2/-80
2026-09-26 15:14:15.438 UTC INF topotools/keyspace.go:89 Calling RefreshState on tablet zone1-0000000102 with a timeout of 29.99720338s
2026-09-26 15:14:15.440 UTC INF topotools/keyspace.go:89 Calling RefreshState on tablet zone1-0000000100 with a timeout of 29.994972522s
2026-09-26 15:14:15.442 UTC INF topotools/keyspace.go:89 Calling RefreshState on tablet zone1-0000000101 with a timeout of 29.993168449s
2026-09-26 15:14:15.449 UTC INF workflow/server.go:3291 Stopping streams
2026-09-26 15:14:15.449 UTC INF workflow/server.go:3312 Executing LOCK TABLES on source tables 2 times
2026-09-26 15:14:15.449 UTC INF workflow/traffic_switcher.go:1473 Locking (and then immediately unlocking) the following tables on source keyspace dst2: [sbtest1 sbtest2]
2026-09-26 15:14:15.560 UTC INF workflow/traffic_switcher.go:1473 Locking (and then immediately unlocking) the following tables on source keyspace dst2: [sbtest1 sbtest2]
2026-09-26 15:14:15.667 UTC INF workflow/traffic_switcher.go:1537 Position on migration source zone1-0000000102 after having stopped writes: MySQL56/cead245f-b9b9-11f1-a737-02fc00000001:1-68573
2026-09-26 15:14:15.667 UTC INF workflow/traffic_switcher.go:1537 Position on migration source zone1-0000000101 after having stopped writes: MySQL56/ceaa057f-b9b9-11f1-a22f-02fc00000001:1-70169
2026-09-26 15:14:15.668 UTC INF workflow/server.go:3337 Waiting for streams to catchup
2026-09-26 15:14:15.668 UTC INF workflow/traffic_switcher.go:1044 Before Catchup: uid: 66, target primary zone1-0000000100, target position , shard primary_alias:{cell:"zone1" uid:100} primary_term_start_time:{seconds:1790434318 nanoseconds:555166856} tablet_controls:{tablet_type:PRIMARY denied_tables:"sbtest1" denied_tables:"sbtest2"} is_primary_serving:true
2026-09-26 15:14:15.668 UTC INF workflow/traffic_switcher.go:1048 Before Catchup: waiting for keyspace:shard: src:0 to reach source position MySQL56/ceaa057f-b9b9-11f1-a22f-02fc00000001:1-70169, uid 66
2026-09-26 15:14:15.668 UTC INF workflow/traffic_switcher.go:1044 Before Catchup: uid: 65, target primary zone1-0000000100, target position , shard primary_alias:{cell:"zone1" uid:100} primary_term_start_time:{seconds:1790434318 nanoseconds:555166856} tablet_controls:{tablet_type:PRIMARY denied_tables:"sbtest1" denied_tables:"sbtest2"} is_primary_serving:true
2026-09-26 15:14:15.668 UTC INF workflow/traffic_switcher.go:1048 Before Catchup: waiting for keyspace:shard: src:0 to reach source position MySQL56/cead245f-b9b9-11f1-a737-02fc00000001:1-68573, uid 65
2026-09-26 15:14:15.670 UTC INF workflow/traffic_switcher.go:1053 After catchup: target keyspace:shard: src:0, source position MySQL56/ceaa057f-b9b9-11f1-a22f-02fc00000001:1-70169, uid 66
2026-09-26 15:14:15.670 UTC INF workflow/traffic_switcher.go:1055 After catchup: position for keyspace:shard: src:0 reached, uid 66
2026-09-26 15:14:15.671 UTC INF workflow/traffic_switcher.go:1053 After catchup: target keyspace:shard: src:0, source position MySQL56/cead245f-b9b9-11f1-a737-02fc00000001:1-68573, uid 65
2026-09-26 15:14:15.671 UTC INF workflow/traffic_switcher.go:1055 After catchup: position for keyspace:shard: src:0 reached, uid 65
2026-09-26 15:14:15.679 UTC INF workflow/traffic_switcher.go:1069 After catchup, position for target primary zone1-0000000100, MySQL56/cea9456f-b9b9-11f1-9103-02fc00000001:1-141658
2026-09-26 15:14:15.680 UTC INF workflow/server.go:3348 Migrating streams
2026-09-26 15:14:15.680 UTC INF workflow/server.go:3359 Resetting sequences
2026-09-26 15:14:15.681 UTC INF workflow/server.go:3370 Creating reverse streams
2026-09-26 15:14:15.684 UTC INF grpctmclient/client.go:1339 VDiff for tablet cell:"zone1" uid:101, request keyspace:"dst2" workflow:"wf_dst2" action:"delete" action_arg:"all"
2026-09-26 15:14:15.685 UTC INF grpctmclient/client.go:1339 VDiff for tablet cell:"zone1" uid:102, request keyspace:"dst2" workflow:"wf_dst2" action:"delete" action_arg:"all"
2026-09-26 15:14:15.687 UTC INF workflow/traffic_switcher.go:977 Creating reverse workflow vreplication stream on tablet cell:"zone1" uid:101: workflow wf_dst2, startPos MySQL56/cea9456f-b9b9-11f1-9103-02fc00000001:1-141658
2026-09-26 15:14:15.687 UTC INF workflow/traffic_switcher.go:977 Creating reverse workflow vreplication stream on tablet cell:"zone1" uid:102: workflow wf_dst2, startPos MySQL56/cea9456f-b9b9-11f1-9103-02fc00000001:1-141658
2026-09-26 15:14:15.694 UTC INF workflow/traffic_switcher.go:994 Updating vreplication stream entry on cell:"zone1" uid:102 with: update _vt.vreplication set cell = 'zone1', tablet_types = 'replica,primary', options = '{"sharded_auto_increment_handling":1}' where workflow = 'wf_dst2' and db_name = 'vt_dst2'
2026-09-26 15:14:15.694 UTC INF workflow/traffic_switcher.go:994 Updating vreplication stream entry on cell:"zone1" uid:101 with: update _vt.vreplication set cell = 'zone1', tablet_types = 'replica,primary', options = '{"sharded_auto_increment_handling":1}' where workflow = 'wf_dst2' and db_name = 'vt_dst2'
2026-09-26 15:14:15.702 UTC INF workflow/server.go:3420 Creating journals for workflow src.wf_dst2_reverse
2026-09-26 15:14:15.702 UTC INF workflow/traffic_switcher.go:712 In createJournals for source workflows []
2026-09-26 15:14:15.702 UTC INF workflow/traffic_switcher.go:748 Creating journal: id:8507998748390799398 tables:"sbtest1" tables:"sbtest2" local_position:"MySQL56/ceaa057f-b9b9-11f1-a22f-02fc00000001:1-70169" shard_gtids:{keyspace:"src" shard:"0" gtid:"MySQL56/cea9456f-b9b9-11f1-9103-02fc00000001:1-141658"} participants:{keyspace:"dst2" shard:"-80"} participants:{keyspace:"dst2" shard:"80-"}
2026-09-26 15:14:15.703 UTC INF workflow/traffic_switcher.go:748 Creating journal: id:8507998748390799398 tables:"sbtest1" tables:"sbtest2" local_position:"MySQL56/cead245f-b9b9-11f1-a737-02fc00000001:1-68573" shard_gtids:{keyspace:"src" shard:"0" gtid:"MySQL56/cea9456f-b9b9-11f1-9103-02fc00000001:1-141658"} participants:{keyspace:"dst2" shard:"-80"} participants:{keyspace:"dst2" shard:"80-"}
2026-09-26 15:14:15.707 UTC INF workflow/server.go:3424 Created journals for workflow src.wf_dst2_reverse
2026-09-26 15:14:15.707 UTC INF workflow/server.go:3426 Allowing writes on target for workflow src.wf_dst2_reverse
2026-09-26 15:14:15.708 UTC WRN topo/shard.go:517 one or more tables were already present in the denylist:sbtest1,sbtest2
2026-09-26 15:14:15.709 UTC WRN topo/shard.go:517 one or more tables were already present in the denylist:sbtest1,sbtest2
2026-09-26 15:14:15.709 UTC INF syslogger/syslogger.go:133 dst2/-80 [shard] updated value: primary_alias:{cell:"zone1" uid:101} primary_term_start_time:{seconds:1790434318 nanoseconds:808880737} key_range:{end:"\x80"} tablet_controls:{tablet_type:PRIMARY denied_tables:"sbtest1" denied_tables:"sbtest2"} is_primary_serving:true
2026-09-26 15:14:15.709 UTC INF topotools/keyspace.go:45 RefreshTabletsByShard called on shard dst2/-80
2026-09-26 15:14:15.709 UTC WRN topo/shard.go:444 Trying to remove TabletControl.DeniedTables for missing type PRIMARY in shard src/0
2026-09-26 15:14:15.710 UTC INF syslogger/syslogger.go:133 dst2/80- [shard] updated value: primary_alias:{cell:"zone1" uid:102} primary_term_start_time:{seconds:1790434319 nanoseconds:44186274} key_range:{start:"\x80"} tablet_controls:{tablet_type:PRIMARY denied_tables:"sbtest1" denied_tables:"sbtest2"} is_primary_serving:true
2026-09-26 15:14:15.710 UTC INF topotools/keyspace.go:45 RefreshTabletsByShard called on shard dst2/80-
2026-09-26 15:14:15.712 UTC INF syslogger/syslogger.go:133 src/0 [shard] updated value: primary_alias:{cell:"zone1" uid:100} primary_term_start_time:{seconds:1790434318 nanoseconds:555166856} is_primary_serving:true
2026-09-26 15:14:15.712 UTC INF topotools/keyspace.go:45 RefreshTabletsByShard called on shard src/0
2026-09-26 15:14:15.715 UTC INF topotools/keyspace.go:89 Calling RefreshState on tablet zone1-0000000102 with a timeout of 29.987288026s
2026-09-26 15:14:15.715 UTC INF topotools/keyspace.go:89 Calling RefreshState on tablet zone1-0000000101 with a timeout of 29.987200026s
2026-09-26 15:14:15.716 UTC INF topotools/keyspace.go:89 Calling RefreshState on tablet zone1-0000000100 with a timeout of 29.986442489s
2026-09-26 15:14:15.723 UTC INF workflow/server.go:3430 Allowed writes on target for workflow src.wf_dst2_reverse
2026-09-26 15:14:15.723 UTC INF workflow/server.go:3432 Updating routing rules for workflow src.wf_dst2_reverse
2026-09-26 15:14:15.723 UTC INF workflow/traffic_switcher.go:812 Deleted routing: src.sbtest1
2026-09-26 15:14:15.723 UTC INF workflow/traffic_switcher.go:815 Added routing: sbtest1 dst2.sbtest1
2026-09-26 15:14:15.723 UTC INF workflow/traffic_switcher.go:812 Deleted routing: src.sbtest2
2026-09-26 15:14:15.723 UTC INF workflow/traffic_switcher.go:815 Added routing: sbtest2 dst2.sbtest2
2026-09-26 15:14:15.723 UTC INF topotools/routing_rules.go:59 Saving routing rules map[dst2.sbtest1:[src.sbtest1] dst2.sbtest1@rdonly:[src.sbtest1] dst2.sbtest1@replica:[src.sbtest1] dst2.sbtest2:[src.sbtest2] dst2.sbtest2@rdonly:[src.sbtest2] dst2.sbtest2@replica:[src.sbtest2] sbtest1:[src.sbtest1] sbtest1@rdonly:[src.sbtest1] sbtest1@replica:[src.sbtest1] sbtest2:[src.sbtest2] sbtest2@rdonly:[src.sbtest2] sbtest2@replica:[src.sbtest2] src.sbtest1@rdonly:[src.sbtest1] src.sbtest1@replica:[src.sbtest1] src.sbtest2@rdonly:[src.sbtest2] src.sbtest2@replica:[src.sbtest2]]

2026-09-26 15:14:15.728 UTC INF workflow/server.go:3436 Updated routing rules for workflow src.wf_dst2_reverse
2026-09-26 15:14:15.728 UTC INF workflow/server.go:3438 Finalizing stream migrations for workflow src.wf_dst2_reverse
2026-09-26 15:14:15.728 UTC INF workflow/server.go:3442 Finalized stream migrations for workflow src.wf_dst2_reverse
2026-09-26 15:14:15.728 UTC INF workflow/server.go:3445 Starting reverse workflow wf_dst2 on keyspace dst2
2026-09-26 15:14:15.734 UTC INF workflow/server.go:3449 Started reverse workflow wf_dst2 on keyspace dst2
2026-09-26 15:14:15.734 UTC INF workflow/server.go:3455 Marking workflow frozen src.wf_dst2_reverse
2026-09-26 15:14:15.734 UTC INF workflow/traffic_switcher.go:1222 Marking target streams frozen for workflow wf_dst2_reverse db_name vt_src
2026-09-26 15:14:15.745 UTC INF workflow/server.go:3459 Marked workflow frozen src.wf_dst2_reverse
2026-09-26 15:14:15.745 UTC INF workflow/server.go:3461 Switch writes completed for workflow src.wf_dst2_reverse
2026-09-26 15:14:15.745 UTC INF topo/locks.go:219 Unlocking keyspace src for successful action SwitchWrites
2026-09-26 15:14:15.747 UTC INF topo/locks.go:219 Unlocking keyspace dst2 for successful action SwitchWrites
2026-09-26 15:14:15.750 UTC INF workflow/server.go:2911 Switch Writes done for workflow dst2.wf_dst2
2026-09-26 15:14:15.750 UTC INF workflow/server.go:2926 ReverseTraffic done for workflow dst2.wf_dst2
2026-09-26 15:14:15.750 UTC INF workflow/server.go:2933 ReverseTraffic done for workflow dst2.wf_dst2
2026-09-26 15:14:15.750 UTC INF workflow/server.go:2938 Before reloading workflow state after switching traffic: All Reads Switched. Writes Switched

2026-09-26 15:14:15.755 UTC INF workflow/server.go:2360 Migration ID for workflow wf_dst2_reverse: 8507998748390799398
2026-09-26 15:14:15.761 UTC INF workflow/server.go:2954 ReverseTraffic done for workflow dst2.wf_dst2, returning response summary:"ReverseTraffic was successful for workflow dst2.wf_dst2" start_state:"All Reads Switched. Writes Switched" current_state:"Reads Not Switched. Writes Not Switched"
2026-09-26 15:14:15.761 UTC INF topo/locks.go:219 Unlocking named src/wf_dst2_reverse for successful action WorkflowSwitchTraffic
