// Jest Snapshot v1, https://goo.gl/fbAQLP

exports[`formatTimeseriesMap empty input: empty input 1`] = `
Object {
  "All": Array [
    Object {
      "x": 999997852000,
      "y": 0,
    },
    Object {
      "x": 999997864000,
      "y": 0,
    },
    Object {
      "x": 999997876000,
      "y": 0,
    },
    Object {
      "x": 999997888000,
      "y": 0,
    },
    Object {
      "x": 999997900000,
      "y": 0,
    },
    Object {
      "x": 999997912000,
      "y": 0,
    },
    Object {
      "x": 999997924000,
      "y": 0,
    },
    Object {
      "x": 999997936000,
      "y": 0,
    },
    Object {
      "x": 999997948000,
      "y": 0,
    },
    Object {
      "x": 999997960000,
      "y": 0,
    },
    Object {
      "x": 999997972000,
      "y": 0,
    },
    Object {
      "x": 999997984000,
      "y": 0,
    },
    Object {
      "x": 999997996000,
      "y": 0,
    },
    Object {
      "x": 999998008000,
      "y": 0,
    },
    Object {
      "x": 999998020000,
      "y": 0,
    },
    Object {
      "x": 999998032000,
      "y": 0,
    },
    Object {
      "x": 999998044000,
      "y": 0,
    },
    Object {
      "x": 999998056000,
      "y": 0,
    },
    Object {
      "x": 999998068000,
      "y": 0,
    },
    Object {
      "x": 999998080000,
      "y": 0,
    },
    Object {
      "x": 999998092000,
      "y": 0,
    },
    Object {
      "x": 999998104000,
      "y": 0,
    },
    Object {
      "x": 999998116000,
      "y": 0,
    },
    Object {
      "x": 999998128000,
      "y": 0,
    },
    Object {
      "x": 999998140000,
      "y": 0,
    },
    Object {
      "x": 999998152000,
      "y": 0,
    },
    Object {
      "x": 999998164000,
      "y": 0,
    },
    Object {
      "x": 999998176000,
      "y": 0,
    },
    Object {
      "x": 999998188000,
      "y": 0,
    },
    Object {
      "x": 999998200000,
      "y": 0,
    },
    Object {
      "x": 999998212000,
      "y": 0,
    },
    Object {
      "x": 999998224000,
      "y": 0,
    },
    Object {
      "x": 999998236000,
      "y": 0,
    },
    Object {
      "x": 999998248000,
      "y": 0,
    },
    Object {
      "x": 999998260000,
      "y": 0,
    },
    Object {
      "x": 999998272000,
      "y": 0,
    },
    Object {
      "x": 999998284000,
      "y": 0,
    },
    Object {
      "x": 999998296000,
      "y": 0,
    },
    Object {
      "x": 999998308000,
      "y": 0,
    },
    Object {
      "x": 999998320000,
      "y": 0,
    },
    Object {
      "x": 999998332000,
      "y": 0,
    },
    Object {
      "x": 999998344000,
      "y": 0,
    },
    Object {
      "x": 999998356000,
      "y": 0,
    },
    Object {
      "x": 999998368000,
      "y": 0,
    },
    Object {
      "x": 999998380000,
      "y": 0,
    },
    Object {
      "x": 999998392000,
      "y": 0,
    },
    Object {
      "x": 999998404000,
      "y": 0,
    },
    Object {
      "x": 999998416000,
      "y": 0,
    },
    Object {
      "x": 999998428000,
      "y": 0,
    },
    Object {
      "x": 999998440000,
      "y": 0,
    },
    Object {
      "x": 999998452000,
      "y": 0,
    },
    Object {
      "x": 999998464000,
      "y": 0,
    },
    Object {
      "x": 999998476000,
      "y": 0,
    },
    Object {
      "x": 999998488000,
      "y": 0,
    },
    Object {
      "x": 999998500000,
      "y": 0,
    },
    Object {
      "x": 999998512000,
      "y": 0,
    },
    Object {
      "x": 999998524000,
      "y": 0,
    },
    Object {
      "x": 999998536000,
      "y": 0,
    },
    Object {
      "x": 999998548000,
      "y": 0,
    },
    Object {
      "x": 999998560000,
      "y": 0,
    },
    Object {
      "x": 999998572000,
      "y": 0,
    },
    Object {
      "x": 999998584000,
      "y": 0,
    },
    Object {
      "x": 999998596000,
      "y": 0,
    },
    Object {
      "x": 999998608000,
      "y": 0,
    },
    Object {
      "x": 999998620000,
      "y": 0,
    },
    Object {
      "x": 999998632000,
      "y": 0,
    },
    Object {
      "x": 999998644000,
      "y": 0,
    },
    Object {
      "x": 999998656000,
      "y": 0,
    },
    Object {
      "x": 999998668000,
      "y": 0,
    },
    Object {
      "x": 999998680000,
      "y": 0,
    },
    Object {
      "x": 999998692000,
      "y": 0,
    },
    Object {
      "x": 999998704000,
      "y": 0,
    },
    Object {
      "x": 999998716000,
      "y": 0,
    },
    Object {
      "x": 999998728000,
      "y": 0,
    },
    Object {
      "x": 999998740000,
      "y": 0,
    },
    Object {
      "x": 999998752000,
      "y": 0,
    },
    Object {
      "x": 999998764000,
      "y": 0,
    },
    Object {
      "x": 999998776000,
      "y": 0,
    },
    Object {
      "x": 999998788000,
      "y": 0,
    },
    Object {
      "x": 999998800000,
      "y": 0,
    },
    Object {
      "x": 999998812000,
      "y": 0,
    },
    Object {
      "x": 999998824000,
      "y": 0,
    },
    Object {
      "x": 999998836000,
      "y": 0,
    },
    Object {
      "x": 999998848000,
      "y": 0,
    },
    Object {
      "x": 999998860000,
      "y": 0,
    },
    Object {
      "x": 999998872000,
      "y": 0,
    },
    Object {
      "x": 999998884000,
      "y": 0,
    },
    Object {
      "x": 999998896000,
      "y": 0,
    },
    Object {
      "x": 999998908000,
      "y": 0,
    },
    Object {
      "x": 999998920000,
      "y": 0,
    },
    Object {
      "x": 999998932000,
      "y": 0,
    },
    Object {
      "x": 999998944000,
      "y": 0,
    },
    Object {
      "x": 999998956000,
      "y": 0,
    },
    Object {
      "x": 999998968000,
      "y": 0,
    },
    Object {
      "x": 999998980000,
      "y": 0,
    },
    Object {
      "x": 999998992000,
      "y": 0,
    },
    Object {
      "x": 999999004000,
      "y": 0,
    },
    Object {
      "x": 999999016000,
      "y": 0,
    },
    Object {
      "x": 999999028000,
      "y": 0,
    },
    Object {
      "x": 999999040000,
      "y": 0,
    },
    Object {
      "x": 999999052000,
      "y": 0,
    },
    Object {
      "x": 999999064000,
      "y": 0,
    },
    Object {
      "x": 999999076000,
      "y": 0,
    },
    Object {
      "x": 999999088000,
      "y": 0,
    },
    Object {
      "x": 999999100000,
      "y": 0,
    },
    Object {
      "x": 999999112000,
      "y": 0,
    },
    Object {
      "x": 999999124000,
      "y": 0,
    },
    Object {
      "x": 999999136000,
      "y": 0,
    },
    Object {
      "x": 999999148000,
      "y": 0,
    },
    Object {
      "x": 999999160000,
      "y": 0,
    },
    Object {
      "x": 999999172000,
      "y": 0,
    },
    Object {
      "x": 999999184000,
      "y": 0,
    },
    Object {
      "x": 999999196000,
      "y": 0,
    },
    Object {
      "x": 999999208000,
      "y": 0,
    },
    Object {
      "x": 999999220000,
      "y": 0,
    },
    Object {
      "x": 999999232000,
      "y": 0,
    },
    Object {
      "x": 999999244000,
      "y": 0,
    },
    Object {
      "x": 999999256000,
      "y": 0,
    },
    Object {
      "x": 999999268000,
      "y": 0,
    },
    Object {
      "x": 999999280000,
      "y": 0,
    },
    Object {
      "x": 999999292000,
      "y": 0,
    },
    Object {
      "x": 999999304000,
      "y": 0,
    },
    Object {
      "x": 999999316000,
      "y": 0,
    },
    Object {
      "x": 999999328000,
      "y": 0,
    },
    Object {
      "x": 999999340000,
      "y": 0,
    },
    Object {
      "x": 999999352000,
      "y": 0,
    },
    Object {
      "x": 999999364000,
      "y": 0,
    },
    Object {
      "x": 999999376000,
      "y": 0,
    },
    Object {
      "x": 999999388000,
      "y": 0,
    },
    Object {
      "x": 999999400000,
      "y": 0,
    },
    Object {
      "x": 999999412000,
      "y": 0,
    },
    Object {
      "x": 999999424000,
      "y": 0,
    },
    Object {
      "x": 999999436000,
      "y": 0,
    },
    Object {
      "x": 999999448000,
      "y": 0,
    },
    Object {
      "x": 999999460000,
      "y": 0,
    },
    Object {
      "x": 999999472000,
      "y": 0,
    },
    Object {
      "x": 999999484000,
      "y": 0,
    },
    Object {
      "x": 999999496000,
      "y": 0,
    },
    Object {
      "x": 999999508000,
      "y": 0,
    },
    Object {
      "x": 999999520000,
      "y": 0,
    },
    Object {
      "x": 999999532000,
      "y": 0,
    },
    Object {
      "x": 999999544000,
      "y": 0,
    },
    Object {
      "x": 999999556000,
      "y": 0,
    },
    Object {
      "x": 999999568000,
      "y": 0,
    },
    Object {
      "x": 999999580000,
      "y": 0,
    },
    Object {
      "x": 999999592000,
      "y": 0,
    },
    Object {
      "x": 999999604000,
      "y": 0,
    },
    Object {
      "x": 999999616000,
      "y": 0,
    },
    Object {
      "x": 999999628000,
      "y": 0,
    },
    Object {
      "x": 999999640000,
      "y": 0,
    },
    Object {
      "x": 999999652000,
      "y": 0,
    },
    Object {
      "x": 999999664000,
      "y": 0,
    },
    Object {
      "x": 999999676000,
      "y": 0,
    },
    Object {
      "x": 999999688000,
      "y": 0,
    },
    Object {
      "x": 999999700000,
      "y": 0,
    },
    Object {
      "x": 999999712000,
      "y": 0,
    },
    Object {
      "x": 999999724000,
      "y": 0,
    },
    Object {
      "x": 999999736000,
      "y": 0,
    },
    Object {
      "x": 999999748000,
      "y": 0,
    },
    Object {
      "x": 999999760000,
      "y": 0,
    },
    Object {
      "x": 999999772000,
      "y": 0,
    },
    Object {
      "x": 999999784000,
      "y": 0,
    },
    Object {
      "x": 999999796000,
      "y": 0,
    },
    Object {
      "x": 999999808000,
      "y": 0,
    },
    Object {
      "x": 999999820000,
      "y": 0,
    },
    Object {
      "x": 999999832000,
      "y": 0,
    },
    Object {
      "x": 999999844000,
      "y": 0,
    },
    Object {
      "x": 999999856000,
      "y": 0,
    },
    Object {
      "x": 999999868000,
      "y": 0,
    },
    Object {
      "x": 999999880000,
      "y": 0,
    },
    Object {
      "x": 999999892000,
      "y": 0,
    },
    Object {
      "x": 999999904000,
      "y": 0,
    },
    Object {
      "x": 999999916000,
      "y": 0,
    },
    Object {
      "x": 999999928000,
      "y": 0,
    },
    Object {
      "x": 999999940000,
      "y": 0,
    },
    Object {
      "x": 999999952000,
      "y": 0,
    },
    Object {
      "x": 999999964000,
      "y": 0,
    },
    Object {
      "x": 999999976000,
      "y": 0,
    },
    Object {
      "x": 999999988000,
      "y": 0,
    },
    Object {
      "x": 1000000000000,
      "y": 0,
    },
  ],
}
`;

exports[`formatTimeseriesMap multiple series: multiple series 1`] = `
Object {
  "All": Array [
    Object {
      "x": 999997852000,
      "y": 0,
    },
    Object {
      "x": 999997864000,
      "y": 0,
    },
    Object {
      "x": 999997876000,
      "y": 0,
    },
    Object {
      "x": 999997888000,
      "y": 0,
    },
    Object {
      "x": 999997900000,
      "y": 0,
    },
    Object {
      "x": 999997912000,
      "y": 0,
    },
    Object {
      "x": 999997924000,
      "y": 0,
    },
    Object {
      "x": 999997936000,
      "y": 0,
    },
    Object {
      "x": 999997948000,
      "y": 0,
    },
    Object {
      "x": 999997960000,
      "y": 0,
    },
    Object {
      "x": 999997972000,
      "y": 0,
    },
    Object {
      "x": 999997984000,
      "y": 0,
    },
    Object {
      "x": 999997996000,
      "y": 0,
    },
    Object {
      "x": 999998008000,
      "y": 0,
    },
    Object {
      "x": 999998020000,
      "y": 0,
    },
    Object {
      "x": 999998032000,
      "y": 0,
    },
    Object {
      "x": 999998044000,
      "y": 0,
    },
    Object {
      "x": 999998056000,
      "y": 0,
    },
    Object {
      "x": 999998068000,
      "y": 0,
    },
    Object {
      "x": 999998080000,
      "y": 0,
    },
    Object {
      "x": 999998092000,
      "y": 0,
    },
    Object {
      "x": 999998104000,
      "y": 0,
    },
    Object {
      "x": 999998116000,
      "y": 0,
    },
    Object {
      "x": 999998128000,
      "y": 0,
    },
    Object {
      "x": 999998140000,
      "y": 0,
    },
    Object {
      "x": 999998152000,
      "y": 0,
    },
    Object {
      "x": 999998164000,
      "y": 0,
    },
    Object {
      "x": 999998176000,
      "y": 0,
    },
    Object {
      "x": 999998188000,
      "y": 0,
    },
    Object {
      "x": 999998200000,
      "y": 0,
    },
    Object {
      "x": 999998212000,
      "y": 0,
    },
    Object {
      "x": 999998224000,
      "y": 0,
    },
    Object {
      "x": 999998236000,
      "y": 0,
    },
    Object {
      "x": 999998248000,
      "y": 0,
    },
    Object {
      "x": 999998260000,
      "y": 0,
    },
    Object {
      "x": 999998272000,
      "y": 0,
    },
    Object {
      "x": 999998284000,
      "y": 0,
    },
    Object {
      "x": 999998296000,
      "y": 0,
    },
    Object {
      "x": 999998308000,
      "y": 0,
    },
    Object {
      "x": 999998320000,
      "y": 0,
    },
    Object {
      "x": 999998332000,
      "y": 0,
    },
    Object {
      "x": 999998344000,
      "y": 0,
    },
    Object {
      "x": 999998356000,
      "y": 0,
    },
    Object {
      "x": 999998368000,
      "y": 0,
    },
    Object {
      "x": 999998380000,
      "y": 0,
    },
    Object {
      "x": 999998392000,
      "y": 0,
    },
    Object {
      "x": 999998404000,
      "y": 0,
    },
    Object {
      "x": 999998416000,
      "y": 0,
    },
    Object {
      "x": 999998428000,
      "y": 0,
    },
    Object {
      "x": 999998440000,
      "y": 0,
    },
    Object {
      "x": 999998452000,
      "y": 0,
    },
    Object {
      "x": 999998464000,
      "y": 0,
    },
    Object {
      "x": 999998476000,
      "y": 0,
    },
    Object {
      "x": 999998488000,
      "y": 0,
    },
    Object {
      "x": 999998500000,
      "y": 0,
    },
    Object {
      "x": 999998512000,
      "y": 0,
    },
    Object {
      "x": 999998524000,
      "y": 0,
    },
    Object {
      "x": 999998536000,
      "y": 0,
    },
    Object {
      "x": 999998548000,
      "y": 0,
    },
    Object {
      "x": 999998560000,
      "y": 0,
    },
    Object {
      "x": 999998572000,
      "y": 0,
    },
    Object {
      "x": 999998584000,
      "y": 0,
    },
    Object {
      "x": 999998596000,
      "y": 0,
    },
    Object {
      "x": 999998608000,
      "y": 0,
    },
    Object {
      "x": 999998620000,
      "y": 0,
    },
    Object {
      "x": 999998632000,
      "y": 0,
    },
    Object {
      "x": 999998644000,
      "y": 0,
    },
    Object {
      "x": 999998656000,
      "y": 0,
    },
    Object {
      "x": 999998668000,
      "y": 0,
    },
    Object {
      "x": 999998680000,
      "y": 0,
    },
    Object {
      "x": 999998692000,
      "y": 0,
    },
    Object {
      "x": 999998704000,
      "y": 0,
    },
    Object {
      "x": 999998716000,
      "y": 0,
    },
    Object {
      "x": 999998728000,
      "y": 0,
    },
    Object {
      "x": 999998740000,
      "y": 0,
    },
    Object {
      "x": 999998752000,
      "y": 0,
    },
    Object {
      "x": 999998764000,
      "y": 0,
    },
    Object {
      "x": 999998776000,
      "y": 0,
    },
    Object {
      "x": 999998788000,
      "y": 0,
    },
    Object {
      "x": 999998800000,
      "y": 0,
    },
    Object {
      "x": 999998812000,
      "y": 0,
    },
    Object {
      "x": 999998824000,
      "y": 0,
    },
    Object {
      "x": 999998836000,
      "y": 0,
    },
    Object {
      "x": 999998848000,
      "y": 0,
    },
    Object {
      "x": 999998860000,
      "y": 0,
    },
    Object {
      "x": 999998872000,
      "y": 0,
    },
    Object {
      "x": 999998884000,
      "y": 0,
    },
    Object {
      "x": 999998896000,
      "y": 0,
    },
    Object {
      "x": 999998908000,
      "y": 0,
    },
    Object {
      "x": 999998920000,
      "y": 0,
    },
    Object {
      "x": 999998932000,
      "y": 0,
    },
    Object {
      "x": 999998944000,
      "y": 0,
    },
    Object {
      "x": 999998956000,
      "y": 0,
    },
    Object {
      "x": 999998968000,
      "y": 0,
    },
    Object {
      "x": 999998980000,
      "y": 0,
    },
    Object {
      "x": 999998992000,
      "y": 0,
    },
    Object {
      "x": 999999004000,
      "y": 0,
    },
    Object {
      "x": 999999016000,
      "y": 0,
    },
    Object {
      "x": 999999028000,
      "y": 0,
    },
    Object {
      "x": 999999040000,
      "y": 0,
    },
    Object {
      "x": 999999052000,
      "y": 0,
    },
    Object {
      "x": 999999064000,
      "y": 0,
    },
    Object {
      "x": 999999076000,
      "y": 0,
    },
    Object {
      "x": 999999088000,
      "y": 0,
    },
    Object {
      "x": 999999100000,
      "y": 0,
    },
    Object {
      "x": 999999112000,
      "y": 0,
    },
    Object {
      "x": 999999124000,
      "y": 0,
    },
    Object {
      "x": 999999136000,
      "y": 0,
    },
    Object {
      "x": 999999148000,
      "y": 0,
    },
    Object {
      "x": 999999160000,
      "y": 0,
    },
    Object {
      "x": 999999172000,
      "y": 0,
    },
    Object {
      "x": 999999184000,
      "y": 0,
    },
    Object {
      "x": 999999196000,
      "y": 0,
    },
    Object {
      "x": 999999208000,
      "y": 0,
    },
    Object {
      "x": 999999220000,
      "y": 0,
    },
    Object {
      "x": 999999232000,
      "y": 0,
    },
    Object {
      "x": 999999244000,
      "y": 0,
    },
    Object {
      "x": 999999256000,
      "y": 0,
    },
    Object {
      "x": 999999268000,
      "y": 0,
    },
    Object {
      "x": 999999280000,
      "y": 0,
    },
    Object {
      "x": 999999292000,
      "y": 0,
    },
    Object {
      "x": 999999304000,
      "y": 0,
    },
    Object {
      "x": 999999316000,
      "y": 0,
    },
    Object {
      "x": 999999328000,
      "y": 0,
    },
    Object {
      "x": 999999340000,
      "y": 0,
    },
    Object {
      "x": 999999352000,
      "y": 0,
    },
    Object {
      "x": 999999364000,
      "y": 0,
    },
    Object {
      "x": 999999376000,
      "y": 0,
    },
    Object {
      "x": 999999388000,
      "y": 0,
    },
    Object {
      "x": 999999400000,
      "y": 0,
    },
    Object {
      "x": 999999412000,
      "y": 0,
    },
    Object {
      "x": 999999424000,
      "y": 0,
    },
    Object {
      "x": 999999436000,
      "y": 0,
    },
    Object {
      "x": 999999448000,
      "y": 0,
    },
    Object {
      "x": 999999460000,
      "y": 0,
    },
    Object {
      "x": 999999472000,
      "y": 0,
    },
    Object {
      "x": 999999484000,
      "y": 0,
    },
    Object {
      "x": 999999496000,
      "y": 0,
    },
    Object {
      "x": 999999508000,
      "y": 0,
    },
    Object {
      "x": 999999520000,
      "y": 0,
    },
    Object {
      "x": 999999532000,
      "y": 0,
    },
    Object {
      "x": 999999544000,
      "y": 0,
    },
    Object {
      "x": 999999556000,
      "y": 0,
    },
    Object {
      "x": 999999568000,
      "y": 0,
    },
    Object {
      "x": 999999580000,
      "y": 0,
    },
    Object {
      "x": 999999592000,
      "y": 0,
    },
    Object {
      "x": 999999604000,
      "y": 0,
    },
    Object {
      "x": 999999616000,
      "y": 0,
    },
    Object {
      "x": 999999628000,
      "y": 0,
    },
    Object {
      "x": 999999640000,
      "y": 0,
    },
    Object {
      "x": 999999652000,
      "y": 0,
    },
    Object {
      "x": 999999664000,
      "y": 0,
    },
    Object {
      "x": 999999676000,
      "y": 0,
    },
    Object {
      "x": 999999688000,
      "y": 0,
    },
    Object {
      "x": 999999700000,
      "y": 0,
    },
    Object {
      "x": 999999712000,
      "y": 0,
    },
    Object {
      "x": 999999724000,
      "y": 0,
    },
    Object {
      "x": 999999736000,
      "y": 0,
    },
    Object {
      "x": 999999748000,
      "y": 0,
    },
    Object {
      "x": 999999760000,
      "y": 0,
    },
    Object {
      "x": 999999772000,
      "y": 0,
    },
    Object {
      "x": 999999784000,
      "y": 0,
    },
    Object {
      "x": 999999796000,
      "y": 0,
    },
    Object {
      "x": 999999808000,
      "y": 0,
    },
    Object {
      "x": 999999820000,
      "y": 0,
    },
    Object {
      "x": 999999832000,
      "y": 0,
    },
    Object {
      "x": 999999844000,
      "y": 0,
    },
    Object {
      "x": 999999856000,
      "y": 0,
    },
    Object {
      "x": 999999868000,
      "y": 0,
    },
    Object {
      "x": 999999880000,
      "y": 0,
    },
    Object {
      "x": 999999892000,
      "y": 0,
    },
    Object {
      "x": 999999904000,
      "y": 0,
    },
    Object {
      "x": 999999916000,
      "y": 0,
    },
    Object {
      "x": 999999928000,
      "y": 0,
    },
    Object {
      "x": 999999940000,
      "y": 0,
    },
    Object {
      "x": 999999952000,
      "y": 0,
    },
    Object {
      "x": 999999964000,
      "y": 0,
    },
    Object {
      "x": 999999976000,
      "y": 3,
    },
    Object {
      "x": 999999988000,
      "y": 4,
    },
    Object {
      "x": 1000000000000,
      "y": 5,
    },
  ],
  "First": Array [
    Object {
      "x": 999997852000,
      "y": 0,
    },
    Object {
      "x": 999997864000,
      "y": 0,
    },
    Object {
      "x": 999997876000,
      "y": 0,
    },
    Object {
      "x": 999997888000,
      "y": 0,
    },
    Object {
      "x": 999997900000,
      "y": 0,
    },
    Object {
      "x": 999997912000,
      "y": 0,
    },
    Object {
      "x": 999997924000,
      "y": 0,
    },
    Object {
      "x": 999997936000,
      "y": 0,
    },
    Object {
      "x": 999997948000,
      "y": 0,
    },
    Object {
      "x": 999997960000,
      "y": 0,
    },
    Object {
      "x": 999997972000,
      "y": 0,
    },
    Object {
      "x": 999997984000,
      "y": 0,
    },
    Object {
      "x": 999997996000,
      "y": 0,
    },
    Object {
      "x": 999998008000,
      "y": 0,
    },
    Object {
      "x": 999998020000,
      "y": 0,
    },
    Object {
      "x": 999998032000,
      "y": 0,
    },
    Object {
      "x": 999998044000,
      "y": 0,
    },
    Object {
      "x": 999998056000,
      "y": 0,
    },
    Object {
      "x": 999998068000,
      "y": 0,
    },
    Object {
      "x": 999998080000,
      "y": 0,
    },
    Object {
      "x": 999998092000,
      "y": 0,
    },
    Object {
      "x": 999998104000,
      "y": 0,
    },
    Object {
      "x": 999998116000,
      "y": 0,
    },
    Object {
      "x": 999998128000,
      "y": 0,
    },
    Object {
      "x": 999998140000,
      "y": 0,
    },
    Object {
      "x": 999998152000,
      "y": 0,
    },
    Object {
      "x": 999998164000,
      "y": 0,
    },
    Object {
      "x": 999998176000,
      "y": 0,
    },
    Object {
      "x": 999998188000,
      "y": 0,
    },
    Object {
      "x": 999998200000,
      "y": 0,
    },
    Object {
      "x": 999998212000,
      "y": 0,
    },
    Object {
      "x": 999998224000,
      "y": 0,
    },
    Object {
      "x": 999998236000,
      "y": 0,
    },
    Object {
      "x": 999998248000,
      "y": 0,
    },
    Object {
      "x": 999998260000,
      "y": 0,
    },
    Object {
      "x": 999998272000,
      "y": 0,
    },
    Object {
      "x": 999998284000,
      "y": 0,
    },
    Object {
      "x": 999998296000,
      "y": 0,
    },
    Object {
      "x": 999998308000,
      "y": 0,
    },
    Object {
      "x": 999998320000,
      "y": 0,
    },
    Object {
      "x": 999998332000,
      "y": 0,
    },
    Object {
      "x": 999998344000,
      "y": 0,
    },
    Object {
      "x": 999998356000,
      "y": 0,
    },
    Object {
      "x": 999998368000,
      "y": 0,
    },
    Object {
      "x": 999998380000,
      "y": 0,
    },
    Object {
      "x": 999998392000,
      "y": 0,
    },
    Object {
      "x": 999998404000,
      "y": 0,
    },
    Object {
      "x": 999998416000,
      "y": 0,
    },
    Object {
      "x": 999998428000,
      "y": 0,
    },
    Object {
      "x": 999998440000,
      "y": 0,
    },
    Object {
      "x": 999998452000,
      "y": 0,
    },
    Object {
      "x": 999998464000,
      "y": 0,
    },
    Object {
      "x": 999998476000,
      "y": 0,
    },
    Object {
      "x": 999998488000,
      "y": 0,
    },
    Object {
      "x": 999998500000,
      "y": 0,
    },
    Object {
      "x": 999998512000,
      "y": 0,
    },
    Object {
      "x": 999998524000,
      "y": 0,
    },
    Object {
      "x": 999998536000,
      "y": 0,
    },
    Object {
      "x": 999998548000,
      "y": 0,
    },
    Object {
      "x": 999998560000,
      "y": 0,
    },
    Object {
      "x": 999998572000,
      "y": 0,
    },
    Object {
      "x": 999998584000,
      "y": 0,
    },
    Object {
      "x": 999998596000,
      "y": 0,
    },
    Object {
      "x": 999998608000,
      "y": 0,
    },
    Object {
      "x": 999998620000,
      "y": 0,
    },
    Object {
      "x": 999998632000,
      "y": 0,
    },
    Object {
      "x": 999998644000,
      "y": 0,
    },
    Object {
      "x": 999998656000,
      "y": 0,
    },
    Object {
      "x": 999998668000,
      "y": 0,
    },
    Object {
      "x": 999998680000,
      "y": 0,
    },
    Object {
      "x": 999998692000,
      "y": 0,
    },
    Object {
      "x": 999998704000,
      "y": 0,
    },
    Object {
      "x": 999998716000,
      "y": 0,
    },
    Object {
      "x": 999998728000,
      "y": 0,
    },
    Object {
      "x": 999998740000,
      "y": 0,
    },
    Object {
      "x": 999998752000,
      "y": 0,
    },
    Object {
      "x": 999998764000,
      "y": 0,
    },
    Object {
      "x": 999998776000,
      "y": 0,
    },
    Object {
      "x": 999998788000,
      "y": 0,
    },
    Object {
      "x": 999998800000,
      "y": 0,
    },
    Object {
      "x": 999998812000,
      "y": 0,
    },
    Object {
      "x": 999998824000,
      "y": 0,
    },
    Object {
      "x": 999998836000,
      "y": 0,
    },
    Object {
      "x": 999998848000,
      "y": 0,
    },
    Object {
      "x": 999998860000,
      "y": 0,
    },
    Object {
      "x": 999998872000,
      "y": 0,
    },
    Object {
      "x": 999998884000,
      "y": 0,
    },
    Object {
      "x": 999998896000,
      "y": 0,
    },
    Object {
      "x": 999998908000,
      "y": 0,
    },
    Object {
      "x": 999998920000,
      "y": 0,
    },
    Object {
      "x": 999998932000,
      "y": 0,
    },
    Object {
      "x": 999998944000,
      "y": 0,
    },
    Object {
      "x": 999998956000,
      "y": 0,
    },
    Object {
      "x": 999998968000,
      "y": 0,
    },
    Object {
      "x": 999998980000,
      "y": 0,
    },
    Object {
      "x": 999998992000,
      "y": 0,
    },
    Object {
      "x": 999999004000,
      "y": 0,
    },
    Object {
      "x": 999999016000,
      "y": 0,
    },
    Object {
      "x": 999999028000,
      "y": 0,
    },
    Object {
      "x": 999999040000,
      "y": 0,
    },
    Object {
      "x": 999999052000,
      "y": 0,
    },
    Object {
      "x": 999999064000,
      "y": 0,
    },
    Object {
      "x": 999999076000,
      "y": 0,
    },
    Object {
      "x": 999999088000,
      "y": 0,
    },
    Object {
      "x": 999999100000,
      "y": 0,
    },
    Object {
      "x": 999999112000,
      "y": 0,
    },
    Object {
      "x": 999999124000,
      "y": 0,
    },
    Object {
      "x": 999999136000,
      "y": 0,
    },
    Object {
      "x": 999999148000,
      "y": 0,
    },
    Object {
      "x": 999999160000,
      "y": 0,
    },
    Object {
      "x": 999999172000,
      "y": 0,
    },
    Object {
      "x": 999999184000,
      "y": 0,
    },
    Object {
      "x": 999999196000,
      "y": 0,
    },
    Object {
      "x": 999999208000,
      "y": 0,
    },
    Object {
      "x": 999999220000,
      "y": 0,
    },
    Object {
      "x": 999999232000,
      "y": 0,
    },
    Object {
      "x": 999999244000,
      "y": 0,
    },
    Object {
      "x": 999999256000,
      "y": 0,
    },
    Object {
      "x": 999999268000,
      "y": 0,
    },
    Object {
      "x": 999999280000,
      "y": 0,
    },
    Object {
      "x": 999999292000,
      "y": 0,
    },
    Object {
      "x": 999999304000,
      "y": 0,
    },
    Object {
      "x": 999999316000,
      "y": 0,
    },
    Object {
      "x": 999999328000,
      "y": 0,
    },
    Object {
      "x": 999999340000,
      "y": 0,
    },
    Object {
      "x": 999999352000,
      "y": 0,
    },
    Object {
      "x": 999999364000,
      "y": 0,
    },
    Object {
      "x": 999999376000,
      "y": 0,
    },
    Object {
      "x": 999999388000,
      "y": 0,
    },
    Object {
      "x": 999999400000,
      "y": 0,
    },
    Object {
      "x": 999999412000,
      "y": 0,
    },
    Object {
      "x": 999999424000,
      "y": 0,
    },
    Object {
      "x": 999999436000,
      "y": 0,
    },
    Object {
      "x": 999999448000,
      "y": 0,
    },
    Object {
      "x": 999999460000,
      "y": 0,
    },
    Object {
      "x": 999999472000,
      "y": 0,
    },
    Object {
      "x": 999999484000,
      "y": 0,
    },
    Object {
      "x": 999999496000,
      "y": 0,
    },
    Object {
      "x": 999999508000,
      "y": 0,
    },
    Object {
      "x": 999999520000,
      "y": 0,
    },
    Object {
      "x": 999999532000,
      "y": 0,
    },
    Object {
      "x": 999999544000,
      "y": 0,
    },
    Object {
      "x": 999999556000,
      "y": 0,
    },
    Object {
      "x": 999999568000,
      "y": 0,
    },
    Object {
      "x": 999999580000,
      "y": 0,
    },
    Object {
      "x": 999999592000,
      "y": 0,
    },
    Object {
      "x": 999999604000,
      "y": 0,
    },
    Object {
      "x": 999999616000,
      "y": 0,
    },
    Object {
      "x": 999999628000,
      "y": 0,
    },
    Object {
      "x": 999999640000,
      "y": 0,
    },
    Object {
      "x": 999999652000,
      "y": 0,
    },
    Object {
      "x": 999999664000,
      "y": 0,
    },
    Object {
      "x": 999999676000,
      "y": 0,
    },
    Object {
      "x": 999999688000,
      "y": 0,
    },
    Object {
      "x": 999999700000,
      "y": 0,
    },
    Object {
      "x": 999999712000,
      "y": 0,
    },
    Object {
      "x": 999999724000,
      "y": 0,
    },
    Object {
      "x": 999999736000,
      "y": 0,
    },
    Object {
      "x": 999999748000,
      "y": 0,
    },
    Object {
      "x": 999999760000,
      "y": 0,
    },
    Object {
      "x": 999999772000,
      "y": 0,
    },
    Object {
      "x": 999999784000,
      "y": 0,
    },
    Object {
      "x": 999999796000,
      "y": 0,
    },
    Object {
      "x": 999999808000,
      "y": 0,
    },
    Object {
      "x": 999999820000,
      "y": 0,
    },
    Object {
      "x": 999999832000,
      "y": 0,
    },
    Object {
      "x": 999999844000,
      "y": 0,
    },
    Object {
      "x": 999999856000,
      "y": 0,
    },
    Object {
      "x": 999999868000,
      "y": 0,
    },
    Object {
      "x": 999999880000,
      "y": 0,
    },
    Object {
      "x": 999999892000,
      "y": 0,
    },
    Object {
      "x": 999999904000,
      "y": 0,
    },
    Object {
      "x": 999999916000,
      "y": 0,
    },
    Object {
      "x": 999999928000,
      "y": 0,
    },
    Object {
      "x": 999999940000,
      "y": 0,
    },
    Object {
      "x": 999999952000,
      "y": 0,
    },
    Object {
      "x": 999999964000,
      "y": 0,
    },
    Object {
      "x": 999999976000,
      "y": 1,
    },
    Object {
      "x": 999999988000,
      "y": 2,
    },
    Object {
      "x": 1000000000000,
      "y": 3,
    },
  ],
  "Second": Array [
    Object {
      "x": 999997852000,
      "y": 0,
    },
    Object {
      "x": 999997864000,
      "y": 0,
    },
    Object {
      "x": 999997876000,
      "y": 0,
    },
    Object {
      "x": 999997888000,
      "y": 0,
    },
    Object {
      "x": 999997900000,
      "y": 0,
    },
    Object {
      "x": 999997912000,
      "y": 0,
    },
    Object {
      "x": 999997924000,
      "y": 0,
    },
    Object {
      "x": 999997936000,
      "y": 0,
    },
    Object {
      "x": 999997948000,
      "y": 0,
    },
    Object {
      "x": 999997960000,
      "y": 0,
    },
    Object {
      "x": 999997972000,
      "y": 0,
    },
    Object {
      "x": 999997984000,
      "y": 0,
    },
    Object {
      "x": 999997996000,
      "y": 0,
    },
    Object {
      "x": 999998008000,
      "y": 0,
    },
    Object {
      "x": 999998020000,
      "y": 0,
    },
    Object {
      "x": 999998032000,
      "y": 0,
    },
    Object {
      "x": 999998044000,
      "y": 0,
    },
    Object {
      "x": 999998056000,
      "y": 0,
    },
    Object {
      "x": 999998068000,
      "y": 0,
    },
    Object {
      "x": 999998080000,
      "y": 0,
    },
    Object {
      "x": 999998092000,
      "y": 0,
    },
    Object {
      "x": 999998104000,
      "y": 0,
    },
    Object {
      "x": 999998116000,
      "y": 0,
    },
    Object {
      "x": 999998128000,
      "y": 0,
    },
    Object {
      "x": 999998140000,
      "y": 0,
    },
    Object {
      "x": 999998152000,
      "y": 0,
    },
    Object {
      "x": 999998164000,
      "y": 0,
    },
    Object {
      "x": 999998176000,
      "y": 0,
    },
    Object {
      "x": 999998188000,
      "y": 0,
    },
    Object {
      "x": 999998200000,
      "y": 0,
    },
    Object {
      "x": 999998212000,
      "y": 0,
    },
    Object {
      "x": 999998224000,
      "y": 0,
    },
    Object {
      "x": 999998236000,
      "y": 0,
    },
    Object {
      "x": 999998248000,
      "y": 0,
    },
    Object {
      "x": 999998260000,
      "y": 0,
    },
    Object {
      "x": 999998272000,
      "y": 0,
    },
    Object {
      "x": 999998284000,
      "y": 0,
    },
    Object {
      "x": 999998296000,
      "y": 0,
    },
    Object {
      "x": 999998308000,
      "y": 0,
    },
    Object {
      "x": 999998320000,
      "y": 0,
    },
    Object {
      "x": 999998332000,
      "y": 0,
    },
    Object {
      "x": 999998344000,
      "y": 0,
    },
    Object {
      "x": 999998356000,
      "y": 0,
    },
    Object {
      "x": 999998368000,
      "y": 0,
    },
    Object {
      "x": 999998380000,
      "y": 0,
    },
    Object {
      "x": 999998392000,
      "y": 0,
    },
    Object {
      "x": 999998404000,
      "y": 0,
    },
    Object {
      "x": 999998416000,
      "y": 0,
    },
    Object {
      "x": 999998428000,
      "y": 0,
    },
    Object {
      "x": 999998440000,
      "y": 0,
    },
    Object {
      "x": 999998452000,
      "y": 0,
    },
    Object {
      "x": 999998464000,
      "y": 0,
    },
    Object {
      "x": 999998476000,
      "y": 0,
    },
    Object {
      "x": 999998488000,
      "y": 0,
    },
    Object {
      "x": 999998500000,
      "y": 0,
    },
    Object {
      "x": 999998512000,
      "y": 0,
    },
    Object {
      "x": 999998524000,
      "y": 0,
    },
    Object {
      "x": 999998536000,
      "y": 0,
    },
    Object {
      "x": 999998548000,
      "y": 0,
    },
    Object {
      "x": 999998560000,
      "y": 0,
    },
    Object {
      "x": 999998572000,
      "y": 0,
    },
    Object {
      "x": 999998584000,
      "y": 0,
    },
    Object {
      "x": 999998596000,
      "y": 0,
    },
    Object {
      "x": 999998608000,
      "y": 0,
    },
    Object {
      "x": 999998620000,
      "y": 0,
    },
    Object {
      "x": 999998632000,
      "y": 0,
    },
    Object {
      "x": 999998644000,
      "y": 0,
    },
    Object {
      "x": 999998656000,
      "y": 0,
    },
    Object {
      "x": 999998668000,
      "y": 0,
    },
    Object {
      "x": 999998680000,
      "y": 0,
    },
    Object {
      "x": 999998692000,
      "y": 0,
    },
    Object {
      "x": 999998704000,
      "y": 0,
    },
    Object {
      "x": 999998716000,
      "y": 0,
    },
    Object {
      "x": 999998728000,
      "y": 0,
    },
    Object {
      "x": 999998740000,
      "y": 0,
    },
    Object {
      "x": 999998752000,
      "y": 0,
    },
    Object {
      "x": 999998764000,
      "y": 0,
    },
    Object {
      "x": 999998776000,
      "y": 0,
    },
    Object {
      "x": 999998788000,
      "y": 0,
    },
    Object {
      "x": 999998800000,
      "y": 0,
    },
    Object {
      "x": 999998812000,
      "y": 0,
    },
    Object {
      "x": 999998824000,
      "y": 0,
    },
    Object {
      "x": 999998836000,
      "y": 0,
    },
    Object {
      "x": 999998848000,
      "y": 0,
    },
    Object {
      "x": 999998860000,
      "y": 0,
    },
    Object {
      "x": 999998872000,
      "y": 0,
    },
    Object {
      "x": 999998884000,
      "y": 0,
    },
    Object {
      "x": 999998896000,
      "y": 0,
    },
    Object {
      "x": 999998908000,
      "y": 0,
    },
    Object {
      "x": 999998920000,
      "y": 0,
    },
    Object {
      "x": 999998932000,
      "y": 0,
    },
    Object {
      "x": 999998944000,
      "y": 0,
    },
    Object {
      "x": 999998956000,
      "y": 0,
    },
    Object {
      "x": 999998968000,
      "y": 0,
    },
    Object {
      "x": 999998980000,
      "y": 0,
    },
    Object {
      "x": 999998992000,
      "y": 0,
    },
    Object {
      "x": 999999004000,
      "y": 0,
    },
    Object {
      "x": 999999016000,
      "y": 0,
    },
    Object {
      "x": 999999028000,
      "y": 0,
    },
    Object {
      "x": 999999040000,
      "y": 0,
    },
    Object {
      "x": 999999052000,
      "y": 0,
    },
    Object {
      "x": 999999064000,
      "y": 0,
    },
    Object {
      "x": 999999076000,
      "y": 0,
    },
    Object {
      "x": 999999088000,
      "y": 0,
    },
    Object {
      "x": 999999100000,
      "y": 0,
    },
    Object {
      "x": 999999112000,
      "y": 0,
    },
    Object {
      "x": 999999124000,
      "y": 0,
    },
    Object {
      "x": 999999136000,
      "y": 0,
    },
    Object {
      "x": 999999148000,
      "y": 0,
    },
    Object {
      "x": 999999160000,
      "y": 0,
    },
    Object {
      "x": 999999172000,
      "y": 0,
    },
    Object {
      "x": 999999184000,
      "y": 0,
    },
    Object {
      "x": 999999196000,
      "y": 0,
    },
    Object {
      "x": 999999208000,
      "y": 0,
    },
    Object {
      "x": 999999220000,
      "y": 0,
    },
    Object {
      "x": 999999232000,
      "y": 0,
    },
    Object {
      "x": 999999244000,
      "y": 0,
    },
    Object {
      "x": 999999256000,
      "y": 0,
    },
    Object {
      "x": 999999268000,
      "y": 0,
    },
    Object {
      "x": 999999280000,
      "y": 0,
    },
    Object {
      "x": 999999292000,
      "y": 0,
    },
    Object {
      "x": 999999304000,
      "y": 0,
    },
    Object {
      "x": 999999316000,
      "y": 0,
    },
    Object {
      "x": 999999328000,
      "y": 0,
    },
    Object {
      "x": 999999340000,
      "y": 0,
    },
    Object {
      "x": 999999352000,
      "y": 0,
    },
    Object {
      "x": 999999364000,
      "y": 0,
    },
    Object {
      "x": 999999376000,
      "y": 0,
    },
    Object {
      "x": 999999388000,
      "y": 0,
    },
    Object {
      "x": 999999400000,
      "y": 0,
    },
    Object {
      "x": 999999412000,
      "y": 0,
    },
    Object {
      "x": 999999424000,
      "y": 0,
    },
    Object {
      "x": 999999436000,
      "y": 0,
    },
    Object {
      "x": 999999448000,
      "y": 0,
    },
    Object {
      "x": 999999460000,
      "y": 0,
    },
    Object {
      "x": 999999472000,
      "y": 0,
    },
    Object {
      "x": 999999484000,
      "y": 0,
    },
    Object {
      "x": 999999496000,
      "y": 0,
    },
    Object {
      "x": 999999508000,
      "y": 0,
    },
    Object {
      "x": 999999520000,
      "y": 0,
    },
    Object {
      "x": 999999532000,
      "y": 0,
    },
    Object {
      "x": 999999544000,
      "y": 0,
    },
    Object {
      "x": 999999556000,
      "y": 0,
    },
    Object {
      "x": 999999568000,
      "y": 0,
    },
    Object {
      "x": 999999580000,
      "y": 0,
    },
    Object {
      "x": 999999592000,
      "y": 0,
    },
    Object {
      "x": 999999604000,
      "y": 0,
    },
    Object {
      "x": 999999616000,
      "y": 0,
    },
    Object {
      "x": 999999628000,
      "y": 0,
    },
    Object {
      "x": 999999640000,
      "y": 0,
    },
    Object {
      "x": 999999652000,
      "y": 0,
    },
    Object {
      "x": 999999664000,
      "y": 0,
    },
    Object {
      "x": 999999676000,
      "y": 0,
    },
    Object {
      "x": 999999688000,
      "y": 0,
    },
    Object {
      "x": 999999700000,
      "y": 0,
    },
    Object {
      "x": 999999712000,
      "y": 0,
    },
    Object {
      "x": 999999724000,
      "y": 0,
    },
    Object {
      "x": 999999736000,
      "y": 0,
    },
    Object {
      "x": 999999748000,
      "y": 0,
    },
    Object {
      "x": 999999760000,
      "y": 0,
    },
    Object {
      "x": 999999772000,
      "y": 0,
    },
    Object {
      "x": 999999784000,
      "y": 0,
    },
    Object {
      "x": 999999796000,
      "y": 0,
    },
    Object {
      "x": 999999808000,
      "y": 0,
    },
    Object {
      "x": 999999820000,
      "y": 0,
    },
    Object {
      "x": 999999832000,
      "y": 0,
    },
    Object {
      "x": 999999844000,
      "y": 0,
    },
    Object {
      "x": 999999856000,
      "y": 0,
    },
    Object {
      "x": 999999868000,
      "y": 0,
    },
    Object {
      "x": 999999880000,
      "y": 0,
    },
    Object {
      "x": 999999892000,
      "y": 0,
    },
    Object {
      "x": 999999904000,
      "y": 0,
    },
    Object {
      "x": 999999916000,
      "y": 0,
    },
    Object {
      "x": 999999928000,
      "y": 0,
    },
    Object {
      "x": 999999940000,
      "y": 0,
    },
    Object {
      "x": 999999952000,
      "y": 0,
    },
    Object {
      "x": 999999964000,
      "y": 0,
    },
    Object {
      "x": 999999976000,
      "y": 4,
    },
    Object {
      "x": 999999988000,
      "y": 5,
    },
    Object {
      "x": 1000000000000,
      "y": 6,
    },
  ],
}
`;

exports[`formatTimeseriesMap timespan < max span: timespan < max span 1`] = `
Object {
  "All": Array [
    Object {
      "x": 999997852000,
      "y": 0,
    },
    Object {
      "x": 999997864000,
      "y": 0,
    },
    Object {
      "x": 999997876000,
      "y": 0,
    },
    Object {
      "x": 999997888000,
      "y": 0,
    },
    Object {
      "x": 999997900000,
      "y": 0,
    },
    Object {
      "x": 999997912000,
      "y": 0,
    },
    Object {
      "x": 999997924000,
      "y": 0,
    },
    Object {
      "x": 999997936000,
      "y": 0,
    },
    Object {
      "x": 999997948000,
      "y": 0,
    },
    Object {
      "x": 999997960000,
      "y": 0,
    },
    Object {
      "x": 999997972000,
      "y": 0,
    },
    Object {
      "x": 999997984000,
      "y": 0,
    },
    Object {
      "x": 999997996000,
      "y": 0,
    },
    Object {
      "x": 999998008000,
      "y": 0,
    },
    Object {
      "x": 999998020000,
      "y": 0,
    },
    Object {
      "x": 999998032000,
      "y": 0,
    },
    Object {
      "x": 999998044000,
      "y": 0,
    },
    Object {
      "x": 999998056000,
      "y": 0,
    },
    Object {
      "x": 999998068000,
      "y": 0,
    },
    Object {
      "x": 999998080000,
      "y": 0,
    },
    Object {
      "x": 999998092000,
      "y": 0,
    },
    Object {
      "x": 999998104000,
      "y": 0,
    },
    Object {
      "x": 999998116000,
      "y": 0,
    },
    Object {
      "x": 999998128000,
      "y": 0,
    },
    Object {
      "x": 999998140000,
      "y": 0,
    },
    Object {
      "x": 999998152000,
      "y": 0,
    },
    Object {
      "x": 999998164000,
      "y": 0,
    },
    Object {
      "x": 999998176000,
      "y": 0,
    },
    Object {
      "x": 999998188000,
      "y": 0,
    },
    Object {
      "x": 999998200000,
      "y": 0,
    },
    Object {
      "x": 999998212000,
      "y": 0,
    },
    Object {
      "x": 999998224000,
      "y": 0,
    },
    Object {
      "x": 999998236000,
      "y": 0,
    },
    Object {
      "x": 999998248000,
      "y": 0,
    },
    Object {
      "x": 999998260000,
      "y": 0,
    },
    Object {
      "x": 999998272000,
      "y": 0,
    },
    Object {
      "x": 999998284000,
      "y": 0,
    },
    Object {
      "x": 999998296000,
      "y": 0,
    },
    Object {
      "x": 999998308000,
      "y": 0,
    },
    Object {
      "x": 999998320000,
      "y": 0,
    },
    Object {
      "x": 999998332000,
      "y": 0,
    },
    Object {
      "x": 999998344000,
      "y": 0,
    },
    Object {
      "x": 999998356000,
      "y": 0,
    },
    Object {
      "x": 999998368000,
      "y": 0,
    },
    Object {
      "x": 999998380000,
      "y": 0,
    },
    Object {
      "x": 999998392000,
      "y": 0,
    },
    Object {
      "x": 999998404000,
      "y": 0,
    },
    Object {
      "x": 999998416000,
      "y": 0,
    },
    Object {
      "x": 999998428000,
      "y": 0,
    },
    Object {
      "x": 999998440000,
      "y": 0,
    },
    Object {
      "x": 999998452000,
      "y": 0,
    },
    Object {
      "x": 999998464000,
      "y": 0,
    },
    Object {
      "x": 999998476000,
      "y": 0,
    },
    Object {
      "x": 999998488000,
      "y": 0,
    },
    Object {
      "x": 999998500000,
      "y": 0,
    },
    Object {
      "x": 999998512000,
      "y": 0,
    },
    Object {
      "x": 999998524000,
      "y": 0,
    },
    Object {
      "x": 999998536000,
      "y": 0,
    },
    Object {
      "x": 999998548000,
      "y": 0,
    },
    Object {
      "x": 999998560000,
      "y": 0,
    },
    Object {
      "x": 999998572000,
      "y": 0,
    },
    Object {
      "x": 999998584000,
      "y": 0,
    },
    Object {
      "x": 999998596000,
      "y": 0,
    },
    Object {
      "x": 999998608000,
      "y": 0,
    },
    Object {
      "x": 999998620000,
      "y": 0,
    },
    Object {
      "x": 999998632000,
      "y": 0,
    },
    Object {
      "x": 999998644000,
      "y": 0,
    },
    Object {
      "x": 999998656000,
      "y": 0,
    },
    Object {
      "x": 999998668000,
      "y": 0,
    },
    Object {
      "x": 999998680000,
      "y": 0,
    },
    Object {
      "x": 999998692000,
      "y": 0,
    },
    Object {
      "x": 999998704000,
      "y": 0,
    },
    Object {
      "x": 999998716000,
      "y": 0,
    },
    Object {
      "x": 999998728000,
      "y": 0,
    },
    Object {
      "x": 999998740000,
      "y": 0,
    },
    Object {
      "x": 999998752000,
      "y": 0,
    },
    Object {
      "x": 999998764000,
      "y": 0,
    },
    Object {
      "x": 999998776000,
      "y": 0,
    },
    Object {
      "x": 999998788000,
      "y": 0,
    },
    Object {
      "x": 999998800000,
      "y": 0,
    },
    Object {
      "x": 999998812000,
      "y": 0,
    },
    Object {
      "x": 999998824000,
      "y": 0,
    },
    Object {
      "x": 999998836000,
      "y": 0,
    },
    Object {
      "x": 999998848000,
      "y": 0,
    },
    Object {
      "x": 999998860000,
      "y": 0,
    },
    Object {
      "x": 999998872000,
      "y": 0,
    },
    Object {
      "x": 999998884000,
      "y": 0,
    },
    Object {
      "x": 999998896000,
      "y": 0,
    },
    Object {
      "x": 999998908000,
      "y": 0,
    },
    Object {
      "x": 999998920000,
      "y": 0,
    },
    Object {
      "x": 999998932000,
      "y": 0,
    },
    Object {
      "x": 999998944000,
      "y": 0,
    },
    Object {
      "x": 999998956000,
      "y": 0,
    },
    Object {
      "x": 999998968000,
      "y": 0,
    },
    Object {
      "x": 999998980000,
      "y": 0,
    },
    Object {
      "x": 999998992000,
      "y": 0,
    },
    Object {
      "x": 999999004000,
      "y": 0,
    },
    Object {
      "x": 999999016000,
      "y": 0,
    },
    Object {
      "x": 999999028000,
      "y": 0,
    },
    Object {
      "x": 999999040000,
      "y": 0,
    },
    Object {
      "x": 999999052000,
      "y": 0,
    },
    Object {
      "x": 999999064000,
      "y": 0,
    },
    Object {
      "x": 999999076000,
      "y": 0,
    },
    Object {
      "x": 999999088000,
      "y": 0,
    },
    Object {
      "x": 999999100000,
      "y": 0,
    },
    Object {
      "x": 999999112000,
      "y": 0,
    },
    Object {
      "x": 999999124000,
      "y": 0,
    },
    Object {
      "x": 999999136000,
      "y": 0,
    },
    Object {
      "x": 999999148000,
      "y": 0,
    },
    Object {
      "x": 999999160000,
      "y": 0,
    },
    Object {
      "x": 999999172000,
      "y": 0,
    },
    Object {
      "x": 999999184000,
      "y": 0,
    },
    Object {
      "x": 999999196000,
      "y": 0,
    },
    Object {
      "x": 999999208000,
      "y": 0,
    },
    Object {
      "x": 999999220000,
      "y": 0,
    },
    Object {
      "x": 999999232000,
      "y": 0,
    },
    Object {
      "x": 999999244000,
      "y": 0,
    },
    Object {
      "x": 999999256000,
      "y": 0,
    },
    Object {
      "x": 999999268000,
      "y": 0,
    },
    Object {
      "x": 999999280000,
      "y": 0,
    },
    Object {
      "x": 999999292000,
      "y": 0,
    },
    Object {
      "x": 999999304000,
      "y": 0,
    },
    Object {
      "x": 999999316000,
      "y": 0,
    },
    Object {
      "x": 999999328000,
      "y": 0,
    },
    Object {
      "x": 999999340000,
      "y": 0,
    },
    Object {
      "x": 999999352000,
      "y": 0,
    },
    Object {
      "x": 999999364000,
      "y": 0,
    },
    Object {
      "x": 999999376000,
      "y": 0,
    },
    Object {
      "x": 999999388000,
      "y": 0,
    },
    Object {
      "x": 999999400000,
      "y": 0,
    },
    Object {
      "x": 999999412000,
      "y": 0,
    },
    Object {
      "x": 999999424000,
      "y": 0,
    },
    Object {
      "x": 999999436000,
      "y": 0,
    },
    Object {
      "x": 999999448000,
      "y": 0,
    },
    Object {
      "x": 999999460000,
      "y": 0,
    },
    Object {
      "x": 999999472000,
      "y": 0,
    },
    Object {
      "x": 999999484000,
      "y": 0,
    },
    Object {
      "x": 999999496000,
      "y": 0,
    },
    Object {
      "x": 999999508000,
      "y": 0,
    },
    Object {
      "x": 999999520000,
      "y": 0,
    },
    Object {
      "x": 999999532000,
      "y": 0,
    },
    Object {
      "x": 999999544000,
      "y": 0,
    },
    Object {
      "x": 999999556000,
      "y": 0,
    },
    Object {
      "x": 999999568000,
      "y": 0,
    },
    Object {
      "x": 999999580000,
      "y": 0,
    },
    Object {
      "x": 999999592000,
      "y": 0,
    },
    Object {
      "x": 999999604000,
      "y": 0,
    },
    Object {
      "x": 999999616000,
      "y": 0,
    },
    Object {
      "x": 999999628000,
      "y": 0,
    },
    Object {
      "x": 999999640000,
      "y": 0,
    },
    Object {
      "x": 999999652000,
      "y": 0,
    },
    Object {
      "x": 999999664000,
      "y": 0,
    },
    Object {
      "x": 999999676000,
      "y": 0,
    },
    Object {
      "x": 999999688000,
      "y": 0,
    },
    Object {
      "x": 999999700000,
      "y": 0,
    },
    Object {
      "x": 999999712000,
      "y": 0,
    },
    Object {
      "x": 999999724000,
      "y": 0,
    },
    Object {
      "x": 999999736000,
      "y": 0,
    },
    Object {
      "x": 999999748000,
      "y": 0,
    },
    Object {
      "x": 999999760000,
      "y": 0,
    },
    Object {
      "x": 999999772000,
      "y": 0,
    },
    Object {
      "x": 999999784000,
      "y": 0,
    },
    Object {
      "x": 999999796000,
      "y": 0,
    },
    Object {
      "x": 999999808000,
      "y": 0,
    },
    Object {
      "x": 999999820000,
      "y": 0,
    },
    Object {
      "x": 999999832000,
      "y": 0,
    },
    Object {
      "x": 999999844000,
      "y": 0,
    },
    Object {
      "x": 999999856000,
      "y": 0,
    },
    Object {
      "x": 999999868000,
      "y": 0,
    },
    Object {
      "x": 999999880000,
      "y": 0,
    },
    Object {
      "x": 999999892000,
      "y": 0,
    },
    Object {
      "x": 999999904000,
      "y": 0,
    },
    Object {
      "x": 999999916000,
      "y": 0,
    },
    Object {
      "x": 999999928000,
      "y": 0,
    },
    Object {
      "x": 999999940000,
      "y": 0,
    },
    Object {
      "x": 999999952000,
      "y": 0,
    },
    Object {
      "x": 999999964000,
      "y": 0,
    },
    Object {
      "x": 999999976000,
      "y": 1,
    },
    Object {
      "x": 999999988000,
      "y": 2,
    },
    Object {
      "x": 1000000000000,
      "y": 3,
    },
  ],
}
`;
