2026-09-26 15:08:41.808 UTC INF workflow/server.go:2360 Migration ID for workflow wf_dst2: 2237468975948595240
2026-09-26 15:08:41.820 UTC INF workflow/server.go:2360 Migration ID for workflow wf_dst2_reverse: 2875708237184522464
2026-09-26 15:08:41.831 UTC INF topo/locks.go:167 Locking named src/wf_dst2_reverse for action WorkflowSwitchTraffic with options: {lockType:2 ttl:0}
2026-09-26 15:08:41.851 UTC INF topotools/keyspace.go:45 RefreshTabletsByShard called on shard src/0
2026-09-26 15:08:41.851 UTC INF topotools/keyspace.go:45 RefreshTabletsByShard called on shard dst2/-80
2026-09-26 15:08:41.858 UTC INF topotools/keyspace.go:89 Calling RefreshState on tablet zone1-0000000100 with a timeout of 29.993825952s
2026-09-26 15:08:41.858 UTC INF topotools/keyspace.go:89 Calling RefreshState on tablet zone1-0000000101 with a timeout of 29.993184387s
2026-09-26 15:08:41.862 UTC INF topotools/keyspace.go:45 RefreshTabletsByShard called on shard dst2/80-
2026-09-26 15:08:41.868 UTC INF topotools/keyspace.go:89 Calling RefreshState on tablet zone1-0000000102 with a timeout of 29.983364147s
2026-09-26 15:08:41.873 UTC INF workflow/server.go:2984 Switching reads: src.wf_dst2_reverse tablet types: replica,rdonly, cells: , workflow state: All Reads Switched. Writes Switched
2026-09-26 15:08:41.885 UTC INF topo/locks.go:167 Locking keyspace dst2 for action SwitchReads with options: {lockType:0 ttl:30000000000}
2026-09-26 15:08:41.891 UTC INF topo/locks.go:167 Locking keyspace src for action SwitchReads with options: {lockType:0 ttl:30000000000}
2026-09-26 15:08:41.900 UTC INF workflow/traffic_switcher.go:662 switchTableReads: workflow: wf_dst2_reverse, direction: forward, cells: [], tablet types: [REPLICA RDONLY]
2026-09-26 15:08:41.901 UTC INF topotools/routing_rules.go:59 Saving routing rules map[dst2.sbtest1@rdonly:[src.sbtest1] dst2.sbtest1@replica:[src.sbtest1] dst2.sbtest2@rdonly:[src.sbtest2] dst2.sbtest2@replica:[src.sbtest2] sbtest1:[dst2.sbtest1] sbtest1@rdonly:[src.sbtest1] sbtest1@replica:[src.sbtest1] sbtest2:[dst2.sbtest2] sbtest2@rdonly:[src.sbtest2] sbtest2@replica:[src.sbtest2] src.sbtest1:[dst2.sbtest1] src.sbtest1@rdonly:[src.sbtest1] src.sbtest1@replica:[src.sbtest1] src.sbtest2:[dst2.sbtest2] src.sbtest2@rdonly:[src.sbtest2] src.sbtest2@replica:[src.sbtest2]]

2026-09-26 15:08:41.903 UTC INF topo/locks.go:219 Unlocking keyspace src for successful action SwitchReads
2026-09-26 15:08:41.905 UTC INF topo/locks.go:219 Unlocking keyspace dst2 for successful action SwitchReads
2026-09-26 15:08:41.907 UTC INF workflow/server.go:2901 Switch Reads done for workflow dst2.wf_dst2
2026-09-26 15:08:41.932 UTC INF topo/locks.go:167 Locking keyspace dst2 for action SwitchWrites with options: {lockType:0 ttl:120000000000}
2026-09-26 15:08:41.937 UTC INF topo/locks.go:167 Locking keyspace src for action SwitchWrites with options: {lockType:0 ttl:120000000000}
2026-09-26 15:08:41.946 UTC INF workflow/server.go:3264 No previous journals were found. Proceeding normally.
2026-09-26 15:08:41.946 UTC INF workflow/server.go:3283 Stopping source writes
2026-09-26 15:08:41.950 UTC INF syslogger/syslogger.go:133 dst2/-80 [shard] updated value: primary_alias:{cell:"zone1" uid:101} primary_term_start_time:{seconds:1790434318 nanoseconds:808880737} key_range:{end:"\x80"} tablet_controls:{tablet_type:PRIMARY denied_tables:"sbtest1" denied_tables:"sbtest2"} is_primary_serving:true
2026-09-26 15:08:41.950 UTC INF topotools/keyspace.go:45 RefreshTabletsByShard called on shard dst2/-80
2026-09-26 15:08:41.950 UTC INF syslogger/syslogger.go:133 src/0 [shard] updated value: primary_alias:{cell:"zone1" uid:100} primary_term_start_time:{seconds:1790434318 nanoseconds:555166856} is_primary_serving:true
2026-09-26 15:08:41.950 UTC INF topotools/keyspace.go:45 RefreshTabletsByShard called on shard src/0
2026-09-26 15:08:41.951 UTC INF syslogger/syslogger.go:133 dst2/80- [shard] updated value: primary_alias:{cell:"zone1" uid:102} primary_term_start_time:{seconds:1790434319 nanoseconds:44186274} key_range:{start:"\x80"} tablet_controls:{tablet_type:PRIMARY denied_tables:"sbtest1" denied_tables:"sbtest2"} is_primary_serving:true
2026-09-26 15:08:41.951 UTC INF topotools/keyspace.go:45 RefreshTabletsByShard called on shard dst2/80-
2026-09-26 15:08:41.955 UTC INF topotools/keyspace.go:89 Calling RefreshState on tablet zone1-0000000100 with a timeout of 29.995371975s
2026-09-26 15:08:41.955 UTC INF topotools/keyspace.go:89 Calling RefreshState on tablet zone1-0000000101 with a timeout of 29.994988965s
2026-09-26 15:08:41.959 UTC INF topotools/keyspace.go:89 Calling RefreshState on tablet zone1-0000000102 with a timeout of 29.991911416s
2026-09-26 15:08:41.968 UTC INF workflow/server.go:3291 Stopping streams
2026-09-26 15:08:41.968 UTC INF workflow/server.go:3312 Executing LOCK TABLES on source tables 2 times
2026-09-26 15:08:41.968 UTC INF workflow/traffic_switcher.go:1473 Locking (and then immediately unlocking) the following tables on source keyspace dst2: [sbtest1 sbtest2]
2026-09-26 15:08:42.078 UTC INF workflow/traffic_switcher.go:1473 Locking (and then immediately unlocking) the following tables on source keyspace dst2: [sbtest1 sbtest2]
2026-09-26 15:08:42.188 UTC INF workflow/traffic_switcher.go:1537 Position on migration source zone1-0000000101 after having stopped writes: MySQL56/ceaa057f-b9b9-11f1-a22f-02fc00000001:1-46606
2026-09-26 15:08:42.188 UTC INF workflow/traffic_switcher.go:1537 Position on migration source zone1-0000000102 after having stopped writes: MySQL56/cead245f-b9b9-11f1-a737-02fc00000001:1-45562
2026-09-26 15:08:42.189 UTC INF workflow/server.go:3337 Waiting for streams to catchup
2026-09-26 15:08:42.189 UTC INF workflow/traffic_switcher.go:1044 Before Catchup: uid: 44, target primary zone1-0000000100, target position , shard primary_alias:{cell:"zone1" uid:100} primary_term_start_time:{seconds:1790434318 nanoseconds:555166856} tablet_controls:{tablet_type:PRIMARY denied_tables:"sbtest1" denied_tables:"sbtest2"} is_primary_serving:true
2026-09-26 15:08:42.189 UTC INF workflow/traffic_switcher.go:1048 Before Catchup: waiting for keyspace:shard: src:0 to reach source position MySQL56/ceaa057f-b9b9-11f1-a22f-02fc00000001:1-46606, uid 44
2026-09-26 15:08:42.190 UTC INF workflow/traffic_switcher.go:1044 Before Catchup: uid: 45, target primary zone1-0000000100, target position , shard primary_alias:{cell:"zone1" uid:100} primary_term_start_time:{seconds:1790434318 nanoseconds:555166856} tablet_controls:{tablet_type:PRIMARY denied_tables:"sbtest1" denied_tables:"sbtest2"} is_primary_serving:true
2026-09-26 15:08:42.190 UTC INF workflow/traffic_switcher.go:1048 Before Catchup: waiting for keyspace:shard: src:0 to reach source position MySQL56/cead245f-b9b9-11f1-a737-02fc00000001:1-45562, uid 45
2026-09-26 15:08:42.192 UTC INF workflow/traffic_switcher.go:1053 After catchup: target keyspace:shard: src:0, source position MySQL56/ceaa057f-b9b9-11f1-a22f-02fc00000001:1-46606, uid 44
2026-09-26 15:08:42.192 UTC INF workflow/traffic_switcher.go:1055 After catchup: position for keyspace:shard: src:0 reached, uid 44
2026-09-26 15:08:42.193 UTC INF workflow/traffic_switcher.go:1053 After catchup: target keyspace:shard: src:0, source position MySQL56/cead245f-b9b9-11f1-a737-02fc00000001:1-45562, uid 45
2026-09-26 15:08:42.193 UTC INF workflow/traffic_switcher.go:1055 After catchup: position for keyspace:shard: src:0 reached, uid 45
2026-09-26 15:08:42.203 UTC INF workflow/traffic_switcher.go:1069 After catchup, position for target primary zone1-0000000100, MySQL56/cea9456f-b9b9-11f1-9103-02fc00000001:1-94382
2026-09-26 15:08:42.204 UTC INF workflow/server.go:3348 Migrating streams
2026-09-26 15:08:42.204 UTC INF workflow/server.go:3359 Resetting sequences
2026-09-26 15:08:42.206 UTC INF workflow/server.go:3370 Creating reverse streams
2026-09-26 15:08:42.212 UTC INF grpctmclient/client.go:1339 VDiff for tablet cell:"zone1" uid:102, request keyspace:"dst2" workflow:"wf_dst2" action:"delete" action_arg:"all"
2026-09-26 15:08:42.212 UTC INF grpctmclient/client.go:1339 VDiff for tablet cell:"zone1" uid:101, request keyspace:"dst2" workflow:"wf_dst2" action:"delete" action_arg:"all"
2026-09-26 15:08:42.215 UTC INF workflow/traffic_switcher.go:977 Creating reverse workflow vreplication stream on tablet cell:"zone1" uid:102: workflow wf_dst2, startPos MySQL56/cea9456f-b9b9-11f1-9103-02fc00000001:1-94382
2026-09-26 15:08:42.215 UTC INF workflow/traffic_switcher.go:977 Creating reverse workflow vreplication stream on tablet cell:"zone1" uid:101: workflow wf_dst2, startPos MySQL56/cea9456f-b9b9-11f1-9103-02fc00000001:1-94382
2026-09-26 15:08:42.223 UTC INF workflow/traffic_switcher.go:994 Updating vreplication stream entry on cell:"zone1" uid:102 with: update _vt.vreplication set cell = 'zone1', tablet_types = 'replica,primary', options = '{"sharded_auto_increment_handling":1}' where workflow = 'wf_dst2' and db_name = 'vt_dst2'
2026-09-26 15:08:42.223 UTC INF workflow/traffic_switcher.go:994 Updating vreplication stream entry on cell:"zone1" uid:101 with: update _vt.vreplication set cell = 'zone1', tablet_types = 'replica,primary', options = '{"sharded_auto_increment_handling":1}' where workflow = 'wf_dst2' and db_name = 'vt_dst2'
2026-09-26 15:08:42.233 UTC INF workflow/server.go:3420 Creating journals for workflow src.wf_dst2_reverse
2026-09-26 15:08:42.233 UTC INF workflow/traffic_switcher.go:712 In createJournals for source workflows []
2026-09-26 15:08:42.233 UTC INF workflow/traffic_switcher.go:748 Creating journal: id:2875708237184522464 tables:"sbtest1" tables:"sbtest2" local_position:"MySQL56/ceaa057f-b9b9-11f1-a22f-02fc00000001:1-46606" shard_gtids:{keyspace:"src" shard:"0" gtid:"MySQL56/cea9456f-b9b9-11f1-9103-02fc00000001:1-94382"} participants:{keyspace:"dst2" shard:"-80"} participants:{keyspace:"dst2" shard:"80-"}
2026-09-26 15:08:42.233 UTC INF workflow/traffic_switcher.go:748 Creating journal: id:2875708237184522464 tables:"sbtest1" tables:"sbtest2" local_position:"MySQL56/cead245f-b9b9-11f1-a737-02fc00000001:1-45562" shard_gtids:{keyspace:"src" shard:"0" gtid:"MySQL56/cea9456f-b9b9-11f1-9103-02fc00000001:1-94382"} participants:{keyspace:"dst2" shard:"-80"} participants:{keyspace:"dst2" shard:"80-"}
2026-09-26 15:08:42.238 UTC INF workflow/server.go:3424 Created journals for workflow src.wf_dst2_reverse
2026-09-26 15:08:42.238 UTC INF workflow/server.go:3426 Allowing writes on target for workflow src.wf_dst2_reverse
2026-09-26 15:08:42.241 UTC WRN topo/shard.go:444 Trying to remove TabletControl.DeniedTables for missing type PRIMARY in shard src/0
2026-09-26 15:08:42.242 UTC WRN topo/shard.go:517 one or more tables were already present in the denylist:sbtest1,sbtest2
2026-09-26 15:08:42.242 UTC INF syslogger/syslogger.go:133 src/0 [shard] updated value: primary_alias:{cell:"zone1" uid:100} primary_term_start_time:{seconds:1790434318 nanoseconds:555166856} is_primary_serving:true
2026-09-26 15:08:42.242 UTC INF topotools/keyspace.go:45 RefreshTabletsByShard called on shard src/0
2026-09-26 15:08:42.243 UTC WRN topo/shard.go:517 one or more tables were already present in the denylist:sbtest1,sbtest2
2026-09-26 15:08:42.245 UTC INF syslogger/syslogger.go:133 dst2/80- [shard] updated value: primary_alias:{cell:"zone1" uid:102} primary_term_start_time:{seconds:1790434319 nanoseconds:44186274} key_range:{start:"\x80"} tablet_controls:{tablet_type:PRIMARY denied_tables:"sbtest1" denied_tables:"sbtest2"} is_primary_serving:true
2026-09-26 15:08:42.245 UTC INF topotools/keyspace.go:45 RefreshTabletsByShard called on shard dst2/80-
2026-09-26 15:08:42.245 UTC INF syslogger/syslogger.go:133 dst2/-80 [shard] updated value: primary_alias:{cell:"zone1" uid:101} primary_term_start_time:{seconds:1790434318 nanoseconds:808880737} key_range:{end:"\x80"} tablet_controls:{tablet_type:PRIMARY denied_tables:"sbtest1" denied_tables:"sbtest2"} is_primary_serving:true
2026-09-26 15:08:42.245 UTC INF topotools/keyspace.go:45 RefreshTabletsByShard called on shard dst2/-80
2026-09-26 15:08:42.250 UTC INF topotools/keyspace.go:89 Calling RefreshState on tablet zone1-0000000100 with a timeout of 29.982937703s
2026-09-26 15:08:42.251 UTC INF topotools/keyspace.go:89 Calling RefreshState on tablet zone1-0000000102 with a timeout of 29.981705386s
2026-09-26 15:08:42.253 UTC INF topotools/keyspace.go:89 Calling RefreshState on tablet zone1-0000000101 with a timeout of 29.979986519s
2026-09-26 15:08:42.259 UTC INF workflow/server.go:3430 Allowed writes on target for workflow src.wf_dst2_reverse
2026-09-26 15:08:42.259 UTC INF workflow/server.go:3432 Updating routing rules for workflow src.wf_dst2_reverse
2026-09-26 15:08:42.261 UTC INF workflow/traffic_switcher.go:812 Deleted routing: src.sbtest1
2026-09-26 15:08:42.261 UTC INF workflow/traffic_switcher.go:815 Added routing: sbtest1 dst2.sbtest1
2026-09-26 15:08:42.261 UTC INF workflow/traffic_switcher.go:812 Deleted routing: src.sbtest2
2026-09-26 15:08:42.261 UTC INF workflow/traffic_switcher.go:815 Added routing: sbtest2 dst2.sbtest2
2026-09-26 15:08:42.261 UTC INF topotools/routing_rules.go:59 Saving routing rules map[dst2.sbtest1:[src.sbtest1] dst2.sbtest1@rdonly:[src.sbtest1] dst2.sbtest1@replica:[src.sbtest1] dst2.sbtest2:[src.sbtest2] dst2.sbtest2@rdonly:[src.sbtest2] dst2.sbtest2@replica:[src.sbtest2] sbtest1:[src.sbtest1] sbtest1@rdonly:[src.sbtest1] sbtest1@replica:[src.sbtest1] sbtest2:[src.sbtest2] sbtest2@rdonly:[src.sbtest2] sbtest2@replica:[src.sbtest2] src.sbtest1@rdonly:[src.sbtest1] src.sbtest1@replica:[src.sbtest1] src.sbtest2@rdonly:[src.sbtest2] src.sbtest2@replica:[src.sbtest2]]

2026-09-26 15:08:42.267 UTC INF workflow/server.go:3436 Updated routing rules for workflow src.wf_dst2_reverse
2026-09-26 15:08:42.267 UTC INF workflow/server.go:3438 Finalizing stream migrations for workflow src.wf_dst2_reverse
2026-09-26 15:08:42.267 UTC INF workflow/server.go:3442 Finalized stream migrations for workflow src.wf_dst2_reverse
2026-09-26 15:08:42.267 UTC INF workflow/server.go:3445 Starting reverse workflow wf_dst2 on keyspace dst2
2026-09-26 15:08:42.274 UTC INF workflow/server.go:3449 Started reverse workflow wf_dst2 on keyspace dst2
2026-09-26 15:08:42.274 UTC INF workflow/server.go:3455 Marking workflow frozen src.wf_dst2_reverse
2026-09-26 15:08:42.274 UTC INF workflow/traffic_switcher.go:1222 Marking target streams frozen for workflow wf_dst2_reverse db_name vt_src
2026-09-26 15:08:42.287 UTC INF workflow/server.go:3459 Marked workflow frozen src.wf_dst2_reverse
2026-09-26 15:08:42.287 UTC INF workflow/server.go:3461 Switch writes completed for workflow src.wf_dst2_reverse
2026-09-26 15:08:42.287 UTC INF topo/locks.go:219 Unlocking keyspace src for successful action SwitchWrites
2026-09-26 15:08:42.290 UTC INF topo/locks.go:219 Unlocking keyspace dst2 for successful action SwitchWrites
2026-09-26 15:08:42.294 UTC INF workflow/server.go:2911 Switch Writes done for workflow dst2.wf_dst2
2026-09-26 15:08:42.294 UTC INF workflow/server.go:2926 ReverseTraffic done for workflow dst2.wf_dst2
2026-09-26 15:08:42.294 UTC INF workflow/server.go:2933 ReverseTraffic done for workflow dst2.wf_dst2
2026-09-26 15:08:42.294 UTC INF workflow/server.go:2938 Before reloading workflow state after switching traffic: All Reads Switched. Writes Switched

2026-09-26 15:08:42.299 UTC INF workflow/server.go:2360 Migration ID for workflow wf_dst2_reverse: 2875708237184522464
2026-09-26 15:08:42.306 UTC INF workflow/server.go:2954 ReverseTraffic done for workflow dst2.wf_dst2, returning response summary:"ReverseTraffic was successful for workflow dst2.wf_dst2" start_state:"All Reads Switched. Writes Switched" current_state:"Reads Not Switched. Writes Not Switched"
2026-09-26 15:08:42.306 UTC INF topo/locks.go:219 Unlocking named src/wf_dst2_reverse for successful action WorkflowSwitchTraffic
