2026-09-26 15:00:29.053 UTC INF workflow/server.go:2360 Migration ID for workflow wf_dst2: 3011581987396330428
2026-09-26 15:00:29.064 UTC INF topo/locks.go:167 Locking named dst2/wf_dst2 for action WorkflowSwitchTraffic with options: {lockType:2 ttl:0}
2026-09-26 15:00:29.084 UTC INF topotools/keyspace.go:45 RefreshTabletsByShard called on shard src/0
2026-09-26 15:00:29.084 UTC INF topotools/keyspace.go:45 RefreshTabletsByShard called on shard dst2/-80
2026-09-26 15:00:29.087 UTC INF topotools/keyspace.go:89 Calling RefreshState on tablet zone1-0000000101 with a timeout of 29.997039536s
2026-09-26 15:00:29.089 UTC INF topotools/keyspace.go:89 Calling RefreshState on tablet zone1-0000000100 with a timeout of 29.995269969s
2026-09-26 15:00:29.096 UTC INF topotools/keyspace.go:45 RefreshTabletsByShard called on shard dst2/80-
2026-09-26 15:00:29.098 UTC INF topotools/keyspace.go:89 Calling RefreshState on tablet zone1-0000000102 with a timeout of 29.985890085s
2026-09-26 15:00:29.105 UTC INF workflow/server.go:2984 Switching reads: dst2.wf_dst2 tablet types: replica,rdonly, cells: , workflow state: Reads Not Switched. Writes Not Switched
2026-09-26 15:00:29.108 UTC INF topo/locks.go:167 Locking keyspace src for action SwitchReads with options: {lockType:0 ttl:30000000000}
2026-09-26 15:00:29.112 UTC INF topo/locks.go:167 Locking keyspace dst2 for action SwitchReads with options: {lockType:0 ttl:30000000000}
2026-09-26 15:00:29.116 UTC INF workflow/traffic_switcher.go:662 switchTableReads: workflow: wf_dst2, direction: forward, cells: [], tablet types: [REPLICA RDONLY]
2026-09-26 15:00:29.116 UTC INF topotools/routing_rules.go:59 Saving routing rules map[dst2.sbtest1:[src.sbtest1] dst2.sbtest1@rdonly:[dst2.sbtest1] dst2.sbtest1@replica:[dst2.sbtest1] dst2.sbtest2:[src.sbtest2] dst2.sbtest2@rdonly:[dst2.sbtest2] dst2.sbtest2@replica:[dst2.sbtest2] sbtest1:[src.sbtest1] sbtest1@rdonly:[dst2.sbtest1] sbtest1@replica:[dst2.sbtest1] sbtest2:[src.sbtest2] sbtest2@rdonly:[dst2.sbtest2] sbtest2@replica:[dst2.sbtest2] src.sbtest1@rdonly:[dst2.sbtest1] src.sbtest1@replica:[dst2.sbtest1] src.sbtest2@rdonly:[dst2.sbtest2] src.sbtest2@replica:[dst2.sbtest2]]

2026-09-26 15:00:29.117 UTC INF topo/locks.go:219 Unlocking keyspace dst2 for successful action SwitchReads
2026-09-26 15:00:29.119 UTC INF topo/locks.go:219 Unlocking keyspace src for successful action SwitchReads
2026-09-26 15:00:29.120 UTC INF workflow/server.go:2901 Switch Reads done for workflow dst2.wf_dst2
2026-09-26 15:00:29.134 UTC INF topo/locks.go:167 Locking keyspace src for action SwitchWrites with options: {lockType:0 ttl:120000000000}
2026-09-26 15:00:29.137 UTC INF topo/locks.go:167 Locking keyspace dst2 for action SwitchWrites with options: {lockType:0 ttl:120000000000}
2026-09-26 15:00:29.144 UTC INF workflow/server.go:3264 No previous journals were found. Proceeding normally.
2026-09-26 15:00:29.144 UTC INF workflow/server.go:3283 Stopping source writes
2026-09-26 15:00:29.146 UTC INF syslogger/syslogger.go:133 dst2/-80 [shard] updated value: primary_alias:{cell:"zone1" uid:101} primary_term_start_time:{seconds:1790434318 nanoseconds:808880737} key_range:{end:"\x80"} is_primary_serving:true
2026-09-26 15:00:29.146 UTC INF topotools/keyspace.go:45 RefreshTabletsByShard called on shard dst2/-80
2026-09-26 15:00:29.147 UTC INF syslogger/syslogger.go:133 dst2/80- [shard] updated value: primary_alias:{cell:"zone1" uid:102} primary_term_start_time:{seconds:1790434319 nanoseconds:44186274} key_range:{start:"\x80"} is_primary_serving:true
2026-09-26 15:00:29.147 UTC INF topotools/keyspace.go:45 RefreshTabletsByShard called on shard dst2/80-
2026-09-26 15:00:29.147 UTC INF syslogger/syslogger.go:133 src/0 [shard] updated value: primary_alias:{cell:"zone1" uid:100} primary_term_start_time:{seconds:1790434318 nanoseconds:555166856} tablet_controls:{tablet_type:PRIMARY denied_tables:"sbtest1" denied_tables:"sbtest2"} is_primary_serving:true
2026-09-26 15:00:29.147 UTC INF topotools/keyspace.go:45 RefreshTabletsByShard called on shard src/0
2026-09-26 15:00:29.154 UTC INF topotools/keyspace.go:89 Calling RefreshState on tablet zone1-0000000102 with a timeout of 29.992766776s
2026-09-26 15:00:29.154 UTC INF topotools/keyspace.go:89 Calling RefreshState on tablet zone1-0000000101 with a timeout of 29.992199909s
2026-09-26 15:00:29.155 UTC INF topotools/keyspace.go:89 Calling RefreshState on tablet zone1-0000000100 with a timeout of 29.992421676s
2026-09-26 15:00:29.164 UTC INF workflow/server.go:3291 Stopping streams
2026-09-26 15:00:29.164 UTC INF workflow/server.go:3312 Executing LOCK TABLES on source tables 2 times
2026-09-26 15:00:29.164 UTC INF workflow/traffic_switcher.go:1473 Locking (and then immediately unlocking) the following tables on source keyspace src: [sbtest1 sbtest2]
2026-09-26 15:00:29.271 UTC INF workflow/traffic_switcher.go:1473 Locking (and then immediately unlocking) the following tables on source keyspace src: [sbtest1 sbtest2]
2026-09-26 15:00:29.380 UTC INF workflow/traffic_switcher.go:1537 Position on migration source zone1-0000000100 after having stopped writes: MySQL56/cea9456f-b9b9-11f1-9103-02fc00000001:1-17430
2026-09-26 15:00:29.381 UTC INF workflow/server.go:3337 Waiting for streams to catchup
2026-09-26 15:00:29.381 UTC INF workflow/traffic_switcher.go:1044 Before Catchup: uid: 7, target primary zone1-0000000102, target position , shard primary_alias:{cell:"zone1" uid:102} primary_term_start_time:{seconds:1790434319 nanoseconds:44186274} key_range:{start:"\x80"} tablet_controls:{tablet_type:PRIMARY denied_tables:"sbtest1" denied_tables:"sbtest2"} is_primary_serving:true
2026-09-26 15:00:29.381 UTC INF workflow/traffic_switcher.go:1048 Before Catchup: waiting for keyspace:shard: dst2:80- to reach source position MySQL56/cea9456f-b9b9-11f1-9103-02fc00000001:1-17430, uid 7
2026-09-26 15:00:29.381 UTC INF workflow/traffic_switcher.go:1044 Before Catchup: uid: 7, target primary zone1-0000000101, target position , shard primary_alias:{cell:"zone1" uid:101} primary_term_start_time:{seconds:1790434318 nanoseconds:808880737} key_range:{end:"\x80"} tablet_controls:{tablet_type:PRIMARY denied_tables:"sbtest1" denied_tables:"sbtest2"} is_primary_serving:true
2026-09-26 15:00:29.381 UTC INF workflow/traffic_switcher.go:1048 Before Catchup: waiting for keyspace:shard: dst2:-80 to reach source position MySQL56/cea9456f-b9b9-11f1-9103-02fc00000001:1-17430, uid 7
2026-09-26 15:00:29.384 UTC INF workflow/traffic_switcher.go:1053 After catchup: target keyspace:shard: dst2:80-, source position MySQL56/cea9456f-b9b9-11f1-9103-02fc00000001:1-17430, uid 7
2026-09-26 15:00:29.384 UTC INF workflow/traffic_switcher.go:1055 After catchup: position for keyspace:shard: dst2:80- reached, uid 7
2026-09-26 15:00:31.385 UTC INF workflow/traffic_switcher.go:1053 After catchup: target keyspace:shard: dst2:-80, source position MySQL56/cea9456f-b9b9-11f1-9103-02fc00000001:1-17430, uid 7
2026-09-26 15:00:31.385 UTC INF workflow/traffic_switcher.go:1055 After catchup: position for keyspace:shard: dst2:-80 reached, uid 7
2026-09-26 15:00:31.391 UTC INF workflow/traffic_switcher.go:1069 After catchup, position for target primary zone1-0000000101, MySQL56/ceaa057f-b9b9-11f1-a22f-02fc00000001:1-7911
2026-09-26 15:00:31.391 UTC INF workflow/traffic_switcher.go:1069 After catchup, position for target primary zone1-0000000102, MySQL56/cead245f-b9b9-11f1-a737-02fc00000001:1-7719
2026-09-26 15:00:31.392 UTC INF workflow/server.go:3348 Migrating streams
2026-09-26 15:00:31.393 UTC INF workflow/server.go:3359 Resetting sequences
2026-09-26 15:00:31.393 UTC INF workflow/server.go:3370 Creating reverse streams
2026-09-26 15:00:31.397 UTC INF grpctmclient/client.go:1339 VDiff for tablet cell:"zone1" uid:100, request keyspace:"src" workflow:"wf_dst2_reverse" action:"delete" action_arg:"all"
2026-09-26 15:00:31.400 UTC INF workflow/traffic_switcher.go:977 Creating reverse workflow vreplication stream on tablet cell:"zone1" uid:100: workflow wf_dst2_reverse, startPos MySQL56/ceaa057f-b9b9-11f1-a22f-02fc00000001:1-7911
2026-09-26 15:00:31.400 UTC INF workflow/traffic_switcher.go:977 Creating reverse workflow vreplication stream on tablet cell:"zone1" uid:100: workflow wf_dst2_reverse, startPos MySQL56/cead245f-b9b9-11f1-a737-02fc00000001:1-7719
2026-09-26 15:00:31.405 UTC INF workflow/traffic_switcher.go:994 Updating vreplication stream entry on cell:"zone1" uid:100 with: update _vt.vreplication set cell = 'zone1', tablet_types = 'replica,primary', options = '{"sharded_auto_increment_handling":1}' where workflow = 'wf_dst2_reverse' and db_name = 'vt_src'
2026-09-26 15:00:31.408 UTC INF workflow/traffic_switcher.go:994 Updating vreplication stream entry on cell:"zone1" uid:100 with: update _vt.vreplication set cell = 'zone1', tablet_types = 'replica,primary', options = '{"sharded_auto_increment_handling":1}' where workflow = 'wf_dst2_reverse' and db_name = 'vt_src'
2026-09-26 15:00:31.416 UTC INF workflow/server.go:3420 Creating journals for workflow dst2.wf_dst2
2026-09-26 15:00:31.416 UTC INF workflow/traffic_switcher.go:712 In createJournals for source workflows []
2026-09-26 15:00:31.416 UTC INF workflow/traffic_switcher.go:748 Creating journal: id:3011581987396330428 tables:"sbtest1" tables:"sbtest2" local_position:"MySQL56/cea9456f-b9b9-11f1-9103-02fc00000001:1-17430" shard_gtids:{keyspace:"dst2" shard:"-80" gtid:"MySQL56/ceaa057f-b9b9-11f1-a22f-02fc00000001:1-7911"} shard_gtids:{keyspace:"dst2" shard:"80-" gtid:"MySQL56/cead245f-b9b9-11f1-a737-02fc00000001:1-7719"} participants:{keyspace:"src" shard:"0"}
2026-09-26 15:00:31.418 UTC INF workflow/server.go:3424 Created journals for workflow dst2.wf_dst2
2026-09-26 15:00:31.418 UTC INF workflow/server.go:3426 Allowing writes on target for workflow dst2.wf_dst2
2026-09-26 15:00:31.419 UTC WRN topo/shard.go:444 Trying to remove TabletControl.DeniedTables for missing type PRIMARY in shard dst2/80-
2026-09-26 15:00:31.420 UTC WRN topo/shard.go:444 Trying to remove TabletControl.DeniedTables for missing type PRIMARY in shard dst2/-80
2026-09-26 15:00:31.421 UTC WRN topo/shard.go:517 one or more tables were already present in the denylist:sbtest1,sbtest2
2026-09-26 15:00:31.421 UTC INF syslogger/syslogger.go:133 dst2/80- [shard] updated value: primary_alias:{cell:"zone1" uid:102} primary_term_start_time:{seconds:1790434319 nanoseconds:44186274} key_range:{start:"\x80"} is_primary_serving:true
2026-09-26 15:00:31.421 UTC INF topotools/keyspace.go:45 RefreshTabletsByShard called on shard dst2/80-
2026-09-26 15:00:31.423 UTC INF syslogger/syslogger.go:133 dst2/-80 [shard] updated value: primary_alias:{cell:"zone1" uid:101} primary_term_start_time:{seconds:1790434318 nanoseconds:808880737} key_range:{end:"\x80"} is_primary_serving:true
2026-09-26 15:00:31.423 UTC INF topotools/keyspace.go:45 RefreshTabletsByShard called on shard dst2/-80
2026-09-26 15:00:31.423 UTC INF syslogger/syslogger.go:133 src/0 [shard] updated value: primary_alias:{cell:"zone1" uid:100} primary_term_start_time:{seconds:1790434318 nanoseconds:555166856} tablet_controls:{tablet_type:PRIMARY denied_tables:"sbtest1" denied_tables:"sbtest2"} is_primary_serving:true
2026-09-26 15:00:31.423 UTC INF topotools/keyspace.go:45 RefreshTabletsByShard called on shard src/0
2026-09-26 15:00:31.426 UTC INF topotools/keyspace.go:89 Calling RefreshState on tablet zone1-0000000102 with a timeout of 29.989757424s
2026-09-26 15:00:31.427 UTC INF topotools/keyspace.go:89 Calling RefreshState on tablet zone1-0000000101 with a timeout of 29.988636583s
2026-09-26 15:00:31.428 UTC INF topotools/keyspace.go:89 Calling RefreshState on tablet zone1-0000000100 with a timeout of 29.987846715s
2026-09-26 15:00:31.433 UTC INF workflow/server.go:3430 Allowed writes on target for workflow dst2.wf_dst2
2026-09-26 15:00:31.433 UTC INF workflow/server.go:3432 Updating routing rules for workflow dst2.wf_dst2
2026-09-26 15:00:31.433 UTC INF workflow/traffic_switcher.go:812 Deleted routing: dst2.sbtest1
2026-09-26 15:00:31.433 UTC INF workflow/traffic_switcher.go:815 Added routing: sbtest1 src.sbtest1
2026-09-26 15:00:31.433 UTC INF workflow/traffic_switcher.go:812 Deleted routing: dst2.sbtest2
2026-09-26 15:00:31.433 UTC INF workflow/traffic_switcher.go:815 Added routing: sbtest2 src.sbtest2
2026-09-26 15:00:31.433 UTC INF topotools/routing_rules.go:59 Saving routing rules map[dst2.sbtest1@rdonly:[dst2.sbtest1] dst2.sbtest1@replica:[dst2.sbtest1] dst2.sbtest2@rdonly:[dst2.sbtest2] dst2.sbtest2@replica:[dst2.sbtest2] sbtest1:[dst2.sbtest1] sbtest1@rdonly:[dst2.sbtest1] sbtest1@replica:[dst2.sbtest1] sbtest2:[dst2.sbtest2] sbtest2@rdonly:[dst2.sbtest2] sbtest2@replica:[dst2.sbtest2] src.sbtest1:[dst2.sbtest1] src.sbtest1@rdonly:[dst2.sbtest1] src.sbtest1@replica:[dst2.sbtest1] src.sbtest2:[dst2.sbtest2] src.sbtest2@rdonly:[dst2.sbtest2] src.sbtest2@replica:[dst2.sbtest2]]

2026-09-26 15:00:31.439 UTC INF workflow/server.go:3436 Updated routing rules for workflow dst2.wf_dst2
2026-09-26 15:00:31.439 UTC INF workflow/server.go:3438 Finalizing stream migrations for workflow dst2.wf_dst2
2026-09-26 15:00:31.439 UTC INF workflow/server.go:3442 Finalized stream migrations for workflow dst2.wf_dst2
2026-09-26 15:00:31.439 UTC INF workflow/server.go:3445 Starting reverse workflow wf_dst2_reverse on keyspace src
2026-09-26 15:00:31.451 UTC INF workflow/server.go:3449 Started reverse workflow wf_dst2_reverse on keyspace src
2026-09-26 15:00:31.451 UTC INF workflow/server.go:3455 Marking workflow frozen dst2.wf_dst2
2026-09-26 15:00:31.451 UTC INF workflow/traffic_switcher.go:1222 Marking target streams frozen for workflow wf_dst2 db_name vt_dst2
2026-09-26 15:00:31.451 UTC INF workflow/traffic_switcher.go:1222 Marking target streams frozen for workflow wf_dst2 db_name vt_dst2
2026-09-26 15:00:31.459 UTC INF workflow/server.go:3459 Marked workflow frozen dst2.wf_dst2
2026-09-26 15:00:31.459 UTC INF workflow/server.go:3461 Switch writes completed for workflow dst2.wf_dst2
2026-09-26 15:00:31.459 UTC INF topo/locks.go:219 Unlocking keyspace dst2 for successful action SwitchWrites
2026-09-26 15:00:31.461 UTC INF topo/locks.go:219 Unlocking keyspace src for successful action SwitchWrites
2026-09-26 15:00:31.464 UTC INF workflow/server.go:2911 Switch Writes done for workflow dst2.wf_dst2
2026-09-26 15:00:31.464 UTC INF workflow/server.go:2926 SwitchTraffic done for workflow dst2.wf_dst2
2026-09-26 15:00:31.464 UTC INF workflow/server.go:2933 SwitchTraffic done for workflow dst2.wf_dst2
2026-09-26 15:00:31.464 UTC INF workflow/server.go:2938 Before reloading workflow state after switching traffic: Reads Not Switched. Writes Not Switched

2026-09-26 15:00:31.474 UTC INF workflow/server.go:2360 Migration ID for workflow wf_dst2: 3011581987396330428
2026-09-26 15:00:31.484 UTC INF workflow/server.go:2954 SwitchTraffic done for workflow dst2.wf_dst2, returning response summary:"SwitchTraffic was successful for workflow dst2.wf_dst2" start_state:"Reads Not Switched. Writes Not Switched" current_state:"All Reads Switched. Writes Switched"
2026-09-26 15:00:31.484 UTC INF topo/locks.go:219 Unlocking named dst2/wf_dst2 for successful action WorkflowSwitchTraffic
