2026-09-26 16:38:35.249 UTC ERR grpclog/component.go:44 [transport]Client received GoAway with error code ENHANCE_YOUR_CALM and debug data equal to ASCII "too_many_pings".
2026-09-26 16:38:35.250 UTC ERR grpclog/component.go:44 [transport]Client received GoAway with error code ENHANCE_YOUR_CALM and debug data equal to ASCII "too_many_pings".
2026-09-26 16:38:35.287 UTC INF workflow/server.go:2360 Migration ID for workflow wf_dst2: 3710682254364235948
2026-09-26 16:38:35.305 UTC INF workflow/server.go:2360 Migration ID for workflow wf_dst2_reverse: 7937091708403150075
2026-09-26 16:38:35.326 UTC INF topo/locks.go:167 Locking named src/wf_dst2_reverse for action WorkflowSwitchTraffic with options: {lockType:2 ttl:0}
2026-09-26 16:38:35.347 UTC INF topotools/keyspace.go:45 RefreshTabletsByShard called on shard src/0
2026-09-26 16:38:35.347 UTC INF topotools/keyspace.go:45 RefreshTabletsByShard called on shard dst2/80-
2026-09-26 16:38:35.350 UTC INF topotools/keyspace.go:89 Calling RefreshState on tablet zone1-0000000102 with a timeout of 29.99744177s
2026-09-26 16:38:35.351 UTC ERR grpclog/component.go:44 [transport]Client received GoAway with error code ENHANCE_YOUR_CALM and debug data equal to ASCII "too_many_pings".
2026-09-26 16:38:35.354 UTC INF topotools/keyspace.go:89 Calling RefreshState on tablet zone1-0000000100 with a timeout of 29.993746233s
2026-09-26 16:38:35.356 UTC INF topotools/keyspace.go:45 RefreshTabletsByShard called on shard dst2/-80
2026-09-26 16:38:35.361 UTC INF topotools/keyspace.go:89 Calling RefreshState on tablet zone1-0000000101 with a timeout of 29.985997079s
2026-09-26 16:38:35.365 UTC INF workflow/server.go:2984 Switching reads: src.wf_dst2_reverse tablet types: replica,rdonly, cells: , workflow state: All Reads Switched. Writes Switched
2026-09-26 16:38:35.372 UTC INF topo/locks.go:167 Locking keyspace dst2 for action SwitchReads with options: {lockType:0 ttl:30000000000}
2026-09-26 16:38:35.375 UTC INF topo/locks.go:167 Locking keyspace src for action SwitchReads with options: {lockType:0 ttl:30000000000}
2026-09-26 16:38:35.381 UTC INF workflow/traffic_switcher.go:674 switchTableReads: workflow: wf_dst2_reverse, direction: forward, cells: [], tablet types: [REPLICA RDONLY]
2026-09-26 16:38:35.382 UTC INF topotools/routing_rules.go:59 Saving routing rules map[dst2.sbtest1@rdonly:[src.sbtest1] dst2.sbtest1@replica:[src.sbtest1] dst2.sbtest2@rdonly:[src.sbtest2] dst2.sbtest2@replica:[src.sbtest2] sbtest1:[dst2.sbtest1] sbtest1@rdonly:[src.sbtest1] sbtest1@replica:[src.sbtest1] sbtest2:[dst2.sbtest2] sbtest2@rdonly:[src.sbtest2] sbtest2@replica:[src.sbtest2] src.sbtest1:[dst2.sbtest1] src.sbtest1@rdonly:[src.sbtest1] src.sbtest1@replica:[src.sbtest1] src.sbtest2:[dst2.sbtest2] src.sbtest2@rdonly:[src.sbtest2] src.sbtest2@replica:[src.sbtest2]]

2026-09-26 16:38:35.383 UTC INF topo/locks.go:219 Unlocking keyspace src for successful action SwitchReads
2026-09-26 16:38:35.386 UTC INF topo/locks.go:219 Unlocking keyspace dst2 for successful action SwitchReads
2026-09-26 16:38:35.388 UTC INF workflow/server.go:2901 Switch Reads done for workflow dst2.wf_dst2
2026-09-26 16:38:35.402 UTC INF topo/locks.go:167 Locking keyspace dst2 for action SwitchWrites with options: {lockType:0 ttl:120000000000}
2026-09-26 16:38:35.414 UTC INF topo/locks.go:167 Locking keyspace src for action SwitchWrites with options: {lockType:0 ttl:120000000000}
2026-09-26 16:38:35.430 UTC INF workflow/server.go:3267 No previous journals were found. Proceeding normally.
2026-09-26 16:38:35.430 UTC INF workflow/server.go:3286 Stopping source writes
2026-09-26 16:38:35.435 UTC INF syslogger/syslogger.go:133 src/0 [shard] updated value: primary_alias:{cell:"zone1" uid:100} primary_term_start_time:{seconds:1790434318 nanoseconds:555166856} is_primary_serving:true
2026-09-26 16:38:35.435 UTC INF topotools/keyspace.go:45 RefreshTabletsByShard called on shard src/0
2026-09-26 16:38:35.437 UTC INF syslogger/syslogger.go:133 dst2/-80 [shard] updated value: primary_alias:{cell:"zone1" uid:101} primary_term_start_time:{seconds:1790434318 nanoseconds:808880737} key_range:{end:"\x80"} tablet_controls:{tablet_type:PRIMARY denied_tables:"sbtest1" denied_tables:"sbtest2"} is_primary_serving:true
2026-09-26 16:38:35.438 UTC INF topotools/keyspace.go:45 RefreshTabletsByShard called on shard dst2/-80
2026-09-26 16:38:35.439 UTC INF syslogger/syslogger.go:133 dst2/80- [shard] updated value: primary_alias:{cell:"zone1" uid:102} primary_term_start_time:{seconds:1790434319 nanoseconds:44186274} key_range:{start:"\x80"} tablet_controls:{tablet_type:PRIMARY denied_tables:"sbtest1" denied_tables:"sbtest2"} is_primary_serving:true
2026-09-26 16:38:35.439 UTC INF topotools/keyspace.go:45 RefreshTabletsByShard called on shard dst2/80-
2026-09-26 16:38:35.443 UTC INF topotools/keyspace.go:89 Calling RefreshState on tablet zone1-0000000102 with a timeout of 29.995455517s
2026-09-26 16:38:35.445 UTC INF topotools/keyspace.go:89 Calling RefreshState on tablet zone1-0000000100 with a timeout of 29.989515426s
2026-09-26 16:38:35.453 UTC INF topotools/keyspace.go:89 Calling RefreshState on tablet zone1-0000000101 with a timeout of 29.98441309s
2026-09-26 16:38:35.476 UTC INF workflow/server.go:3296 Stopped source writes
2026-09-26 16:38:35.476 UTC INF workflow/server.go:3298 Stopping streams
2026-09-26 16:38:35.479 UTC INF workflow/server.go:3319 Executing LOCK TABLES on source tables 2 times
2026-09-26 16:38:35.480 UTC INF workflow/traffic_switcher.go:1487 Locking (and then immediately unlocking) the following tables on source keyspace dst2: [sbtest1 sbtest2]
2026-09-26 16:38:35.588 UTC INF workflow/traffic_switcher.go:1487 Locking (and then immediately unlocking) the following tables on source keyspace dst2: [sbtest1 sbtest2]
2026-09-26 16:38:35.591 UTC INF workflow/traffic_switcher.go:1553 Position on migration source zone1-0000000101 after having stopped writes: MySQL56/ceaa057f-b9b9-11f1-a22f-02fc00000001:1-103794
2026-09-26 16:38:35.591 UTC INF workflow/traffic_switcher.go:1553 Position on migration source zone1-0000000102 after having stopped writes: MySQL56/cead245f-b9b9-11f1-a737-02fc00000001:1-102012
2026-09-26 16:38:35.592 UTC INF workflow/server.go:3349 Waiting for streams to catchup
2026-09-26 16:38:35.592 UTC INF workflow/traffic_switcher.go:1056 Before Catchup: uid: 90, target primary zone1-0000000100, target position , shard primary_alias:{cell:"zone1" uid:100} primary_term_start_time:{seconds:1790434318 nanoseconds:555166856} tablet_controls:{tablet_type:PRIMARY denied_tables:"sbtest1" denied_tables:"sbtest2"} is_primary_serving:true
2026-09-26 16:38:35.592 UTC INF workflow/traffic_switcher.go:1060 Before Catchup: waiting for keyspace:shard: src:0 to reach source position MySQL56/ceaa057f-b9b9-11f1-a22f-02fc00000001:1-103794, uid 90
2026-09-26 16:38:35.592 UTC INF workflow/traffic_switcher.go:1056 Before Catchup: uid: 89, target primary zone1-0000000100, target position , shard primary_alias:{cell:"zone1" uid:100} primary_term_start_time:{seconds:1790434318 nanoseconds:555166856} tablet_controls:{tablet_type:PRIMARY denied_tables:"sbtest1" denied_tables:"sbtest2"} is_primary_serving:true
2026-09-26 16:38:35.592 UTC INF workflow/traffic_switcher.go:1060 Before Catchup: waiting for keyspace:shard: src:0 to reach source position MySQL56/cead245f-b9b9-11f1-a737-02fc00000001:1-102012, uid 89
2026-09-26 16:38:35.594 UTC INF workflow/traffic_switcher.go:1065 After catchup: target keyspace:shard: src:0, source position MySQL56/cead245f-b9b9-11f1-a737-02fc00000001:1-102012, uid 89
2026-09-26 16:38:35.594 UTC INF workflow/traffic_switcher.go:1067 After catchup: position for keyspace:shard: src:0 reached, uid 89
2026-09-26 16:38:35.594 UTC INF workflow/traffic_switcher.go:1065 After catchup: target keyspace:shard: src:0, source position MySQL56/ceaa057f-b9b9-11f1-a22f-02fc00000001:1-103794, uid 90
2026-09-26 16:38:35.594 UTC INF workflow/traffic_switcher.go:1067 After catchup: position for keyspace:shard: src:0 reached, uid 90
2026-09-26 16:38:35.602 UTC INF workflow/traffic_switcher.go:1081 After catchup, position for target primary zone1-0000000100, MySQL56/cea9456f-b9b9-11f1-9103-02fc00000001:1-736776
2026-09-26 16:38:35.603 UTC INF workflow/server.go:3360 Migrating streams
2026-09-26 16:38:35.603 UTC INF workflow/server.go:3371 Resetting sequences
2026-09-26 16:38:35.605 UTC INF workflow/server.go:3382 Creating reverse streams
2026-09-26 16:38:35.609 UTC INF grpctmclient/client.go:1339 VDiff for tablet cell:"zone1" uid:101, request keyspace:"dst2" workflow:"wf_dst2" action:"delete" action_arg:"all"
2026-09-26 16:38:35.610 UTC INF grpctmclient/client.go:1339 VDiff for tablet cell:"zone1" uid:102, request keyspace:"dst2" workflow:"wf_dst2" action:"delete" action_arg:"all"
2026-09-26 16:38:35.612 UTC INF workflow/traffic_switcher.go:989 Creating reverse workflow vreplication stream on tablet cell:"zone1" uid:101: workflow wf_dst2, startPos MySQL56/cea9456f-b9b9-11f1-9103-02fc00000001:1-736776
2026-09-26 16:38:35.612 UTC INF workflow/traffic_switcher.go:989 Creating reverse workflow vreplication stream on tablet cell:"zone1" uid:102: workflow wf_dst2, startPos MySQL56/cea9456f-b9b9-11f1-9103-02fc00000001:1-736776
2026-09-26 16:38:35.618 UTC INF workflow/traffic_switcher.go:1006 Updating vreplication stream entry on cell:"zone1" uid:101 with: update _vt.vreplication set cell = 'zone1', tablet_types = 'replica,primary', options = '{"sharded_auto_increment_handling":1}' where workflow = 'wf_dst2' and db_name = 'vt_dst2'
2026-09-26 16:38:35.618 UTC INF workflow/traffic_switcher.go:1006 Updating vreplication stream entry on cell:"zone1" uid:102 with: update _vt.vreplication set cell = 'zone1', tablet_types = 'replica,primary', options = '{"sharded_auto_increment_handling":1}' where workflow = 'wf_dst2' and db_name = 'vt_dst2'
2026-09-26 16:38:35.625 UTC INF workflow/server.go:3432 Creating journals for workflow src.wf_dst2_reverse
2026-09-26 16:38:35.625 UTC INF workflow/traffic_switcher.go:724 In createJournals for source workflows []
2026-09-26 16:38:35.625 UTC INF workflow/traffic_switcher.go:760 Creating journal: id:7937091708403150075 tables:"sbtest1" tables:"sbtest2" local_position:"MySQL56/ceaa057f-b9b9-11f1-a22f-02fc00000001:1-103794" shard_gtids:{keyspace:"src" shard:"0" gtid:"MySQL56/cea9456f-b9b9-11f1-9103-02fc00000001:1-736776"} participants:{keyspace:"dst2" shard:"-80"} participants:{keyspace:"dst2" shard:"80-"}
2026-09-26 16:38:35.625 UTC INF workflow/traffic_switcher.go:760 Creating journal: id:7937091708403150075 tables:"sbtest1" tables:"sbtest2" local_position:"MySQL56/cead245f-b9b9-11f1-a737-02fc00000001:1-102012" shard_gtids:{keyspace:"src" shard:"0" gtid:"MySQL56/cea9456f-b9b9-11f1-9103-02fc00000001:1-736776"} participants:{keyspace:"dst2" shard:"-80"} participants:{keyspace:"dst2" shard:"80-"}
2026-09-26 16:38:35.629 UTC INF workflow/server.go:3436 Created journals for workflow src.wf_dst2_reverse
2026-09-26 16:38:35.629 UTC INF workflow/server.go:3441 Writes on target for workflow src.wf_dst2_reverse were allowed when source writes were stopped
2026-09-26 16:38:35.629 UTC INF workflow/server.go:3450 Updating routing rules for workflow src.wf_dst2_reverse
2026-09-26 16:38:35.629 UTC INF workflow/traffic_switcher.go:824 Deleted routing: src.sbtest1
2026-09-26 16:38:35.630 UTC INF workflow/traffic_switcher.go:827 Added routing: sbtest1 dst2.sbtest1
2026-09-26 16:38:35.630 UTC INF workflow/traffic_switcher.go:824 Deleted routing: src.sbtest2
2026-09-26 16:38:35.630 UTC INF workflow/traffic_switcher.go:827 Added routing: sbtest2 dst2.sbtest2
2026-09-26 16:38:35.630 UTC INF topotools/routing_rules.go:59 Saving routing rules map[dst2.sbtest1:[src.sbtest1] dst2.sbtest1@rdonly:[src.sbtest1] dst2.sbtest1@replica:[src.sbtest1] dst2.sbtest2:[src.sbtest2] dst2.sbtest2@rdonly:[src.sbtest2] dst2.sbtest2@replica:[src.sbtest2] sbtest1:[src.sbtest1] sbtest1@rdonly:[src.sbtest1] sbtest1@replica:[src.sbtest1] sbtest2:[src.sbtest2] sbtest2@rdonly:[src.sbtest2] sbtest2@replica:[src.sbtest2] src.sbtest1@rdonly:[src.sbtest1] src.sbtest1@replica:[src.sbtest1] src.sbtest2@rdonly:[src.sbtest2] src.sbtest2@replica:[src.sbtest2]]

2026-09-26 16:38:35.638 UTC INF workflow/server.go:3454 Updated routing rules for workflow src.wf_dst2_reverse
2026-09-26 16:38:35.638 UTC INF workflow/server.go:3456 Finalizing stream migrations for workflow src.wf_dst2_reverse
2026-09-26 16:38:35.638 UTC INF workflow/server.go:3460 Finalized stream migrations for workflow src.wf_dst2_reverse
2026-09-26 16:38:35.638 UTC INF workflow/server.go:3463 Starting reverse workflow wf_dst2 on keyspace dst2
2026-09-26 16:38:35.645 UTC INF workflow/server.go:3467 Started reverse workflow wf_dst2 on keyspace dst2
2026-09-26 16:38:35.645 UTC INF workflow/server.go:3473 Marking workflow frozen src.wf_dst2_reverse
2026-09-26 16:38:35.645 UTC INF workflow/traffic_switcher.go:1234 Marking target streams frozen for workflow wf_dst2_reverse db_name vt_src
2026-09-26 16:38:35.654 UTC INF workflow/server.go:3477 Marked workflow frozen src.wf_dst2_reverse
2026-09-26 16:38:35.655 UTC INF workflow/server.go:3479 Switch writes completed for workflow src.wf_dst2_reverse
2026-09-26 16:38:35.655 UTC INF topo/locks.go:219 Unlocking keyspace src for successful action SwitchWrites
2026-09-26 16:38:35.658 UTC INF topo/locks.go:219 Unlocking keyspace dst2 for successful action SwitchWrites
2026-09-26 16:38:35.660 UTC INF workflow/server.go:2911 Switch Writes done for workflow dst2.wf_dst2
2026-09-26 16:38:35.660 UTC INF workflow/server.go:2926 ReverseTraffic done for workflow dst2.wf_dst2
2026-09-26 16:38:35.660 UTC INF workflow/server.go:2933 ReverseTraffic done for workflow dst2.wf_dst2
2026-09-26 16:38:35.660 UTC INF workflow/server.go:2938 Before reloading workflow state after switching traffic: All Reads Switched. Writes Switched

2026-09-26 16:38:35.665 UTC INF workflow/server.go:2360 Migration ID for workflow wf_dst2_reverse: 7937091708403150075
2026-09-26 16:38:35.678 UTC INF workflow/server.go:2954 ReverseTraffic done for workflow dst2.wf_dst2, returning response summary:"ReverseTraffic was successful for workflow dst2.wf_dst2" start_state:"All Reads Switched. Writes Switched" current_state:"Reads Not Switched. Writes Not Switched"
2026-09-26 16:38:35.678 UTC INF topo/locks.go:219 Unlocking named src/wf_dst2_reverse for successful action WorkflowSwitchTraffic
2026-09-26 16:38:39.152 UTC ERR grpclog/component.go:44 [transport]Client received GoAway with error code ENHANCE_YOUR_CALM and debug data equal to ASCII "too_many_pings".
2026-09-26 16:38:39.152 UTC ERR grpclog/component.go:44 [transport]Client received GoAway with error code ENHANCE_YOUR_CALM and debug data equal to ASCII "too_many_pings".
