2026-09-26 16:39:44.495 UTC INF workflow/server.go:2360 Migration ID for workflow wf_dst2: 8894678196243051196
2026-09-26 16:39:44.508 UTC INF workflow/server.go:2360 Migration ID for workflow wf_dst2_reverse: 939827993519003634
2026-09-26 16:39:44.515 UTC INF topo/locks.go:167 Locking named src/wf_dst2_reverse for action WorkflowSwitchTraffic with options: {lockType:2 ttl:0}
2026-09-26 16:39:44.525 UTC INF topotools/keyspace.go:45 RefreshTabletsByShard called on shard src/0
2026-09-26 16:39:44.525 UTC INF topotools/keyspace.go:45 RefreshTabletsByShard called on shard dst2/80-
2026-09-26 16:39:44.528 UTC INF topotools/keyspace.go:89 Calling RefreshState on tablet zone1-0000000102 with a timeout of 29.996792885s
2026-09-26 16:39:44.530 UTC INF topotools/keyspace.go:89 Calling RefreshState on tablet zone1-0000000100 with a timeout of 29.994666586s
2026-09-26 16:39:44.534 UTC INF topotools/keyspace.go:45 RefreshTabletsByShard called on shard dst2/-80
2026-09-26 16:39:44.539 UTC INF topotools/keyspace.go:89 Calling RefreshState on tablet zone1-0000000101 with a timeout of 29.985746067s
2026-09-26 16:39:44.544 UTC INF workflow/server.go:2984 Switching reads: src.wf_dst2_reverse tablet types: replica,rdonly, cells: , workflow state: All Reads Switched. Writes Switched
2026-09-26 16:39:44.550 UTC INF topo/locks.go:167 Locking keyspace dst2 for action SwitchReads with options: {lockType:0 ttl:30000000000}
2026-09-26 16:39:44.553 UTC INF topo/locks.go:167 Locking keyspace src for action SwitchReads with options: {lockType:0 ttl:30000000000}
2026-09-26 16:39:44.556 UTC INF workflow/traffic_switcher.go:674 switchTableReads: workflow: wf_dst2_reverse, direction: forward, cells: [], tablet types: [REPLICA RDONLY]
2026-09-26 16:39:44.556 UTC INF topotools/routing_rules.go:59 Saving routing rules map[dst2.sbtest1@rdonly:[src.sbtest1] dst2.sbtest1@replica:[src.sbtest1] dst2.sbtest2@rdonly:[src.sbtest2] dst2.sbtest2@replica:[src.sbtest2] sbtest1:[dst2.sbtest1] sbtest1@rdonly:[src.sbtest1] sbtest1@replica:[src.sbtest1] sbtest2:[dst2.sbtest2] sbtest2@rdonly:[src.sbtest2] sbtest2@replica:[src.sbtest2] src.sbtest1:[dst2.sbtest1] src.sbtest1@rdonly:[src.sbtest1] src.sbtest1@replica:[src.sbtest1] src.sbtest2:[dst2.sbtest2] src.sbtest2@rdonly:[src.sbtest2] src.sbtest2@replica:[src.sbtest2]]

2026-09-26 16:39:44.558 UTC INF topo/locks.go:219 Unlocking keyspace src for successful action SwitchReads
2026-09-26 16:39:44.562 UTC INF topo/locks.go:219 Unlocking keyspace dst2 for successful action SwitchReads
2026-09-26 16:39:44.563 UTC INF workflow/server.go:2901 Switch Reads done for workflow dst2.wf_dst2
2026-09-26 16:39:44.575 UTC INF topo/locks.go:167 Locking keyspace dst2 for action SwitchWrites with options: {lockType:0 ttl:120000000000}
2026-09-26 16:39:44.578 UTC INF topo/locks.go:167 Locking keyspace src for action SwitchWrites with options: {lockType:0 ttl:120000000000}
2026-09-26 16:39:44.586 UTC INF workflow/server.go:3267 No previous journals were found. Proceeding normally.
2026-09-26 16:39:44.586 UTC INF workflow/server.go:3286 Stopping source writes
2026-09-26 16:39:44.590 UTC INF syslogger/syslogger.go:133 dst2/80- [shard] updated value: primary_alias:{cell:"zone1" uid:102} primary_term_start_time:{seconds:1790434319 nanoseconds:44186274} key_range:{start:"\x80"} tablet_controls:{tablet_type:PRIMARY denied_tables:"sbtest1" denied_tables:"sbtest2"} is_primary_serving:true
2026-09-26 16:39:44.590 UTC INF topotools/keyspace.go:45 RefreshTabletsByShard called on shard dst2/80-
2026-09-26 16:39:44.590 UTC INF syslogger/syslogger.go:133 dst2/-80 [shard] updated value: primary_alias:{cell:"zone1" uid:101} primary_term_start_time:{seconds:1790434318 nanoseconds:808880737} key_range:{end:"\x80"} tablet_controls:{tablet_type:PRIMARY denied_tables:"sbtest1" denied_tables:"sbtest2"} is_primary_serving:true
2026-09-26 16:39:44.590 UTC INF topotools/keyspace.go:45 RefreshTabletsByShard called on shard dst2/-80
2026-09-26 16:39:44.590 UTC INF syslogger/syslogger.go:133 src/0 [shard] updated value: primary_alias:{cell:"zone1" uid:100} primary_term_start_time:{seconds:1790434318 nanoseconds:555166856} is_primary_serving:true
2026-09-26 16:39:44.590 UTC INF topotools/keyspace.go:45 RefreshTabletsByShard called on shard src/0
2026-09-26 16:39:44.594 UTC INF topotools/keyspace.go:89 Calling RefreshState on tablet zone1-0000000100 with a timeout of 29.996503116s
2026-09-26 16:39:44.594 UTC INF topotools/keyspace.go:89 Calling RefreshState on tablet zone1-0000000102 with a timeout of 29.996340216s
2026-09-26 16:39:44.594 UTC INF topotools/keyspace.go:89 Calling RefreshState on tablet zone1-0000000101 with a timeout of 29.996429487s
2026-09-26 16:39:44.608 UTC INF workflow/server.go:3296 Stopped source writes
2026-09-26 16:39:44.608 UTC INF workflow/server.go:3298 Stopping streams
2026-09-26 16:39:44.608 UTC INF workflow/server.go:3319 Executing LOCK TABLES on source tables 2 times
2026-09-26 16:39:44.608 UTC INF workflow/traffic_switcher.go:1487 Locking (and then immediately unlocking) the following tables on source keyspace dst2: [sbtest1 sbtest2]
2026-09-26 16:39:44.665 UTC ERR grpclog/component.go:44 [transport]Client received GoAway with error code ENHANCE_YOUR_CALM and debug data equal to ASCII "too_many_pings".
2026-09-26 16:39:44.665 UTC ERR grpclog/component.go:44 [transport]Client received GoAway with error code ENHANCE_YOUR_CALM and debug data equal to ASCII "too_many_pings".
2026-09-26 16:39:44.666 UTC ERR grpclog/component.go:44 [transport]Client received GoAway with error code ENHANCE_YOUR_CALM and debug data equal to ASCII "too_many_pings".
2026-09-26 16:39:44.712 UTC INF workflow/traffic_switcher.go:1487 Locking (and then immediately unlocking) the following tables on source keyspace dst2: [sbtest1 sbtest2]
2026-09-26 16:39:44.715 UTC INF workflow/traffic_switcher.go:1553 Position on migration source zone1-0000000101 after having stopped writes: MySQL56/ceaa057f-b9b9-11f1-a22f-02fc00000001:1-110699
2026-09-26 16:39:44.715 UTC INF workflow/traffic_switcher.go:1553 Position on migration source zone1-0000000102 after having stopped writes: MySQL56/cead245f-b9b9-11f1-a737-02fc00000001:1-108732
2026-09-26 16:39:44.715 UTC INF workflow/server.go:3349 Waiting for streams to catchup
2026-09-26 16:39:44.716 UTC INF workflow/traffic_switcher.go:1056 Before Catchup: uid: 96, target primary zone1-0000000100, target position , shard primary_alias:{cell:"zone1" uid:100} primary_term_start_time:{seconds:1790434318 nanoseconds:555166856} tablet_controls:{tablet_type:PRIMARY denied_tables:"sbtest1" denied_tables:"sbtest2"} is_primary_serving:true
2026-09-26 16:39:44.716 UTC INF workflow/traffic_switcher.go:1060 Before Catchup: waiting for keyspace:shard: src:0 to reach source position MySQL56/cead245f-b9b9-11f1-a737-02fc00000001:1-108732, uid 96
2026-09-26 16:39:44.716 UTC INF workflow/traffic_switcher.go:1056 Before Catchup: uid: 95, target primary zone1-0000000100, target position , shard primary_alias:{cell:"zone1" uid:100} primary_term_start_time:{seconds:1790434318 nanoseconds:555166856} tablet_controls:{tablet_type:PRIMARY denied_tables:"sbtest1" denied_tables:"sbtest2"} is_primary_serving:true
2026-09-26 16:39:44.716 UTC INF workflow/traffic_switcher.go:1060 Before Catchup: waiting for keyspace:shard: src:0 to reach source position MySQL56/ceaa057f-b9b9-11f1-a22f-02fc00000001:1-110699, uid 95
2026-09-26 16:39:44.718 UTC INF workflow/traffic_switcher.go:1065 After catchup: target keyspace:shard: src:0, source position MySQL56/cead245f-b9b9-11f1-a737-02fc00000001:1-108732, uid 96
2026-09-26 16:39:44.718 UTC INF workflow/traffic_switcher.go:1067 After catchup: position for keyspace:shard: src:0 reached, uid 96
2026-09-26 16:39:44.718 UTC INF workflow/traffic_switcher.go:1065 After catchup: target keyspace:shard: src:0, source position MySQL56/ceaa057f-b9b9-11f1-a22f-02fc00000001:1-110699, uid 95
2026-09-26 16:39:44.718 UTC INF workflow/traffic_switcher.go:1067 After catchup: position for keyspace:shard: src:0 reached, uid 95
2026-09-26 16:39:44.725 UTC INF workflow/traffic_switcher.go:1081 After catchup, position for target primary zone1-0000000100, MySQL56/cea9456f-b9b9-11f1-9103-02fc00000001:1-750504
2026-09-26 16:39:44.726 UTC INF workflow/server.go:3360 Migrating streams
2026-09-26 16:39:44.726 UTC INF workflow/server.go:3371 Resetting sequences
2026-09-26 16:39:44.727 UTC INF workflow/server.go:3382 Creating reverse streams
2026-09-26 16:39:44.731 UTC INF grpctmclient/client.go:1339 VDiff for tablet cell:"zone1" uid:102, request keyspace:"dst2" workflow:"wf_dst2" action:"delete" action_arg:"all"
2026-09-26 16:39:44.731 UTC INF grpctmclient/client.go:1339 VDiff for tablet cell:"zone1" uid:101, request keyspace:"dst2" workflow:"wf_dst2" action:"delete" action_arg:"all"
2026-09-26 16:39:44.734 UTC INF workflow/traffic_switcher.go:989 Creating reverse workflow vreplication stream on tablet cell:"zone1" uid:102: workflow wf_dst2, startPos MySQL56/cea9456f-b9b9-11f1-9103-02fc00000001:1-750504
2026-09-26 16:39:44.734 UTC INF workflow/traffic_switcher.go:989 Creating reverse workflow vreplication stream on tablet cell:"zone1" uid:101: workflow wf_dst2, startPos MySQL56/cea9456f-b9b9-11f1-9103-02fc00000001:1-750504
2026-09-26 16:39:44.739 UTC INF workflow/traffic_switcher.go:1006 Updating vreplication stream entry on cell:"zone1" uid:102 with: update _vt.vreplication set cell = 'zone1', tablet_types = 'replica,primary', options = '{"sharded_auto_increment_handling":1}' where workflow = 'wf_dst2' and db_name = 'vt_dst2'
2026-09-26 16:39:44.741 UTC INF workflow/traffic_switcher.go:1006 Updating vreplication stream entry on cell:"zone1" uid:101 with: update _vt.vreplication set cell = 'zone1', tablet_types = 'replica,primary', options = '{"sharded_auto_increment_handling":1}' where workflow = 'wf_dst2' and db_name = 'vt_dst2'
2026-09-26 16:39:44.748 UTC INF workflow/server.go:3432 Creating journals for workflow src.wf_dst2_reverse
2026-09-26 16:39:44.748 UTC INF workflow/traffic_switcher.go:724 In createJournals for source workflows []
2026-09-26 16:39:44.748 UTC INF workflow/traffic_switcher.go:760 Creating journal: id:939827993519003634 tables:"sbtest1" tables:"sbtest2" local_position:"MySQL56/cead245f-b9b9-11f1-a737-02fc00000001:1-108732" shard_gtids:{keyspace:"src" shard:"0" gtid:"MySQL56/cea9456f-b9b9-11f1-9103-02fc00000001:1-750504"} participants:{keyspace:"dst2" shard:"-80"} participants:{keyspace:"dst2" shard:"80-"}
2026-09-26 16:39:44.748 UTC INF workflow/traffic_switcher.go:760 Creating journal: id:939827993519003634 tables:"sbtest1" tables:"sbtest2" local_position:"MySQL56/ceaa057f-b9b9-11f1-a22f-02fc00000001:1-110699" shard_gtids:{keyspace:"src" shard:"0" gtid:"MySQL56/cea9456f-b9b9-11f1-9103-02fc00000001:1-750504"} participants:{keyspace:"dst2" shard:"-80"} participants:{keyspace:"dst2" shard:"80-"}
2026-09-26 16:39:44.751 UTC INF workflow/server.go:3436 Created journals for workflow src.wf_dst2_reverse
2026-09-26 16:39:44.751 UTC INF workflow/server.go:3441 Writes on target for workflow src.wf_dst2_reverse were allowed when source writes were stopped
2026-09-26 16:39:44.751 UTC INF workflow/server.go:3450 Updating routing rules for workflow src.wf_dst2_reverse
2026-09-26 16:39:44.751 UTC INF workflow/traffic_switcher.go:824 Deleted routing: src.sbtest1
2026-09-26 16:39:44.751 UTC INF workflow/traffic_switcher.go:827 Added routing: sbtest1 dst2.sbtest1
2026-09-26 16:39:44.751 UTC INF workflow/traffic_switcher.go:824 Deleted routing: src.sbtest2
2026-09-26 16:39:44.751 UTC INF workflow/traffic_switcher.go:827 Added routing: sbtest2 dst2.sbtest2
2026-09-26 16:39:44.751 UTC INF topotools/routing_rules.go:59 Saving routing rules map[dst2.sbtest1:[src.sbtest1] dst2.sbtest1@rdonly:[src.sbtest1] dst2.sbtest1@replica:[src.sbtest1] dst2.sbtest2:[src.sbtest2] dst2.sbtest2@rdonly:[src.sbtest2] dst2.sbtest2@replica:[src.sbtest2] sbtest1:[src.sbtest1] sbtest1@rdonly:[src.sbtest1] sbtest1@replica:[src.sbtest1] sbtest2:[src.sbtest2] sbtest2@rdonly:[src.sbtest2] sbtest2@replica:[src.sbtest2] src.sbtest1@rdonly:[src.sbtest1] src.sbtest1@replica:[src.sbtest1] src.sbtest2@rdonly:[src.sbtest2] src.sbtest2@replica:[src.sbtest2]]

2026-09-26 16:39:44.762 UTC INF workflow/server.go:3454 Updated routing rules for workflow src.wf_dst2_reverse
2026-09-26 16:39:44.762 UTC INF workflow/server.go:3456 Finalizing stream migrations for workflow src.wf_dst2_reverse
2026-09-26 16:39:44.762 UTC INF workflow/server.go:3460 Finalized stream migrations for workflow src.wf_dst2_reverse
2026-09-26 16:39:44.762 UTC INF workflow/server.go:3463 Starting reverse workflow wf_dst2 on keyspace dst2
2026-09-26 16:39:44.768 UTC INF workflow/server.go:3467 Started reverse workflow wf_dst2 on keyspace dst2
2026-09-26 16:39:44.768 UTC INF workflow/server.go:3473 Marking workflow frozen src.wf_dst2_reverse
2026-09-26 16:39:44.768 UTC INF workflow/traffic_switcher.go:1234 Marking target streams frozen for workflow wf_dst2_reverse db_name vt_src
2026-09-26 16:39:44.779 UTC INF workflow/server.go:3477 Marked workflow frozen src.wf_dst2_reverse
2026-09-26 16:39:44.779 UTC INF workflow/server.go:3479 Switch writes completed for workflow src.wf_dst2_reverse
2026-09-26 16:39:44.779 UTC INF topo/locks.go:219 Unlocking keyspace src for successful action SwitchWrites
2026-09-26 16:39:44.783 UTC INF topo/locks.go:219 Unlocking keyspace dst2 for successful action SwitchWrites
2026-09-26 16:39:44.787 UTC INF workflow/server.go:2911 Switch Writes done for workflow dst2.wf_dst2
2026-09-26 16:39:44.787 UTC INF workflow/server.go:2926 ReverseTraffic done for workflow dst2.wf_dst2
2026-09-26 16:39:44.787 UTC INF workflow/server.go:2933 ReverseTraffic done for workflow dst2.wf_dst2
2026-09-26 16:39:44.787 UTC INF workflow/server.go:2938 Before reloading workflow state after switching traffic: All Reads Switched. Writes Switched

2026-09-26 16:39:44.794 UTC INF workflow/server.go:2360 Migration ID for workflow wf_dst2_reverse: 939827993519003634
2026-09-26 16:39:44.802 UTC INF workflow/server.go:2954 ReverseTraffic done for workflow dst2.wf_dst2, returning response summary:"ReverseTraffic was successful for workflow dst2.wf_dst2" start_state:"All Reads Switched. Writes Switched" current_state:"Reads Not Switched. Writes Not Switched"
2026-09-26 16:39:44.802 UTC INF topo/locks.go:219 Unlocking named src/wf_dst2_reverse for successful action WorkflowSwitchTraffic
