=== pool arm=v5b round=1 flags=[-tables /^(sbtest[0-9]|v5probe)$ ]
label=v5b mode=copy elapsed=1.77s first_event=0.04s responses=735 events=1033135 rows=1030873 bytes=262574798 ev/s=583956 rows/s=582677 MB/s=148.4 client_cpu=1.46s copy_done=true BEGIN=749 COMMIT=749 ROW=1030873 FIELD=10 VGTID=751 COPY_COMPLETED=3
cpu wall=1.79s vtgate=2.12 vttablets=1.86 mysqlds=0.58  mysqld_100=0.29 mysqld_101=0.29 vtgate=2.12 vttablet_100=0.93 vttablet_101=0.93
uptime:  17:02:18 up 22:42,  0 user,  load average: 1.82, 1.93, 2.08
=== pool arm=v5c round=1 flags=[-tables /^(sbtest[0-9]|v5probe)$ ]
label=v5c mode=copy elapsed=1.73s first_event=0.04s responses=738 events=1033141 rows=1030873 bytes=262575433 ev/s=597561 rows/s=596249 MB/s=151.9 client_cpu=1.46s copy_done=true BEGIN=751 COMMIT=751 ROW=1030873 FIELD=10 VGTID=753 COPY_COMPLETED=3
cpu wall=1.75s vtgate=2.02 vttablets=1.75 mysqlds=0.55  mysqld_100=0.28 mysqld_101=0.27 vtgate=2.02 vttablet_100=0.89 vttablet_101=0.86
uptime:  17:02:57 up 22:43,  0 user,  load average: 0.98, 1.70, 2.00
=== pool arm=v5b+batch round=1 flags=[-tables /^(sbtest[0-9]|v5probe)$ -batch-copy]
label=v5b+batch mode=copy elapsed=1.00s first_event=0.04s responses=565 events=3009 rows=1030873 bytes=212098459 ev/s=3000 rows/s=1027901 MB/s=211.5 client_cpu=0.79s copy_done=true BEGIN=751 COMMIT=751 ROW=741 FIELD=10 VGTID=753 COPY_COMPLETED=3
cpu wall=1.02s vtgate=1.00 vttablets=1.18 mysqlds=0.48  mysqld_100=0.24 mysqld_101=0.24 vtgate=1.00 vttablet_100=0.59 vttablet_101=0.59
uptime:  17:03:36 up 22:44,  0 user,  load average: 0.70, 1.53, 1.93
=== pool arm=v5c+batch round=1 flags=[-tables /^(sbtest[0-9]|v5probe)$ -batch-copy]
label=v5c+batch mode=copy elapsed=1.01s first_event=0.04s responses=470 events=2997 rows=1030873 bytes=212094950 ev/s=2979 rows/s=1024666 MB/s=210.8 client_cpu=0.78s copy_done=true BEGIN=748 COMMIT=748 ROW=738 FIELD=10 VGTID=750 COPY_COMPLETED=3
cpu wall=1.02s vtgate=0.95 vttablets=1.15 mysqlds=0.49  mysqld_100=0.25 mysqld_101=0.24 vtgate=0.95 vttablet_100=0.58 vttablet_101=0.57
uptime:  17:04:15 up 22:44,  0 user,  load average: 0.81, 1.44, 1.88
=== pool arm=v5b round=2 flags=[-tables /^(sbtest[0-9]|v5probe)$ ]
label=v5b mode=copy elapsed=1.85s first_event=0.05s responses=730 events=1033120 rows=1030873 bytes=262573136 ev/s=558558 rows/s=557343 MB/s=142.0 client_cpu=1.54s copy_done=true BEGIN=744 COMMIT=744 ROW=1030873 FIELD=10 VGTID=746 COPY_COMPLETED=3
cpu wall=1.86s vtgate=2.07 vttablets=1.86 mysqlds=0.54  mysqld_100=0.26 mysqld_101=0.28 vtgate=2.07 vttablet_100=0.94 vttablet_101=0.92
uptime:  17:04:54 up 22:45,  0 user,  load average: 0.58, 1.31, 1.82
=== pool arm=v5c round=2 flags=[-tables /^(sbtest[0-9]|v5probe)$ ]
label=v5c mode=copy elapsed=1.76s first_event=0.05s responses=744 events=1033159 rows=1030873 bytes=262576258 ev/s=585551 rows/s=584256 MB/s=148.8 client_cpu=1.52s copy_done=true BEGIN=757 COMMIT=757 ROW=1030873 FIELD=10 VGTID=759 COPY_COMPLETED=3
cpu wall=1.78s vtgate=2.12 vttablets=1.89 mysqlds=0.52  mysqld_100=0.26 mysqld_101=0.26 vtgate=2.12 vttablet_100=0.98 vttablet_101=0.91
uptime:  17:05:33 up 22:46,  0 user,  load average: 0.30, 1.14, 1.74
=== pool arm=v5b+batch round=2 flags=[-tables /^(sbtest[0-9]|v5probe)$ -batch-copy]
label=v5b+batch mode=copy elapsed=1.01s first_event=0.05s responses=532 events=2941 rows=1030873 bytes=212090805 ev/s=2900 rows/s=1016592 MB/s=209.2 client_cpu=0.74s copy_done=true BEGIN=734 COMMIT=734 ROW=724 FIELD=10 VGTID=736 COPY_COMPLETED=3
cpu wall=1.04s vtgate=0.95 vttablets=1.19 mysqlds=0.55  mysqld_100=0.26 mysqld_101=0.29 vtgate=0.95 vttablet_100=0.58 vttablet_101=0.61
uptime:  17:06:11 up 22:46,  0 user,  load average: 0.15, 1.00, 1.66
=== pool arm=v5c+batch round=2 flags=[-tables /^(sbtest[0-9]|v5probe)$ -batch-copy]
label=v5c+batch mode=copy elapsed=1.03s first_event=0.04s responses=471 events=3001 rows=1030873 bytes=212094875 ev/s=2922 rows/s=1003691 MB/s=206.5 client_cpu=0.74s copy_done=true BEGIN=749 COMMIT=749 ROW=739 FIELD=10 VGTID=751 COPY_COMPLETED=3
cpu wall=1.04s vtgate=0.96 vttablets=1.17 mysqlds=0.51  mysqld_100=0.26 mysqld_101=0.25 vtgate=0.96 vttablet_100=0.57 vttablet_101=0.60
uptime:  17:06:50 up 22:47,  0 user,  load average: 0.88, 1.04, 1.65
=== pool arm=v5b round=3 flags=[-tables /^(sbtest[0-9]|v5probe)$ ]
label=v5b mode=copy elapsed=1.83s first_event=0.05s responses=735 events=1033141 rows=1030873 bytes=262575465 ev/s=563498 rows/s=562261 MB/s=143.2 client_cpu=1.61s copy_done=true BEGIN=751 COMMIT=751 ROW=1030873 FIELD=10 VGTID=753 COPY_COMPLETED=3
cpu wall=1.85s vtgate=2.18 vttablets=1.91 mysqlds=0.55  mysqld_100=0.28 mysqld_101=0.27 vtgate=2.18 vttablet_100=0.96 vttablet_101=0.95
uptime:  17:07:30 up 22:48,  0 user,  load average: 1.23, 1.07, 1.63
=== pool arm=v5c round=3 flags=[-tables /^(sbtest[0-9]|v5probe)$ ]
label=v5c mode=copy elapsed=1.80s first_event=0.04s responses=741 events=1033147 rows=1030873 bytes=262575566 ev/s=575007 rows/s=573741 MB/s=146.1 client_cpu=1.53s copy_done=true BEGIN=753 COMMIT=753 ROW=1030873 FIELD=10 VGTID=755 COPY_COMPLETED=3
cpu wall=1.81s vtgate=2.02 vttablets=1.81 mysqlds=0.52  mysqld_100=0.26 mysqld_101=0.26 vtgate=2.02 vttablet_100=0.91 vttablet_101=0.90
uptime:  17:08:10 up 22:48,  0 user,  load average: 1.32, 1.08, 1.61
=== pool arm=v5b+batch round=3 flags=[-tables /^(sbtest[0-9]|v5probe)$ -batch-copy]
label=v5b+batch mode=copy elapsed=1.07s first_event=0.03s responses=479 events=3033 rows=1030873 bytes=212098150 ev/s=2834 rows/s=963111 MB/s=198.2 client_cpu=0.77s copy_done=true BEGIN=757 COMMIT=757 ROW=747 FIELD=10 VGTID=759 COPY_COMPLETED=3
cpu wall=1.09s vtgate=1.05 vttablets=1.26 mysqlds=0.51  mysqld_100=0.25 mysqld_101=0.26 vtgate=1.05 vttablet_100=0.64 vttablet_101=0.62
uptime:  17:08:48 up 22:49,  0 user,  load average: 0.73, 0.96, 1.55
=== pool arm=v5c+batch round=3 flags=[-tables /^(sbtest[0-9]|v5probe)$ -batch-copy]
label=v5c+batch mode=copy elapsed=0.96s first_event=0.02s responses=497 events=2949 rows=1030873 bytes=212093330 ev/s=3063 rows/s=1070780 MB/s=220.3 client_cpu=0.68s copy_done=true BEGIN=736 COMMIT=736 ROW=726 FIELD=10 VGTID=738 COPY_COMPLETED=3
cpu wall=0.98s vtgate=0.96 vttablets=1.14 mysqlds=0.49  mysqld_100=0.25 mysqld_101=0.24 vtgate=0.96 vttablet_100=0.56 vttablet_101=0.58
uptime:  17:09:27 up 22:50,  0 user,  load average: 0.51, 0.87, 1.49
