=== u100 arm=v5b round=1 flags=[]
label=v5b#1 mode=drain elapsed=1.58s first_event=0.08s responses=1430 events=50816 rows=619210 bytes=258709319 ev/s=32123 rows/s=391425 MB/s=163.5 client_cpu=1.03s BEGIN=6221 COMMIT=6221 ROW=32145 FIELD=8 VGTID=6221 commit_lag_avg_ms=3291687 commit_lag_max_ms=3351992
cpu wall=1.60s vtgate=1.37 vttablets=2.56 mysqlds=0.37  mysqld_100=0.17 mysqld_101=0.20 vtgate=1.37 vttablet_100=1.28 vttablet_101=1.28
uptime:  16:57:42 up 22:38,  0 user,  load average: 3.21, 1.32, 2.00
=== u100 arm=v5c round=1 flags=[]
label=v5c#1 mode=drain elapsed=1.59s first_event=0.08s responses=1304 events=50837 rows=619210 bytes=258713161 ev/s=32002 rows/s=389794 MB/s=162.9 client_cpu=1.06s BEGIN=6222 COMMIT=6222 DDL=9 ROW=32145 FIELD=8 VGTID=6231 commit_lag_avg_ms=3338529 commit_lag_max_ms=3399268
cpu wall=1.61s vtgate=1.27 vttablets=2.66 mysqlds=0.40  mysqld_100=0.18 mysqld_101=0.22 vtgate=1.27 vttablet_100=1.31 vttablet_101=1.35
uptime:  16:58:29 up 22:39,  0 user,  load average: 2.69, 1.39, 1.99
=== u100 arm=v5b round=2 flags=[]
label=v5b#1 mode=drain elapsed=1.49s first_event=0.07s responses=1323 events=50845 rows=619210 bytes=258714725 ev/s=34211 rows/s=416640 MB/s=174.1 client_cpu=0.99s BEGIN=6222 COMMIT=6222 DDL=13 ROW=32145 FIELD=8 VGTID=6235 commit_lag_avg_ms=3385087 commit_lag_max_ms=3445866
cpu wall=1.50s vtgate=1.33 vttablets=2.47 mysqlds=0.38  mysqld_100=0.17 mysqld_101=0.21 vtgate=1.33 vttablet_100=1.24 vttablet_101=1.23
uptime:  16:59:16 up 22:39,  0 user,  load average: 2.96, 1.57, 2.01
=== u100 arm=v5c round=2 flags=[]
label=v5c#1 mode=drain elapsed=1.33s first_event=0.06s responses=1277 events=50845 rows=619210 bytes=258714725 ev/s=38117 rows/s=464208 MB/s=194.0 client_cpu=0.89s BEGIN=6222 COMMIT=6222 DDL=13 ROW=32145 FIELD=8 VGTID=6235 commit_lag_avg_ms=3430538 commit_lag_max_ms=3491396
cpu wall=1.35s vtgate=1.09 vttablets=2.28 mysqlds=0.37  mysqld_100=0.17 mysqld_101=0.20 vtgate=1.09 vttablet_100=1.14 vttablet_101=1.14
uptime:  17:00:01 up 22:40,  0 user,  load average: 3.68, 1.87, 2.09
=== u100 arm=v5b round=3 flags=[]
label=v5b#1 mode=drain elapsed=1.60s first_event=0.09s responses=1353 events=50835 rows=619210 bytes=258712771 ev/s=31851 rows/s=387974 MB/s=162.1 client_cpu=1.09s BEGIN=6222 COMMIT=6222 DDL=8 ROW=32145 FIELD=8 VGTID=6230 commit_lag_avg_ms=3476468 commit_lag_max_ms=3537196
cpu wall=1.61s vtgate=1.34 vttablets=2.67 mysqlds=0.36  mysqld_100=0.17 mysqld_101=0.19 vtgate=1.34 vttablet_100=1.35 vttablet_101=1.32
uptime:  17:00:47 up 22:41,  0 user,  load average: 4.01, 2.11, 2.15
=== u100 arm=v5c round=3 flags=[]
label=v5c#1 mode=drain elapsed=1.47s first_event=0.10s responses=1404 events=50855 rows=619210 bytes=258716680 ev/s=34694 rows/s=422434 MB/s=176.5 client_cpu=0.98s BEGIN=6222 COMMIT=6222 DDL=18 ROW=32145 FIELD=8 VGTID=6240 commit_lag_avg_ms=3522986 commit_lag_max_ms=3583778
cpu wall=1.49s vtgate=1.12 vttablets=2.42 mysqlds=0.40  mysqld_100=0.23 mysqld_101=0.17 vtgate=1.12 vttablet_100=1.19 vttablet_101=1.23
uptime:  17:01:34 up 22:42,  0 user,  load average: 3.87, 2.24, 2.19
