2026-09-26 15:01:44.196 UTC INF workflow/server.go:2360 Migration ID for workflow wf_dst2: 5003389040653466380
2026-09-26 15:01:44.201 UTC INF topo/locks.go:167 Locking named dst2/wf_dst2 for action WorkflowSwitchTraffic with options: {lockType:2 ttl:0}
2026-09-26 15:01:44.223 UTC INF topotools/keyspace.go:45 RefreshTabletsByShard called on shard dst2/80-
2026-09-26 15:01:44.223 UTC INF topotools/keyspace.go:45 RefreshTabletsByShard called on shard src/0
2026-09-26 15:01:44.231 UTC INF topotools/keyspace.go:89 Calling RefreshState on tablet zone1-0000000100 with a timeout of 29.991839179s
2026-09-26 15:01:44.233 UTC INF topotools/keyspace.go:89 Calling RefreshState on tablet zone1-0000000102 with a timeout of 29.98979831s
2026-09-26 15:01:44.253 UTC INF topotools/keyspace.go:45 RefreshTabletsByShard called on shard dst2/-80
2026-09-26 15:01:44.256 UTC INF topotools/keyspace.go:89 Calling RefreshState on tablet zone1-0000000101 with a timeout of 29.966972642s
2026-09-26 15:01:44.263 UTC INF workflow/server.go:2984 Switching reads: dst2.wf_dst2 tablet types: replica,rdonly, cells: , workflow state: Reads Not Switched. Writes Not Switched
2026-09-26 15:01:44.267 UTC INF topo/locks.go:167 Locking keyspace src for action SwitchReads with options: {lockType:0 ttl:30000000000}
2026-09-26 15:01:44.275 UTC INF topo/locks.go:167 Locking keyspace dst2 for action SwitchReads with options: {lockType:0 ttl:30000000000}
2026-09-26 15:01:44.280 UTC INF workflow/traffic_switcher.go:662 switchTableReads: workflow: wf_dst2, direction: forward, cells: [], tablet types: [REPLICA RDONLY]
2026-09-26 15:01:44.280 UTC INF topotools/routing_rules.go:59 Saving routing rules map[dst2.sbtest1:[src.sbtest1] dst2.sbtest1@rdonly:[dst2.sbtest1] dst2.sbtest1@replica:[dst2.sbtest1] dst2.sbtest2:[src.sbtest2] dst2.sbtest2@rdonly:[dst2.sbtest2] dst2.sbtest2@replica:[dst2.sbtest2] sbtest1:[src.sbtest1] sbtest1@rdonly:[dst2.sbtest1] sbtest1@replica:[dst2.sbtest1] sbtest2:[src.sbtest2] sbtest2@rdonly:[dst2.sbtest2] sbtest2@replica:[dst2.sbtest2] src.sbtest1@rdonly:[dst2.sbtest1] src.sbtest1@replica:[dst2.sbtest1] src.sbtest2@rdonly:[dst2.sbtest2] src.sbtest2@replica:[dst2.sbtest2]]

2026-09-26 15:01:44.282 UTC INF topo/locks.go:219 Unlocking keyspace dst2 for successful action SwitchReads
2026-09-26 15:01:44.285 UTC INF topo/locks.go:219 Unlocking keyspace src for successful action SwitchReads
2026-09-26 15:01:44.286 UTC INF workflow/server.go:2901 Switch Reads done for workflow dst2.wf_dst2
2026-09-26 15:01:44.302 UTC INF topo/locks.go:167 Locking keyspace src for action SwitchWrites with options: {lockType:0 ttl:120000000000}
2026-09-26 15:01:44.305 UTC INF topo/locks.go:167 Locking keyspace dst2 for action SwitchWrites with options: {lockType:0 ttl:120000000000}
2026-09-26 15:01:44.313 UTC INF workflow/server.go:3264 No previous journals were found. Proceeding normally.
2026-09-26 15:01:44.313 UTC INF workflow/server.go:3283 Stopping source writes
2026-09-26 15:01:44.315 UTC INF syslogger/syslogger.go:133 dst2/80- [shard] updated value: primary_alias:{cell:"zone1" uid:102} primary_term_start_time:{seconds:1790434319 nanoseconds:44186274} key_range:{start:"\x80"} is_primary_serving:true
2026-09-26 15:01:44.315 UTC INF topotools/keyspace.go:45 RefreshTabletsByShard called on shard dst2/80-
2026-09-26 15:01:44.316 UTC INF syslogger/syslogger.go:133 dst2/-80 [shard] updated value: primary_alias:{cell:"zone1" uid:101} primary_term_start_time:{seconds:1790434318 nanoseconds:808880737} key_range:{end:"\x80"} is_primary_serving:true
2026-09-26 15:01:44.316 UTC INF topotools/keyspace.go:45 RefreshTabletsByShard called on shard dst2/-80
2026-09-26 15:01:44.316 UTC INF syslogger/syslogger.go:133 src/0 [shard] updated value: primary_alias:{cell:"zone1" uid:100} primary_term_start_time:{seconds:1790434318 nanoseconds:555166856} tablet_controls:{tablet_type:PRIMARY denied_tables:"sbtest1" denied_tables:"sbtest2"} is_primary_serving:true
2026-09-26 15:01:44.316 UTC INF topotools/keyspace.go:45 RefreshTabletsByShard called on shard src/0
2026-09-26 15:01:44.320 UTC INF topotools/keyspace.go:89 Calling RefreshState on tablet zone1-0000000102 with a timeout of 29.995174647s
2026-09-26 15:01:44.322 UTC INF topotools/keyspace.go:89 Calling RefreshState on tablet zone1-0000000101 with a timeout of 29.994005176s
2026-09-26 15:01:44.322 UTC INF topotools/keyspace.go:89 Calling RefreshState on tablet zone1-0000000100 with a timeout of 29.993856231s
2026-09-26 15:01:44.335 UTC INF workflow/server.go:3291 Stopping streams
2026-09-26 15:01:44.335 UTC INF workflow/server.go:3312 Executing LOCK TABLES on source tables 2 times
2026-09-26 15:01:44.335 UTC INF workflow/traffic_switcher.go:1473 Locking (and then immediately unlocking) the following tables on source keyspace src: [sbtest1 sbtest2]
2026-09-26 15:01:44.445 UTC INF workflow/traffic_switcher.go:1473 Locking (and then immediately unlocking) the following tables on source keyspace src: [sbtest1 sbtest2]
2026-09-26 15:01:44.553 UTC INF workflow/traffic_switcher.go:1537 Position on migration source zone1-0000000100 after having stopped writes: MySQL56/cea9456f-b9b9-11f1-9103-02fc00000001:1-30517
2026-09-26 15:01:44.553 UTC INF workflow/server.go:3337 Waiting for streams to catchup
2026-09-26 15:01:44.553 UTC INF workflow/traffic_switcher.go:1044 Before Catchup: uid: 11, target primary zone1-0000000102, target position , shard primary_alias:{cell:"zone1" uid:102} primary_term_start_time:{seconds:1790434319 nanoseconds:44186274} key_range:{start:"\x80"} tablet_controls:{tablet_type:PRIMARY denied_tables:"sbtest1" denied_tables:"sbtest2"} is_primary_serving:true
2026-09-26 15:01:44.553 UTC INF workflow/traffic_switcher.go:1048 Before Catchup: waiting for keyspace:shard: dst2:80- to reach source position MySQL56/cea9456f-b9b9-11f1-9103-02fc00000001:1-30517, uid 11
2026-09-26 15:01:44.554 UTC INF workflow/traffic_switcher.go:1044 Before Catchup: uid: 11, target primary zone1-0000000101, target position , shard primary_alias:{cell:"zone1" uid:101} primary_term_start_time:{seconds:1790434318 nanoseconds:808880737} key_range:{end:"\x80"} tablet_controls:{tablet_type:PRIMARY denied_tables:"sbtest1" denied_tables:"sbtest2"} is_primary_serving:true
2026-09-26 15:01:44.554 UTC INF workflow/traffic_switcher.go:1048 Before Catchup: waiting for keyspace:shard: dst2:-80 to reach source position MySQL56/cea9456f-b9b9-11f1-9103-02fc00000001:1-30517, uid 11
2026-09-26 15:01:44.556 UTC INF workflow/traffic_switcher.go:1053 After catchup: target keyspace:shard: dst2:80-, source position MySQL56/cea9456f-b9b9-11f1-9103-02fc00000001:1-30517, uid 11
2026-09-26 15:01:44.556 UTC INF workflow/traffic_switcher.go:1055 After catchup: position for keyspace:shard: dst2:80- reached, uid 11
2026-09-26 15:01:44.658 UTC INF workflow/traffic_switcher.go:1053 After catchup: target keyspace:shard: dst2:-80, source position MySQL56/cea9456f-b9b9-11f1-9103-02fc00000001:1-30517, uid 11
2026-09-26 15:01:44.658 UTC INF workflow/traffic_switcher.go:1055 After catchup: position for keyspace:shard: dst2:-80 reached, uid 11
2026-09-26 15:01:44.664 UTC INF workflow/traffic_switcher.go:1069 After catchup, position for target primary zone1-0000000102, MySQL56/cead245f-b9b9-11f1-a737-02fc00000001:1-14002
2026-09-26 15:01:44.664 UTC INF workflow/traffic_switcher.go:1069 After catchup, position for target primary zone1-0000000101, MySQL56/ceaa057f-b9b9-11f1-a22f-02fc00000001:1-14329
2026-09-26 15:01:44.665 UTC INF workflow/server.go:3348 Migrating streams
2026-09-26 15:01:44.666 UTC INF workflow/server.go:3359 Resetting sequences
2026-09-26 15:01:44.667 UTC INF workflow/server.go:3370 Creating reverse streams
2026-09-26 15:01:44.672 UTC INF grpctmclient/client.go:1339 VDiff for tablet cell:"zone1" uid:100, request keyspace:"src" workflow:"wf_dst2_reverse" action:"delete" action_arg:"all"
2026-09-26 15:01:44.678 UTC INF workflow/traffic_switcher.go:977 Creating reverse workflow vreplication stream on tablet cell:"zone1" uid:100: workflow wf_dst2_reverse, startPos MySQL56/cead245f-b9b9-11f1-a737-02fc00000001:1-14002
2026-09-26 15:01:44.678 UTC INF workflow/traffic_switcher.go:977 Creating reverse workflow vreplication stream on tablet cell:"zone1" uid:100: workflow wf_dst2_reverse, startPos MySQL56/ceaa057f-b9b9-11f1-a22f-02fc00000001:1-14329
2026-09-26 15:01:44.685 UTC INF workflow/traffic_switcher.go:994 Updating vreplication stream entry on cell:"zone1" uid:100 with: update _vt.vreplication set cell = 'zone1', tablet_types = 'replica,primary', options = '{"sharded_auto_increment_handling":1}' where workflow = 'wf_dst2_reverse' and db_name = 'vt_src'
2026-09-26 15:01:44.688 UTC INF workflow/traffic_switcher.go:994 Updating vreplication stream entry on cell:"zone1" uid:100 with: update _vt.vreplication set cell = 'zone1', tablet_types = 'replica,primary', options = '{"sharded_auto_increment_handling":1}' where workflow = 'wf_dst2_reverse' and db_name = 'vt_src'
2026-09-26 15:01:44.696 UTC INF workflow/server.go:3420 Creating journals for workflow dst2.wf_dst2
2026-09-26 15:01:44.696 UTC INF workflow/traffic_switcher.go:712 In createJournals for source workflows []
2026-09-26 15:01:44.697 UTC INF workflow/traffic_switcher.go:748 Creating journal: id:5003389040653466380 tables:"sbtest1" tables:"sbtest2" local_position:"MySQL56/cea9456f-b9b9-11f1-9103-02fc00000001:1-30517" shard_gtids:{keyspace:"dst2" shard:"-80" gtid:"MySQL56/ceaa057f-b9b9-11f1-a22f-02fc00000001:1-14329"} shard_gtids:{keyspace:"dst2" shard:"80-" gtid:"MySQL56/cead245f-b9b9-11f1-a737-02fc00000001:1-14002"} participants:{keyspace:"src" shard:"0"}
2026-09-26 15:01:44.701 UTC INF workflow/server.go:3424 Created journals for workflow dst2.wf_dst2
2026-09-26 15:01:44.701 UTC INF workflow/server.go:3426 Allowing writes on target for workflow dst2.wf_dst2
2026-09-26 15:01:44.702 UTC WRN topo/shard.go:444 Trying to remove TabletControl.DeniedTables for missing type PRIMARY in shard dst2/-80
2026-09-26 15:01:44.703 UTC WRN topo/shard.go:444 Trying to remove TabletControl.DeniedTables for missing type PRIMARY in shard dst2/80-
2026-09-26 15:01:44.703 UTC WRN topo/shard.go:517 one or more tables were already present in the denylist:sbtest1,sbtest2
2026-09-26 15:01:44.704 UTC INF syslogger/syslogger.go:133 dst2/-80 [shard] updated value: primary_alias:{cell:"zone1" uid:101} primary_term_start_time:{seconds:1790434318 nanoseconds:808880737} key_range:{end:"\x80"} is_primary_serving:true
2026-09-26 15:01:44.704 UTC INF topotools/keyspace.go:45 RefreshTabletsByShard called on shard dst2/-80
2026-09-26 15:01:44.705 UTC INF syslogger/syslogger.go:133 src/0 [shard] updated value: primary_alias:{cell:"zone1" uid:100} primary_term_start_time:{seconds:1790434318 nanoseconds:555166856} tablet_controls:{tablet_type:PRIMARY denied_tables:"sbtest1" denied_tables:"sbtest2"} is_primary_serving:true
2026-09-26 15:01:44.705 UTC INF topotools/keyspace.go:45 RefreshTabletsByShard called on shard src/0
2026-09-26 15:01:44.705 UTC INF syslogger/syslogger.go:133 dst2/80- [shard] updated value: primary_alias:{cell:"zone1" uid:102} primary_term_start_time:{seconds:1790434319 nanoseconds:44186274} key_range:{start:"\x80"} is_primary_serving:true
2026-09-26 15:01:44.705 UTC INF topotools/keyspace.go:45 RefreshTabletsByShard called on shard dst2/80-
2026-09-26 15:01:44.711 UTC INF topotools/keyspace.go:89 Calling RefreshState on tablet zone1-0000000100 with a timeout of 29.985084169s
2026-09-26 15:01:44.713 UTC INF topotools/keyspace.go:89 Calling RefreshState on tablet zone1-0000000102 with a timeout of 29.983406568s
2026-09-26 15:01:44.713 UTC INF topotools/keyspace.go:89 Calling RefreshState on tablet zone1-0000000101 with a timeout of 29.983250761s
2026-09-26 15:01:44.719 UTC INF workflow/server.go:3430 Allowed writes on target for workflow dst2.wf_dst2
2026-09-26 15:01:44.719 UTC INF workflow/server.go:3432 Updating routing rules for workflow dst2.wf_dst2
2026-09-26 15:01:44.719 UTC INF workflow/traffic_switcher.go:812 Deleted routing: dst2.sbtest1
2026-09-26 15:01:44.719 UTC INF workflow/traffic_switcher.go:815 Added routing: sbtest1 src.sbtest1
2026-09-26 15:01:44.719 UTC INF workflow/traffic_switcher.go:812 Deleted routing: dst2.sbtest2
2026-09-26 15:01:44.719 UTC INF workflow/traffic_switcher.go:815 Added routing: sbtest2 src.sbtest2
2026-09-26 15:01:44.719 UTC INF topotools/routing_rules.go:59 Saving routing rules map[dst2.sbtest1@rdonly:[dst2.sbtest1] dst2.sbtest1@replica:[dst2.sbtest1] dst2.sbtest2@rdonly:[dst2.sbtest2] dst2.sbtest2@replica:[dst2.sbtest2] sbtest1:[dst2.sbtest1] sbtest1@rdonly:[dst2.sbtest1] sbtest1@replica:[dst2.sbtest1] sbtest2:[dst2.sbtest2] sbtest2@rdonly:[dst2.sbtest2] sbtest2@replica:[dst2.sbtest2] src.sbtest1:[dst2.sbtest1] src.sbtest1@rdonly:[dst2.sbtest1] src.sbtest1@replica:[dst2.sbtest1] src.sbtest2:[dst2.sbtest2] src.sbtest2@rdonly:[dst2.sbtest2] src.sbtest2@replica:[dst2.sbtest2]]

2026-09-26 15:01:44.725 UTC INF workflow/server.go:3436 Updated routing rules for workflow dst2.wf_dst2
2026-09-26 15:01:44.725 UTC INF workflow/server.go:3438 Finalizing stream migrations for workflow dst2.wf_dst2
2026-09-26 15:01:44.725 UTC INF workflow/server.go:3442 Finalized stream migrations for workflow dst2.wf_dst2
2026-09-26 15:01:44.725 UTC INF workflow/server.go:3445 Starting reverse workflow wf_dst2_reverse on keyspace src
2026-09-26 15:01:44.735 UTC INF workflow/server.go:3449 Started reverse workflow wf_dst2_reverse on keyspace src
2026-09-26 15:01:44.735 UTC INF workflow/server.go:3455 Marking workflow frozen dst2.wf_dst2
2026-09-26 15:01:44.735 UTC INF workflow/traffic_switcher.go:1222 Marking target streams frozen for workflow wf_dst2 db_name vt_dst2
2026-09-26 15:01:44.735 UTC INF workflow/traffic_switcher.go:1222 Marking target streams frozen for workflow wf_dst2 db_name vt_dst2
2026-09-26 15:01:44.754 UTC INF workflow/server.go:3459 Marked workflow frozen dst2.wf_dst2
2026-09-26 15:01:44.754 UTC INF workflow/server.go:3461 Switch writes completed for workflow dst2.wf_dst2
2026-09-26 15:01:44.754 UTC INF topo/locks.go:219 Unlocking keyspace dst2 for successful action SwitchWrites
2026-09-26 15:01:44.762 UTC INF topo/locks.go:219 Unlocking keyspace src for successful action SwitchWrites
2026-09-26 15:01:44.764 UTC INF workflow/server.go:2911 Switch Writes done for workflow dst2.wf_dst2
2026-09-26 15:01:44.764 UTC INF workflow/server.go:2926 SwitchTraffic done for workflow dst2.wf_dst2
2026-09-26 15:01:44.764 UTC INF workflow/server.go:2933 SwitchTraffic done for workflow dst2.wf_dst2
2026-09-26 15:01:44.764 UTC INF workflow/server.go:2938 Before reloading workflow state after switching traffic: Reads Not Switched. Writes Not Switched

2026-09-26 15:01:44.776 UTC INF workflow/server.go:2360 Migration ID for workflow wf_dst2: 5003389040653466380
2026-09-26 15:01:44.793 UTC INF workflow/server.go:2954 SwitchTraffic done for workflow dst2.wf_dst2, returning response summary:"SwitchTraffic was successful for workflow dst2.wf_dst2" start_state:"Reads Not Switched. Writes Not Switched" current_state:"All Reads Switched. Writes Switched"
2026-09-26 15:01:44.793 UTC INF topo/locks.go:219 Unlocking named dst2/wf_dst2 for successful action WorkflowSwitchTraffic
