2026-09-26 16:42:27.739 UTC INF workflow/server.go:2360 Migration ID for workflow wf_dst2: 2157234059113910000
2026-09-26 16:42:27.763 UTC INF workflow/server.go:2360 Migration ID for workflow wf_dst2_reverse: 4209820988162948268
2026-09-26 16:42:27.774 UTC INF topo/locks.go:167 Locking named src/wf_dst2_reverse for action WorkflowSwitchTraffic with options: {lockType:2 ttl:0}
2026-09-26 16:42:27.795 UTC INF topotools/keyspace.go:45 RefreshTabletsByShard called on shard src/0
2026-09-26 16:42:27.795 UTC INF topotools/keyspace.go:45 RefreshTabletsByShard called on shard dst2/80-
2026-09-26 16:42:27.802 UTC INF topotools/keyspace.go:89 Calling RefreshState on tablet zone1-0000000102 with a timeout of 29.993120111s
2026-09-26 16:42:27.802 UTC INF topotools/keyspace.go:89 Calling RefreshState on tablet zone1-0000000100 with a timeout of 29.992738971s
2026-09-26 16:42:27.810 UTC INF topotools/keyspace.go:45 RefreshTabletsByShard called on shard dst2/-80
2026-09-26 16:42:27.818 UTC INF topotools/keyspace.go:89 Calling RefreshState on tablet zone1-0000000101 with a timeout of 29.976269433s
2026-09-26 16:42:27.824 UTC INF workflow/server.go:2984 Switching reads: src.wf_dst2_reverse tablet types: replica,rdonly, cells: , workflow state: All Reads Switched. Writes Switched
2026-09-26 16:42:27.834 UTC INF topo/locks.go:167 Locking keyspace dst2 for action SwitchReads with options: {lockType:0 ttl:30000000000}
2026-09-26 16:42:27.841 UTC INF topo/locks.go:167 Locking keyspace src for action SwitchReads with options: {lockType:0 ttl:30000000000}
2026-09-26 16:42:27.845 UTC INF workflow/traffic_switcher.go:674 switchTableReads: workflow: wf_dst2_reverse, direction: forward, cells: [], tablet types: [REPLICA RDONLY]
2026-09-26 16:42:27.845 UTC INF topotools/routing_rules.go:59 Saving routing rules map[dst2.sbtest1@rdonly:[src.sbtest1] dst2.sbtest1@replica:[src.sbtest1] dst2.sbtest2@rdonly:[src.sbtest2] dst2.sbtest2@replica:[src.sbtest2] sbtest1:[dst2.sbtest1] sbtest1@rdonly:[src.sbtest1] sbtest1@replica:[src.sbtest1] sbtest2:[dst2.sbtest2] sbtest2@rdonly:[src.sbtest2] sbtest2@replica:[src.sbtest2] src.sbtest1:[dst2.sbtest1] src.sbtest1@rdonly:[src.sbtest1] src.sbtest1@replica:[src.sbtest1] src.sbtest2:[dst2.sbtest2] src.sbtest2@rdonly:[src.sbtest2] src.sbtest2@replica:[src.sbtest2]]

2026-09-26 16:42:27.847 UTC INF topo/locks.go:219 Unlocking keyspace src for successful action SwitchReads
2026-09-26 16:42:27.850 UTC INF topo/locks.go:219 Unlocking keyspace dst2 for successful action SwitchReads
2026-09-26 16:42:27.852 UTC INF workflow/server.go:2901 Switch Reads done for workflow dst2.wf_dst2
2026-09-26 16:42:27.870 UTC INF topo/locks.go:167 Locking keyspace dst2 for action SwitchWrites with options: {lockType:0 ttl:120000000000}
2026-09-26 16:42:27.873 UTC INF topo/locks.go:167 Locking keyspace src for action SwitchWrites with options: {lockType:0 ttl:120000000000}
2026-09-26 16:42:27.890 UTC INF workflow/server.go:3267 No previous journals were found. Proceeding normally.
2026-09-26 16:42:27.890 UTC INF workflow/server.go:3286 Stopping source writes
2026-09-26 16:42:27.896 UTC INF syslogger/syslogger.go:133 dst2/80- [shard] updated value: primary_alias:{cell:"zone1" uid:102} primary_term_start_time:{seconds:1790434319 nanoseconds:44186274} key_range:{start:"\x80"} tablet_controls:{tablet_type:PRIMARY denied_tables:"sbtest1" denied_tables:"sbtest2"} is_primary_serving:true
2026-09-26 16:42:27.896 UTC INF topotools/keyspace.go:45 RefreshTabletsByShard called on shard dst2/80-
2026-09-26 16:42:27.899 UTC INF syslogger/syslogger.go:133 dst2/-80 [shard] updated value: primary_alias:{cell:"zone1" uid:101} primary_term_start_time:{seconds:1790434318 nanoseconds:808880737} key_range:{end:"\x80"} tablet_controls:{tablet_type:PRIMARY denied_tables:"sbtest1" denied_tables:"sbtest2"} is_primary_serving:true
2026-09-26 16:42:27.899 UTC INF topotools/keyspace.go:45 RefreshTabletsByShard called on shard dst2/-80
2026-09-26 16:42:27.899 UTC INF syslogger/syslogger.go:133 src/0 [shard] updated value: primary_alias:{cell:"zone1" uid:100} primary_term_start_time:{seconds:1790434318 nanoseconds:555166856} is_primary_serving:true
2026-09-26 16:42:27.899 UTC INF topotools/keyspace.go:45 RefreshTabletsByShard called on shard src/0
2026-09-26 16:42:27.912 UTC INF topotools/keyspace.go:89 Calling RefreshState on tablet zone1-0000000100 with a timeout of 29.987044684s
2026-09-26 16:42:27.917 UTC INF topotools/keyspace.go:89 Calling RefreshState on tablet zone1-0000000101 with a timeout of 29.982239475s
2026-09-26 16:42:27.919 UTC INF topotools/keyspace.go:89 Calling RefreshState on tablet zone1-0000000102 with a timeout of 29.976870022s
2026-09-26 16:42:27.928 UTC INF workflow/server.go:3296 Stopped source writes
2026-09-26 16:42:27.928 UTC INF workflow/server.go:3298 Stopping streams
2026-09-26 16:42:27.928 UTC INF workflow/server.go:3319 Executing LOCK TABLES on source tables 2 times
2026-09-26 16:42:27.928 UTC INF workflow/traffic_switcher.go:1487 Locking (and then immediately unlocking) the following tables on source keyspace dst2: [sbtest1 sbtest2]
2026-09-26 16:42:28.037 UTC INF workflow/traffic_switcher.go:1487 Locking (and then immediately unlocking) the following tables on source keyspace dst2: [sbtest1 sbtest2]
2026-09-26 16:42:28.043 UTC INF workflow/traffic_switcher.go:1553 Position on migration source zone1-0000000101 after having stopped writes: MySQL56/ceaa057f-b9b9-11f1-a22f-02fc00000001:1-128009
2026-09-26 16:42:28.044 UTC INF workflow/traffic_switcher.go:1553 Position on migration source zone1-0000000102 after having stopped writes: MySQL56/cead245f-b9b9-11f1-a737-02fc00000001:1-125511
2026-09-26 16:42:28.045 UTC INF workflow/server.go:3349 Waiting for streams to catchup
2026-09-26 16:42:28.045 UTC INF workflow/traffic_switcher.go:1056 Before Catchup: uid: 111, target primary zone1-0000000100, target position , shard primary_alias:{cell:"zone1" uid:100} primary_term_start_time:{seconds:1790434318 nanoseconds:555166856} tablet_controls:{tablet_type:PRIMARY denied_tables:"sbtest1" denied_tables:"sbtest2"} is_primary_serving:true
2026-09-26 16:42:28.045 UTC INF workflow/traffic_switcher.go:1060 Before Catchup: waiting for keyspace:shard: src:0 to reach source position MySQL56/ceaa057f-b9b9-11f1-a22f-02fc00000001:1-128009, uid 111
2026-09-26 16:42:28.045 UTC INF workflow/traffic_switcher.go:1056 Before Catchup: uid: 110, target primary zone1-0000000100, target position , shard primary_alias:{cell:"zone1" uid:100} primary_term_start_time:{seconds:1790434318 nanoseconds:555166856} tablet_controls:{tablet_type:PRIMARY denied_tables:"sbtest1" denied_tables:"sbtest2"} is_primary_serving:true
2026-09-26 16:42:28.045 UTC INF workflow/traffic_switcher.go:1060 Before Catchup: waiting for keyspace:shard: src:0 to reach source position MySQL56/cead245f-b9b9-11f1-a737-02fc00000001:1-125511, uid 110
2026-09-26 16:42:28.048 UTC INF workflow/traffic_switcher.go:1065 After catchup: target keyspace:shard: src:0, source position MySQL56/ceaa057f-b9b9-11f1-a22f-02fc00000001:1-128009, uid 111
2026-09-26 16:42:28.048 UTC INF workflow/traffic_switcher.go:1067 After catchup: position for keyspace:shard: src:0 reached, uid 111
2026-09-26 16:42:28.050 UTC INF workflow/traffic_switcher.go:1065 After catchup: target keyspace:shard: src:0, source position MySQL56/cead245f-b9b9-11f1-a737-02fc00000001:1-125511, uid 110
2026-09-26 16:42:28.050 UTC INF workflow/traffic_switcher.go:1067 After catchup: position for keyspace:shard: src:0 reached, uid 110
2026-09-26 16:42:28.059 UTC INF workflow/traffic_switcher.go:1081 After catchup, position for target primary zone1-0000000100, MySQL56/cea9456f-b9b9-11f1-9103-02fc00000001:1-784933
2026-09-26 16:42:28.059 UTC INF workflow/server.go:3360 Migrating streams
2026-09-26 16:42:28.060 UTC INF workflow/server.go:3371 Resetting sequences
2026-09-26 16:42:28.061 UTC INF workflow/server.go:3382 Creating reverse streams
2026-09-26 16:42:28.065 UTC INF grpctmclient/client.go:1339 VDiff for tablet cell:"zone1" uid:101, request keyspace:"dst2" workflow:"wf_dst2" action:"delete" action_arg:"all"
2026-09-26 16:42:28.065 UTC INF grpctmclient/client.go:1339 VDiff for tablet cell:"zone1" uid:102, request keyspace:"dst2" workflow:"wf_dst2" action:"delete" action_arg:"all"
2026-09-26 16:42:28.068 UTC INF workflow/traffic_switcher.go:989 Creating reverse workflow vreplication stream on tablet cell:"zone1" uid:101: workflow wf_dst2, startPos MySQL56/cea9456f-b9b9-11f1-9103-02fc00000001:1-784933
2026-09-26 16:42:28.068 UTC INF workflow/traffic_switcher.go:989 Creating reverse workflow vreplication stream on tablet cell:"zone1" uid:102: workflow wf_dst2, startPos MySQL56/cea9456f-b9b9-11f1-9103-02fc00000001:1-784933
2026-09-26 16:42:28.074 UTC INF workflow/traffic_switcher.go:1006 Updating vreplication stream entry on cell:"zone1" uid:102 with: update _vt.vreplication set cell = 'zone1', tablet_types = 'replica,primary', options = '{"sharded_auto_increment_handling":1}' where workflow = 'wf_dst2' and db_name = 'vt_dst2'
2026-09-26 16:42:28.078 UTC INF workflow/traffic_switcher.go:1006 Updating vreplication stream entry on cell:"zone1" uid:101 with: update _vt.vreplication set cell = 'zone1', tablet_types = 'replica,primary', options = '{"sharded_auto_increment_handling":1}' where workflow = 'wf_dst2' and db_name = 'vt_dst2'
2026-09-26 16:42:28.086 UTC INF workflow/server.go:3432 Creating journals for workflow src.wf_dst2_reverse
2026-09-26 16:42:28.086 UTC INF workflow/traffic_switcher.go:724 In createJournals for source workflows []
2026-09-26 16:42:28.086 UTC INF workflow/traffic_switcher.go:760 Creating journal: id:4209820988162948268 tables:"sbtest1" tables:"sbtest2" local_position:"MySQL56/ceaa057f-b9b9-11f1-a22f-02fc00000001:1-128009" shard_gtids:{keyspace:"src" shard:"0" gtid:"MySQL56/cea9456f-b9b9-11f1-9103-02fc00000001:1-784933"} participants:{keyspace:"dst2" shard:"-80"} participants:{keyspace:"dst2" shard:"80-"}
2026-09-26 16:42:28.086 UTC INF workflow/traffic_switcher.go:760 Creating journal: id:4209820988162948268 tables:"sbtest1" tables:"sbtest2" local_position:"MySQL56/cead245f-b9b9-11f1-a737-02fc00000001:1-125511" shard_gtids:{keyspace:"src" shard:"0" gtid:"MySQL56/cea9456f-b9b9-11f1-9103-02fc00000001:1-784933"} participants:{keyspace:"dst2" shard:"-80"} participants:{keyspace:"dst2" shard:"80-"}
2026-09-26 16:42:28.090 UTC INF workflow/server.go:3436 Created journals for workflow src.wf_dst2_reverse
2026-09-26 16:42:28.090 UTC INF workflow/server.go:3441 Writes on target for workflow src.wf_dst2_reverse were allowed when source writes were stopped
2026-09-26 16:42:28.090 UTC INF workflow/server.go:3450 Updating routing rules for workflow src.wf_dst2_reverse
2026-09-26 16:42:28.091 UTC INF workflow/traffic_switcher.go:824 Deleted routing: src.sbtest1
2026-09-26 16:42:28.091 UTC INF workflow/traffic_switcher.go:827 Added routing: sbtest1 dst2.sbtest1
2026-09-26 16:42:28.091 UTC INF workflow/traffic_switcher.go:824 Deleted routing: src.sbtest2
2026-09-26 16:42:28.091 UTC INF workflow/traffic_switcher.go:827 Added routing: sbtest2 dst2.sbtest2
2026-09-26 16:42:28.091 UTC INF topotools/routing_rules.go:59 Saving routing rules map[dst2.sbtest1:[src.sbtest1] dst2.sbtest1@rdonly:[src.sbtest1] dst2.sbtest1@replica:[src.sbtest1] dst2.sbtest2:[src.sbtest2] dst2.sbtest2@rdonly:[src.sbtest2] dst2.sbtest2@replica:[src.sbtest2] sbtest1:[src.sbtest1] sbtest1@rdonly:[src.sbtest1] sbtest1@replica:[src.sbtest1] sbtest2:[src.sbtest2] sbtest2@rdonly:[src.sbtest2] sbtest2@replica:[src.sbtest2] src.sbtest1@rdonly:[src.sbtest1] src.sbtest1@replica:[src.sbtest1] src.sbtest2@rdonly:[src.sbtest2] src.sbtest2@replica:[src.sbtest2]]

2026-09-26 16:42:28.099 UTC INF workflow/server.go:3454 Updated routing rules for workflow src.wf_dst2_reverse
2026-09-26 16:42:28.099 UTC INF workflow/server.go:3456 Finalizing stream migrations for workflow src.wf_dst2_reverse
2026-09-26 16:42:28.099 UTC INF workflow/server.go:3460 Finalized stream migrations for workflow src.wf_dst2_reverse
2026-09-26 16:42:28.100 UTC INF workflow/server.go:3463 Starting reverse workflow wf_dst2 on keyspace dst2
2026-09-26 16:42:28.111 UTC INF workflow/server.go:3467 Started reverse workflow wf_dst2 on keyspace dst2
2026-09-26 16:42:28.111 UTC INF workflow/server.go:3473 Marking workflow frozen src.wf_dst2_reverse
2026-09-26 16:42:28.111 UTC INF workflow/traffic_switcher.go:1234 Marking target streams frozen for workflow wf_dst2_reverse db_name vt_src
2026-09-26 16:42:28.137 UTC INF workflow/server.go:3477 Marked workflow frozen src.wf_dst2_reverse
2026-09-26 16:42:28.137 UTC INF workflow/server.go:3479 Switch writes completed for workflow src.wf_dst2_reverse
2026-09-26 16:42:28.137 UTC INF topo/locks.go:219 Unlocking keyspace src for successful action SwitchWrites
2026-09-26 16:42:28.138 UTC INF topo/locks.go:219 Unlocking keyspace dst2 for successful action SwitchWrites
2026-09-26 16:42:28.141 UTC INF workflow/server.go:2911 Switch Writes done for workflow dst2.wf_dst2
2026-09-26 16:42:28.141 UTC INF workflow/server.go:2926 ReverseTraffic done for workflow dst2.wf_dst2
2026-09-26 16:42:28.141 UTC INF workflow/server.go:2933 ReverseTraffic done for workflow dst2.wf_dst2
2026-09-26 16:42:28.141 UTC INF workflow/server.go:2938 Before reloading workflow state after switching traffic: All Reads Switched. Writes Switched

2026-09-26 16:42:28.146 UTC INF workflow/server.go:2360 Migration ID for workflow wf_dst2_reverse: 4209820988162948268
2026-09-26 16:42:28.153 UTC INF workflow/server.go:2954 ReverseTraffic done for workflow dst2.wf_dst2, returning response summary:"ReverseTraffic was successful for workflow dst2.wf_dst2" start_state:"All Reads Switched. Writes Switched" current_state:"Reads Not Switched. Writes Not Switched"
2026-09-26 16:42:28.153 UTC INF topo/locks.go:219 Unlocking named src/wf_dst2_reverse for successful action WorkflowSwitchTraffic
