2026-09-26 15:16:15.667 UTC INF workflow/server.go:2360 Migration ID for workflow wf_dst2: 1769964970627498108
2026-09-26 15:16:15.672 UTC INF topo/locks.go:167 Locking named dst2/wf_dst2 for action WorkflowSwitchTraffic with options: {lockType:2 ttl:0}
2026-09-26 15:16:15.698 UTC INF topotools/keyspace.go:45 RefreshTabletsByShard called on shard src/0
2026-09-26 15:16:15.698 UTC INF topotools/keyspace.go:45 RefreshTabletsByShard called on shard dst2/-80
2026-09-26 15:16:15.702 UTC INF topotools/keyspace.go:89 Calling RefreshState on tablet zone1-0000000101 with a timeout of 29.995896992s
2026-09-26 15:16:15.702 UTC INF topotools/keyspace.go:89 Calling RefreshState on tablet zone1-0000000100 with a timeout of 29.996480979s
2026-09-26 15:16:15.709 UTC INF topotools/keyspace.go:45 RefreshTabletsByShard called on shard dst2/80-
2026-09-26 15:16:15.712 UTC INF topotools/keyspace.go:89 Calling RefreshState on tablet zone1-0000000102 with a timeout of 29.986273479s
2026-09-26 15:16:15.719 UTC INF workflow/server.go:2984 Switching reads: dst2.wf_dst2 tablet types: replica,rdonly, cells: , workflow state: Reads Not Switched. Writes Not Switched
2026-09-26 15:16:15.725 UTC INF topo/locks.go:167 Locking keyspace src for action SwitchReads with options: {lockType:0 ttl:30000000000}
2026-09-26 15:16:15.727 UTC INF topo/locks.go:167 Locking keyspace dst2 for action SwitchReads with options: {lockType:0 ttl:30000000000}
2026-09-26 15:16:15.731 UTC INF workflow/traffic_switcher.go:662 switchTableReads: workflow: wf_dst2, direction: forward, cells: [], tablet types: [REPLICA RDONLY]
2026-09-26 15:16:15.731 UTC INF topotools/routing_rules.go:59 Saving routing rules map[dst2.sbtest1:[src.sbtest1] dst2.sbtest1@rdonly:[dst2.sbtest1] dst2.sbtest1@replica:[dst2.sbtest1] dst2.sbtest2:[src.sbtest2] dst2.sbtest2@rdonly:[dst2.sbtest2] dst2.sbtest2@replica:[dst2.sbtest2] sbtest1:[src.sbtest1] sbtest1@rdonly:[dst2.sbtest1] sbtest1@replica:[dst2.sbtest1] sbtest2:[src.sbtest2] sbtest2@rdonly:[dst2.sbtest2] sbtest2@replica:[dst2.sbtest2] src.sbtest1@rdonly:[dst2.sbtest1] src.sbtest1@replica:[dst2.sbtest1] src.sbtest2@rdonly:[dst2.sbtest2] src.sbtest2@replica:[dst2.sbtest2]]

2026-09-26 15:16:15.733 UTC INF topo/locks.go:219 Unlocking keyspace dst2 for successful action SwitchReads
2026-09-26 15:16:15.735 UTC INF topo/locks.go:219 Unlocking keyspace src for successful action SwitchReads
2026-09-26 15:16:15.736 UTC INF workflow/server.go:2901 Switch Reads done for workflow dst2.wf_dst2
2026-09-26 15:16:15.749 UTC INF topo/locks.go:167 Locking keyspace src for action SwitchWrites with options: {lockType:0 ttl:120000000000}
2026-09-26 15:16:15.753 UTC INF topo/locks.go:167 Locking keyspace dst2 for action SwitchWrites with options: {lockType:0 ttl:120000000000}
2026-09-26 15:16:15.759 UTC INF workflow/server.go:3267 No previous journals were found. Proceeding normally.
2026-09-26 15:16:15.759 UTC INF workflow/server.go:3286 Stopping source writes
2026-09-26 15:16:15.762 UTC INF syslogger/syslogger.go:133 dst2/80- [shard] updated value: primary_alias:{cell:"zone1" uid:102} primary_term_start_time:{seconds:1790434319 nanoseconds:44186274} key_range:{start:"\x80"} is_primary_serving:true
2026-09-26 15:16:15.762 UTC INF topotools/keyspace.go:45 RefreshTabletsByShard called on shard dst2/80-
2026-09-26 15:16:15.762 UTC INF syslogger/syslogger.go:133 dst2/-80 [shard] updated value: primary_alias:{cell:"zone1" uid:101} primary_term_start_time:{seconds:1790434318 nanoseconds:808880737} key_range:{end:"\x80"} is_primary_serving:true
2026-09-26 15:16:15.762 UTC INF topotools/keyspace.go:45 RefreshTabletsByShard called on shard dst2/-80
2026-09-26 15:16:15.763 UTC INF syslogger/syslogger.go:133 src/0 [shard] updated value: primary_alias:{cell:"zone1" uid:100} primary_term_start_time:{seconds:1790434318 nanoseconds:555166856} tablet_controls:{tablet_type:PRIMARY denied_tables:"sbtest1" denied_tables:"sbtest2"} is_primary_serving:true
2026-09-26 15:16:15.763 UTC INF topotools/keyspace.go:45 RefreshTabletsByShard called on shard src/0
2026-09-26 15:16:15.768 UTC INF topotools/keyspace.go:89 Calling RefreshState on tablet zone1-0000000101 with a timeout of 29.994059522s
2026-09-26 15:16:15.769 UTC INF topotools/keyspace.go:89 Calling RefreshState on tablet zone1-0000000102 with a timeout of 29.993385059s
2026-09-26 15:16:15.771 UTC INF topotools/keyspace.go:89 Calling RefreshState on tablet zone1-0000000100 with a timeout of 29.992285539s
2026-09-26 15:16:15.777 UTC INF workflow/server.go:3296 Stopped source writes
2026-09-26 15:16:15.777 UTC INF workflow/server.go:3298 Stopping streams
2026-09-26 15:16:15.777 UTC INF workflow/server.go:3319 Executing LOCK TABLES on source tables 2 times
2026-09-26 15:16:15.777 UTC INF workflow/traffic_switcher.go:1473 Locking (and then immediately unlocking) the following tables on source keyspace src: [sbtest1 sbtest2]
2026-09-26 15:16:15.882 UTC INF workflow/traffic_switcher.go:1473 Locking (and then immediately unlocking) the following tables on source keyspace src: [sbtest1 sbtest2]
2026-09-26 15:16:15.885 UTC INF workflow/traffic_switcher.go:1539 Position on migration source zone1-0000000100 after having stopped writes: MySQL56/cea9456f-b9b9-11f1-9103-02fc00000001:1-166099
2026-09-26 15:16:15.886 UTC INF workflow/server.go:3349 Waiting for streams to catchup
2026-09-26 15:16:15.886 UTC INF workflow/traffic_switcher.go:1044 Before Catchup: uid: 51, target primary zone1-0000000102, target position , shard primary_alias:{cell:"zone1" uid:102} primary_term_start_time:{seconds:1790434319 nanoseconds:44186274} key_range:{start:"\x80"} tablet_controls:{tablet_type:PRIMARY denied_tables:"sbtest1" denied_tables:"sbtest2"} is_primary_serving:true
2026-09-26 15:16:15.886 UTC INF workflow/traffic_switcher.go:1044 Before Catchup: uid: 51, target primary zone1-0000000101, target position , shard primary_alias:{cell:"zone1" uid:101} primary_term_start_time:{seconds:1790434318 nanoseconds:808880737} key_range:{end:"\x80"} tablet_controls:{tablet_type:PRIMARY denied_tables:"sbtest1" denied_tables:"sbtest2"} is_primary_serving:true
2026-09-26 15:16:15.886 UTC INF workflow/traffic_switcher.go:1048 Before Catchup: waiting for keyspace:shard: dst2:-80 to reach source position MySQL56/cea9456f-b9b9-11f1-9103-02fc00000001:1-166099, uid 51
2026-09-26 15:16:15.886 UTC INF workflow/traffic_switcher.go:1048 Before Catchup: waiting for keyspace:shard: dst2:80- to reach source position MySQL56/cea9456f-b9b9-11f1-9103-02fc00000001:1-166099, uid 51
2026-09-26 15:16:15.889 UTC INF workflow/traffic_switcher.go:1053 After catchup: target keyspace:shard: dst2:80-, source position MySQL56/cea9456f-b9b9-11f1-9103-02fc00000001:1-166099, uid 51
2026-09-26 15:16:15.889 UTC INF workflow/traffic_switcher.go:1055 After catchup: position for keyspace:shard: dst2:80- reached, uid 51
2026-09-26 15:16:15.890 UTC INF workflow/traffic_switcher.go:1053 After catchup: target keyspace:shard: dst2:-80, source position MySQL56/cea9456f-b9b9-11f1-9103-02fc00000001:1-166099, uid 51
2026-09-26 15:16:15.890 UTC INF workflow/traffic_switcher.go:1055 After catchup: position for keyspace:shard: dst2:-80 reached, uid 51
2026-09-26 15:16:15.897 UTC INF workflow/traffic_switcher.go:1069 After catchup, position for target primary zone1-0000000101, MySQL56/ceaa057f-b9b9-11f1-a22f-02fc00000001:1-81809
2026-09-26 15:16:15.897 UTC INF workflow/traffic_switcher.go:1069 After catchup, position for target primary zone1-0000000102, MySQL56/cead245f-b9b9-11f1-a737-02fc00000001:1-79968
2026-09-26 15:16:15.898 UTC INF workflow/server.go:3360 Migrating streams
2026-09-26 15:16:15.899 UTC INF workflow/server.go:3371 Resetting sequences
2026-09-26 15:16:15.900 UTC INF workflow/server.go:3382 Creating reverse streams
2026-09-26 15:16:15.906 UTC INF grpctmclient/client.go:1339 VDiff for tablet cell:"zone1" uid:100, request keyspace:"src" workflow:"wf_dst2_reverse" action:"delete" action_arg:"all"
2026-09-26 15:16:15.909 UTC INF workflow/traffic_switcher.go:977 Creating reverse workflow vreplication stream on tablet cell:"zone1" uid:100: workflow wf_dst2_reverse, startPos MySQL56/cead245f-b9b9-11f1-a737-02fc00000001:1-79968
2026-09-26 15:16:15.909 UTC INF workflow/traffic_switcher.go:977 Creating reverse workflow vreplication stream on tablet cell:"zone1" uid:100: workflow wf_dst2_reverse, startPos MySQL56/ceaa057f-b9b9-11f1-a22f-02fc00000001:1-81809
2026-09-26 15:16:15.915 UTC INF workflow/traffic_switcher.go:994 Updating vreplication stream entry on cell:"zone1" uid:100 with: update _vt.vreplication set cell = 'zone1', tablet_types = 'replica,primary', options = '{"sharded_auto_increment_handling":1}' where workflow = 'wf_dst2_reverse' and db_name = 'vt_src'
2026-09-26 15:16:15.919 UTC INF workflow/traffic_switcher.go:994 Updating vreplication stream entry on cell:"zone1" uid:100 with: update _vt.vreplication set cell = 'zone1', tablet_types = 'replica,primary', options = '{"sharded_auto_increment_handling":1}' where workflow = 'wf_dst2_reverse' and db_name = 'vt_src'
2026-09-26 15:16:15.931 UTC INF workflow/server.go:3432 Creating journals for workflow dst2.wf_dst2
2026-09-26 15:16:15.931 UTC INF workflow/traffic_switcher.go:712 In createJournals for source workflows []
2026-09-26 15:16:15.931 UTC INF workflow/traffic_switcher.go:748 Creating journal: id:1769964970627498108 tables:"sbtest1" tables:"sbtest2" local_position:"MySQL56/cea9456f-b9b9-11f1-9103-02fc00000001:1-166099" shard_gtids:{keyspace:"dst2" shard:"-80" gtid:"MySQL56/ceaa057f-b9b9-11f1-a22f-02fc00000001:1-81809"} shard_gtids:{keyspace:"dst2" shard:"80-" gtid:"MySQL56/cead245f-b9b9-11f1-a737-02fc00000001:1-79968"} participants:{keyspace:"src" shard:"0"}
2026-09-26 15:16:15.934 UTC INF workflow/server.go:3436 Created journals for workflow dst2.wf_dst2
2026-09-26 15:16:15.934 UTC INF workflow/server.go:3441 Writes on target for workflow dst2.wf_dst2 were allowed when source writes were stopped
2026-09-26 15:16:15.934 UTC INF workflow/server.go:3450 Updating routing rules for workflow dst2.wf_dst2
2026-09-26 15:16:15.935 UTC INF workflow/traffic_switcher.go:812 Deleted routing: dst2.sbtest1
2026-09-26 15:16:15.935 UTC INF workflow/traffic_switcher.go:815 Added routing: sbtest1 src.sbtest1
2026-09-26 15:16:15.935 UTC INF workflow/traffic_switcher.go:812 Deleted routing: dst2.sbtest2
2026-09-26 15:16:15.935 UTC INF workflow/traffic_switcher.go:815 Added routing: sbtest2 src.sbtest2
2026-09-26 15:16:15.935 UTC INF topotools/routing_rules.go:59 Saving routing rules map[dst2.sbtest1@rdonly:[dst2.sbtest1] dst2.sbtest1@replica:[dst2.sbtest1] dst2.sbtest2@rdonly:[dst2.sbtest2] dst2.sbtest2@replica:[dst2.sbtest2] sbtest1:[dst2.sbtest1] sbtest1@rdonly:[dst2.sbtest1] sbtest1@replica:[dst2.sbtest1] sbtest2:[dst2.sbtest2] sbtest2@rdonly:[dst2.sbtest2] sbtest2@replica:[dst2.sbtest2] src.sbtest1:[dst2.sbtest1] src.sbtest1@rdonly:[dst2.sbtest1] src.sbtest1@replica:[dst2.sbtest1] src.sbtest2:[dst2.sbtest2] src.sbtest2@rdonly:[dst2.sbtest2] src.sbtest2@replica:[dst2.sbtest2]]

2026-09-26 15:16:15.942 UTC INF workflow/server.go:3454 Updated routing rules for workflow dst2.wf_dst2
2026-09-26 15:16:15.942 UTC INF workflow/server.go:3456 Finalizing stream migrations for workflow dst2.wf_dst2
2026-09-26 15:16:15.942 UTC INF workflow/server.go:3460 Finalized stream migrations for workflow dst2.wf_dst2
2026-09-26 15:16:15.942 UTC INF workflow/server.go:3463 Starting reverse workflow wf_dst2_reverse on keyspace src
2026-09-26 15:16:15.950 UTC INF workflow/server.go:3467 Started reverse workflow wf_dst2_reverse on keyspace src
2026-09-26 15:16:15.950 UTC INF workflow/server.go:3473 Marking workflow frozen dst2.wf_dst2
2026-09-26 15:16:15.950 UTC INF workflow/traffic_switcher.go:1222 Marking target streams frozen for workflow wf_dst2 db_name vt_dst2
2026-09-26 15:16:15.950 UTC INF workflow/traffic_switcher.go:1222 Marking target streams frozen for workflow wf_dst2 db_name vt_dst2
2026-09-26 15:16:15.969 UTC INF workflow/server.go:3477 Marked workflow frozen dst2.wf_dst2
2026-09-26 15:16:15.969 UTC INF workflow/server.go:3479 Switch writes completed for workflow dst2.wf_dst2
2026-09-26 15:16:15.969 UTC INF topo/locks.go:219 Unlocking keyspace dst2 for successful action SwitchWrites
2026-09-26 15:16:15.973 UTC INF topo/locks.go:219 Unlocking keyspace src for successful action SwitchWrites
2026-09-26 15:16:15.975 UTC INF workflow/server.go:2911 Switch Writes done for workflow dst2.wf_dst2
2026-09-26 15:16:15.976 UTC INF workflow/server.go:2926 SwitchTraffic done for workflow dst2.wf_dst2
2026-09-26 15:16:15.976 UTC INF workflow/server.go:2933 SwitchTraffic done for workflow dst2.wf_dst2
2026-09-26 15:16:15.976 UTC INF workflow/server.go:2938 Before reloading workflow state after switching traffic: Reads Not Switched. Writes Not Switched

2026-09-26 15:16:15.990 UTC INF workflow/server.go:2360 Migration ID for workflow wf_dst2: 1769964970627498108
2026-09-26 15:16:16.002 UTC INF workflow/server.go:2954 SwitchTraffic done for workflow dst2.wf_dst2, returning response summary:"SwitchTraffic was successful for workflow dst2.wf_dst2" start_state:"Reads Not Switched. Writes Not Switched" current_state:"All Reads Switched. Writes Switched"
2026-09-26 15:16:16.002 UTC INF topo/locks.go:219 Unlocking named dst2/wf_dst2 for successful action WorkflowSwitchTraffic
