ab2-base-r1-p1 switchtraffic rc=0 cmd=2.508960831s gap=2.281640183s err=0 load=3.73 | gap=2282ms gap_start=  +18 gap_end_after_routed=  +5 | stopw=  20 locks= 216(n2) catch=2011 rev=  23 journ=   2 allow=  15 route=   6
ab2-base-r1-p1 reversetraffic rc=0 cmd=.526990193s gap=302.410256ms err=0 load=3.54 | gap= 302ms gap_start=  +19 gap_end_after_routed= +10 | stopw=  17 locks= 219(n2) catch=  14 rev=  27 journ=   5 allow=  20 route=   6
ab2-base-r1-p2 switchtraffic rc=0 cmd=.476932227s gap=289.837578ms err=0 load=4.15 | gap= 290ms gap_start=  +16 gap_end_after_routed= +13 | stopw=  18 locks= 213(n2) catch=  11 rev=  25 journ=   3 allow=  14 route=   6
ab2-base-r1-p2 reversetraffic rc=0 cmd=.596021303s gap=300.945348ms err=0 load=7.07 | gap= 301ms gap_start=  +26 gap_end_after_routed=  +7 | stopw=  25 locks= 221(n2) catch=  13 rev=  26 journ=   5 allow=  17 route=   5
ab2-ref-r1-p1 switchtraffic rc=0 cmd=.664072920s gap=400.170747ms err=0 load=6.02 | gap= 400ms gap_start=  +22 gap_end_after_routed= +10 | stopw=  22 locks= 218(n2) catch= 112 rev=  29 journ=   5 allow=  18 route=   6
ab2-ref-r1-p1 reversetraffic rc=0 cmd=.489211345s gap=282.725565ms err=0 load=3.72 | gap= 283ms gap_start=  +15 gap_end_after_routed=  +8 | stopw=  15 locks= 216(n2) catch=  12 rev=  21 journ=   4 allow=  14 route=   6
ab2-ref-r1-p2 switchtraffic rc=0 cmd=.785149674s gap=399.427322ms err=0 load=4.61 | gap= 399ms gap_start=  +33 gap_end_after_routed= +11 | stopw=  32 locks= 221(n2) catch= 111 rev=  27 journ=   5 allow=  16 route=   6
ab2-ref-r1-p2 reversetraffic rc=0 cmd=.497569120s gap=291.179316ms err=0 load=5.76 | gap= 291ms gap_start=  +24 gap_end_after_routed= +13 | stopw=  25 locks= 215(n2) catch=  14 rev=  21 journ=   4 allow=  13 route=   6
ab2-new-r1-p1 switchtraffic rc=0 cmd=.368068036s gap=161.452661ms err=0 load=4.07 | gap= 161ms gap_start=  +18 gap_end_after_routed=  +6 | stopw=  19 locks= 110(n2) catch=  10 rev=  22 journ=   3 allow=   0 route=   6
ab2-new-r1-p1 reversetraffic rc=0 cmd=.399068473s gap=197.0791ms err=0 load=3.99 | gap= 197ms gap_start=   +7 gap_end_after_routed=  +8 | stopw=  13 locks= 111(n2) catch=  16 rev=  36 journ=   7 allow=   0 route=  10
ab2-new-r1-p2 switchtraffic rc=0 cmd=.495388064s gap=272.062213ms err=0 load=3.38 | gap= 272ms gap_start=  +16 gap_end_after_routed=  +7 | stopw=  14 locks= 107(n2) catch= 114 rev=  33 journ=   4 allow=   0 route=   7
ab2-new-r1-p2 reversetraffic rc=0 cmd=.421962888s gap=180.40189ms err=0 load=4.22 | gap= 180ms gap_start=  +15 gap_end_after_routed=  +6 | stopw=  20 locks= 107(n2) catch=  14 rev=  29 journ=   5 allow=   0 route=  11
ab2-new2-r1-p1 switchtraffic rc=0 cmd=.367800415s gap=172.818928ms err=0 load=3.01 | gap= 173ms gap_start=  +15 gap_end_after_routed=  +8 | stopw=  19 locks= 107(n2) catch=  15 rev=  24 journ=   4 allow=   0 route=   9
ab2-new2-r1-p1 reversetraffic rc=0 cmd=.424022380s gap=173.277615ms err=0 load=2.79 | gap= 173ms gap_start=  +33 gap_end_after_routed=  +7 | stopw=  33 locks= 111(n2) catch=  17 rev=  24 journ=   5 allow=   0 route=   7
ab2-new2-r1-p2 switchtraffic rc=0 cmd=.406579870s gap=170.711816ms err=0 load=3.13 | gap= 171ms gap_start=  +16 gap_end_after_routed= +16 | stopw=  18 locks= 105(n2) catch=  10 rev=  26 journ=   3 allow=   0 route=   6
ab2-new2-r1-p2 reversetraffic rc=0 cmd=.412213196s gap=172.797789ms err=0 load=2.81 | gap= 173ms gap_start=  +26 gap_end_after_routed=  +8 | stopw=  26 locks= 106(n2) catch=  14 rev=  28 journ=   4 allow=   0 route=  10
ab2-base-r2-p1 switchtraffic rc=0 cmd=.559207370s gap=312.631185ms err=0 load=4.45 | gap= 313ms gap_start=  +30 gap_end_after_routed= +19 | stopw=  28 locks= 221(n2) catch=  16 rev=  29 journ=   3 allow=  16 route=   8
ab2-base-r2-p1 reversetraffic rc=0 cmd=.605169816s gap=321.862593ms err=0 load=3.92 | gap= 322ms gap_start=  +15 gap_end_after_routed=  +7 | stopw=  17 locks= 218(n2) catch=  21 rev=  31 journ=  15 allow=  18 route=   7
ab2-base-r2-p2 switchtraffic rc=0 cmd=2.660110642s gap=2.304278184s err=0 load=3.58 | gap=2304ms gap_start=  +37 gap_end_after_routed=  +5 | stopw=  31 locks= 221(n2) catch=2015 rev=  33 journ=   3 allow=  18 route=  11
ab2-base-r2-p2 reversetraffic rc=0 cmd=.519350757s gap=320.319856ms err=0 load=3.33 | gap= 320ms gap_start=  +19 gap_end_after_routed= +12 | stopw=  20 locks= 231(n2) catch=  16 rev=  24 journ=   4 allow=  24 route=   5
ab2-ref-r2-p1 switchtraffic rc=0 cmd=.602981960s gap=393.961263ms err=0 load=2.16 | gap= 394ms gap_start=  +17 gap_end_after_routed= +16 | stopw=  20 locks= 219(n2) catch= 110 rev=  23 journ=   3 allow=  13 route=   5
ab2-ref-r2-p1 reversetraffic rc=0 cmd=.539605573s gap=310.561364ms err=0 load=2.31 | gap= 311ms gap_start=  +16 gap_end_after_routed= +12 | stopw=  17 locks= 221(n2) catch=  14 rev=  22 journ=   6 allow=  24 route=   8
ab2-ref-r2-p2 switchtraffic rc=0 cmd=.551022459s gap=288.261747ms err=0 load=2.97 | gap= 288ms gap_start=  +18 gap_end_after_routed=  +8 | stopw=  21 locks= 217(n2) catch=  11 rev=  26 journ=   3 allow=  13 route=   5
ab2-ref-r2-p2 reversetraffic rc=0 cmd=.562378044s gap=311.561372ms err=0 load=3.70 | gap= 312ms gap_start=  +20 gap_end_after_routed= +11 | stopw=  22 locks= 220(n2) catch=  15 rev=  27 journ=   5 allow=  21 route=   8
ab2-new-r2-p1 switchtraffic rc=0 cmd=.511943922s gap=260.440505ms err=0 load=6.05 | gap= 260ms gap_start=  +29 gap_end_after_routed=  +8 | stopw=  21 locks= 112(n2) catch= 112 rev=  23 journ=   3 allow=   0 route=   7
ab2-new-r2-p1 reversetraffic rc=0 cmd=.400987254s gap=170.850958ms err=0 load=5.34 | gap= 171ms gap_start=  +23 gap_end_after_routed= +10 | stopw=  25 locks= 109(n2) catch=  12 rev=  22 journ=   5 allow=   0 route=   9
ab2-new-r2-p2 switchtraffic rc=0 cmd=.387594579s gap=168.782116ms err=0 load=5.35 | gap= 169ms gap_start=  +17 gap_end_after_routed= +13 | stopw=  18 locks= 107(n2) catch=  13 rev=  23 journ=   3 allow=   0 route=   7
ab2-new-r2-p2 reversetraffic rc=0 cmd=.449940784s gap=180.819583ms err=0 load=4.60 | gap= 181ms gap_start=  +18 gap_end_after_routed= +12 | stopw=  20 locks= 107(n2) catch=  12 rev=  30 journ=   5 allow=   0 route=   9
ab2-new2-r2-p1 switchtraffic rc=0 cmd=.411912078s gap=172.869065ms err=0 load=5.32 | gap= 173ms gap_start=  +19 gap_end_after_routed= +12 | stopw=  21 locks= 109(n2) catch=  17 rev=  21 journ=   3 allow=   0 route=   7
ab2-new2-r2-p1 reversetraffic rc=0 cmd=.383909762s gap=168.38723ms err=0 load=5.41 | gap= 168ms gap_start=  +24 gap_end_after_routed=  +8 | stopw=  24 locks= 108(n2) catch=  13 rev=  25 journ=   4 allow=   0 route=   8
ab2-new2-r2-p2 switchtraffic rc=0 cmd=.397973424s gap=179.999824ms err=0 load=4.60 | gap= 180ms gap_start=   +8 gap_end_after_routed=  +6 | stopw=  13 locks= 107(n2) catch=  18 rev=  29 journ=   4 allow=   0 route=   8
ab2-new2-r2-p2 reversetraffic rc=0 cmd=.384820847s gap=172.891421ms err=0 load=4.68 | gap= 173ms gap_start=  +21 gap_end_after_routed= +12 | stopw=  18 locks= 107(n2) catch=  12 rev=  28 journ=   6 allow=   0 route=   7
ab2-base-r3-p1 switchtraffic rc=0 cmd=2.536167472s gap=2.280228877s err=0 load=2.47 | gap=2280ms gap_start=  +17 gap_end_after_routed=  +9 | stopw=  17 locks= 215(n2) catch=2012 rev=  22 journ=   3 allow=  13 route=   5
ab2-base-r3-p1 reversetraffic rc=0 cmd=.508119664s gap=298.826551ms err=0 load=2.70 | gap= 299ms gap_start=  +18 gap_end_after_routed=  +5 | stopw=  19 locks= 221(n2) catch=  14 rev=  26 journ=   4 allow=  20 route=   5
ab2-base-r3-p2 switchtraffic rc=0 cmd=.493226400s gap=278.849635ms err=0 load=3.66 | gap= 279ms gap_start=  +18 gap_end_after_routed=  +6 | stopw=  17 locks= 217(n2) catch=  10 rev=  23 journ=   3 allow=  13 route=   5
ab2-base-r3-p2 reversetraffic rc=0 cmd=.552228546s gap=290.879396ms err=0 load=4.45 | gap= 291ms gap_start=  +21 gap_end_after_routed=  +9 | stopw=  23 locks= 216(n2) catch=  12 rev=  21 journ=   6 allow=  17 route=   5
ab2-ref-r3-p1 switchtraffic rc=0 cmd=.495138858s gap=286.349639ms err=0 load=3.20 | gap= 286ms gap_start=  +15 gap_end_after_routed=  +9 | stopw=  16 locks= 215(n2) catch=  11 rev=  26 journ=   3 allow=  13 route=   6
ab2-ref-r3-p1 reversetraffic rc=0 cmd=.476598876s gap=288.717913ms err=0 load=2.97 | gap= 289ms gap_start=  +22 gap_end_after_routed= +13 | stopw=  18 locks= 218(n2) catch=  12 rev=  21 journ=   5 allow=  16 route=   5
ab2-ref-r3-p2 switchtraffic rc=0 cmd=.574624897s gap=380.310979ms err=0 load=2.75 | gap= 380ms gap_start=  +16 gap_end_after_routed=  +7 | stopw=  15 locks= 215(n2) catch= 110 rev=  23 journ=   2 allow=  14 route=   8
ab2-ref-r3-p2 reversetraffic rc=0 cmd=.486803497s gap=285.397883ms err=0 load=2.29 | gap= 285ms gap_start=  +25 gap_end_after_routed=  +5 | stopw=  23 locks= 217(n2) catch=  12 rev=  23 journ=   3 allow=  18 route=   6
ab2-new-r3-p1 switchtraffic rc=0 cmd=.411712936s gap=181.389752ms err=0 load=2.80 | gap= 181ms gap_start=  +25 gap_end_after_routed= +15 | stopw=  27 locks= 109(n2) catch=  11 rev=  31 journ=   3 allow=   0 route=   7
ab2-new-r3-p1 reversetraffic rc=0 cmd=.423673450s gap=168.450503ms err=0 load=2.53 | gap= 168ms gap_start=  +21 gap_end_after_routed=  +5 | stopw=  18 locks= 110(n2) catch=  13 rev=  26 journ=   5 allow=   0 route=   9
ab2-new-r3-p2 switchtraffic rc=0 cmd=.489176756s gap=268.633057ms err=0 load=2.29 | gap= 269ms gap_start=  +18 gap_end_after_routed= +13 | stopw=  21 locks= 105(n2) catch= 111 rev=  25 journ=   3 allow=   0 route=   6
ab2-new-r3-p2 reversetraffic rc=0 cmd=.376227658s gap=173.17101ms err=0 load=3.22 | gap= 173ms gap_start=  +11 gap_end_after_routed= +11 | stopw=  15 locks= 108(n2) catch=  13 rev=  22 journ=   4 allow=   0 route=   8
ab2-new2-r3-p1 switchtraffic rc=0 cmd=.411839319s gap=181.639792ms err=0 load=2.88 | gap= 182ms gap_start=  +15 gap_end_after_routed= +14 | stopw=  18 locks= 108(n2) catch=  12 rev=  31 journ=   3 allow=   0 route=   8
ab2-new2-r3-p1 reversetraffic rc=0 cmd=.382022790s gap=166.04629ms err=0 load=4.76 | gap= 166ms gap_start=  +27 gap_end_after_routed=  +8 | stopw=  22 locks= 110(n2) catch=  13 rev=  22 journ=   6 allow=   0 route=   9
ab2-new2-r3-p2 switchtraffic rc=0 cmd=.370476891s gap=159.545118ms err=0 load=4.59 | gap= 160ms gap_start=  +22 gap_end_after_routed=  +9 | stopw=  19 locks= 105(n2) catch=  16 rev=  22 journ=   2 allow=   0 route=   7
ab2-new2-r3-p2 reversetraffic rc=0 cmd=.415049778s gap=170.101017ms err=0 load=4.26 | gap= 170ms gap_start=  +18 gap_end_after_routed=  +4 | stopw=  15 locks= 107(n2) catch=  16 rev=  24 journ=   3 allow=   0 route=  15
