mm2000b-new-r1 tables=2000 create=23.305775854s dur=163.801752697s per-table=.081s load: 1.82, 3.42, 3.76
  src mysqld: Connections=52353 Questions=351433  -> Connections=64429 Questions=423579 
  tgt mysqld: Com_insert=55841 Com_select=412906 Com_update=287 Connections=39310 Questions=770803  -> Com_insert=67850 Com_select=495563 Com_update=297 Connections=45669 Questions=913871 
  vtgate            0.39 s     0.2 ms/table
  vtctld            1.39 s     0.7 ms/table
  vttablet_100      1.73 s     0.9 ms/table
  mysqld_100        0.69 s     0.3 ms/table
  vttablet_101      1.45 s     0.7 ms/table
  mysqld_101        1.40 s     0.7 ms/table
  vttablet_102      1.63 s     0.8 ms/table
  mysqld_102        1.38 s     0.7 ms/table
  vttablet_103     14.46 s     7.2 ms/table
  mysqld_103       56.14 s    28.1 ms/table
  vttablet_104     28.94 s    14.5 ms/table
  mysqld_104      100.83 s    50.4 ms/table
cancel failed
  cancel=46.877726383s
{"time":"2026-09-26T15:44:02.948570348Z","level":"ERROR","source":{"function":"main.main","file":"/home/user/vitess/go/cmd/vtctldclient/main.go","line":63},"msg":"rpc error: code = Unknown desc = workflow wfm already exists in keyspace mdst on tablet zone1-0000000104"}
  cancel=4.711333297s
mm2000b-ref-r1 tables=2000 create=20.930203823s dur=172.502377839s per-table=.086s load: 1.76, 2.62, 3.35
  src mysqld: Connections=64519 Questions=441874  -> Connections=76596 Questions=514021 
  tgt mysqld: Com_insert=69861 Com_select=513744 Com_update=310 Connections=49738 Questions=964226  -> Com_insert=81870 Com_select=596436 Com_update=319 Connections=56119 Questions=1107350 
  vtgate            0.37 s     0.2 ms/table
  vtctld            1.32 s     0.7 ms/table
  vttablet_100      1.34 s     0.7 ms/table
  mysqld_100        0.65 s     0.3 ms/table
  vttablet_101      1.17 s     0.6 ms/table
  mysqld_101        1.42 s     0.7 ms/table
  vttablet_102      1.50 s     0.8 ms/table
  mysqld_102        1.39 s     0.7 ms/table
  vttablet_103     14.01 s     7.0 ms/table
  mysqld_103       51.50 s    25.7 ms/table
  vttablet_104     51.20 s    25.6 ms/table
  mysqld_104       95.47 s    47.7 ms/table
cancel failed
  cancel=46.048546993s
