mm2000d-new5-r1 tables=2000 create=21.117352811s dur=111.859544294s per-table=.055s load: 2.99, 3.17, 3.36
  src mysqld: Connections=100945 Questions=670872  -> Connections=112997 Questions=742970 
  tgt mysqld: Com_insert=109916 Com_select=797828 Com_update=367 Connections=78903 Questions=1503844  -> Com_insert=121925 Com_select=880260 Com_update=374 Connections=85142 Questions=1646564 
  vtgate            0.32 s     0.2 ms/table
  vtctld            1.29 s     0.6 ms/table
  vttablet_100      0.89 s     0.4 ms/table
  mysqld_100        0.42 s     0.2 ms/table
  vttablet_101      0.75 s     0.4 ms/table
  mysqld_101        0.91 s     0.5 ms/table
  vttablet_102      0.83 s     0.4 ms/table
  mysqld_102        0.90 s     0.4 ms/table
  vttablet_103     11.45 s     5.7 ms/table
  mysqld_103       20.52 s    10.3 ms/table
  vttablet_104     24.59 s    12.3 ms/table
  mysqld_104       81.43 s    40.7 ms/table
  cancel=11.816148867s
mm2000d-new4-r1 tables=2000 create=28.204081833s dur=129.703063798s per-table=.064s load: 3.42, 3.95, 3.68
  src mysqld: Connections=113023 Questions=747092  -> Connections=125087 Questions=819214 
  tgt mysqld: Com_insert=121931 Com_select=880323 Com_update=380 Connections=87169 Questions=1656716  -> Com_insert=133940 Com_select=962817 Com_update=389 Connections=93432 Questions=1799524 
  vtgate            0.32 s     0.2 ms/table
  vtctld            1.40 s     0.7 ms/table
  vttablet_100      1.15 s     0.6 ms/table
  mysqld_100        0.49 s     0.2 ms/table
  vttablet_101      1.00 s     0.5 ms/table
  mysqld_101        1.05 s     0.5 ms/table
  vttablet_102      1.09 s     0.5 ms/table
  mysqld_102        1.03 s     0.5 ms/table
  vttablet_103     11.69 s     5.8 ms/table
  mysqld_103       21.09 s    10.5 ms/table
  vttablet_104     26.67 s    13.3 ms/table
  mysqld_104       96.25 s    48.1 ms/table
  cancel=11.404121953s
mm2000d-new5-r1 tables=2000 create=21.947513115s dur=109.060649261s per-table=.054s load: 2.01, 3.43, 3.54
  src mysqld: Connections=125120 Questions=823330  -> Connections=137174 Questions=895454 
  tgt mysqld: Com_insert=133946 Com_select=962880 Com_update=395 Connections=95459 Questions=1809676  -> Com_insert=145955 Com_select=1045317 Com_update=404 Connections=101692 Questions=1952397 
  vtgate            0.27 s     0.1 ms/table
  vtctld            1.22 s     0.6 ms/table
  vttablet_100      0.81 s     0.4 ms/table
  mysqld_100        0.43 s     0.2 ms/table
  vttablet_101      0.88 s     0.4 ms/table
  mysqld_101        0.88 s     0.4 ms/table
  vttablet_102      0.82 s     0.4 ms/table
  mysqld_102        0.87 s     0.4 ms/table
  vttablet_103     11.84 s     5.9 ms/table
  mysqld_103       21.00 s    10.5 ms/table
  vttablet_104     24.51 s    12.3 ms/table
  mysqld_104       81.70 s    40.8 ms/table
  cancel=11.458754398s
